MPLINK 5.00, LINKER
Linker Map File - Created Fri Nov 20 16:40:55 2015

                                 Section Info
                  Section       Type    Address   Location Size(Bytes)
                ---------  ---------  ---------  ---------  ---------
               _entry_scn       code   0x000000    program   0x000006
       .code__user_putc.o       code   0x000006    program   0x000002
               highVector       code   0x000008    program   0x000006
           .romdata_spi.o    romdata   0x00000e    program   0x000008
           .code___init.o       code   0x000016    program   0x000002
               lowhVector       code   0x000018    program   0x000006
                   .cinit    romdata   0x00001e    program   0x000062
          .code_MiWiPRO.o       code   0x000080    program   0x007390
        .code_ENDDEVICE.o       code   0x007410    program   0x001372
          .code_MRF89XA.o       code   0x008782    program   0x00111a
         .code_vfprintf.o       code   0x00989c    program   0x000c22
       .code_eeprom25xx.o       code   0x00a4be    program   0x000952
           .code_st7032.o       code   0x00ae10    program   0x00059c
                     PROG       code   0x00b3ac    program   0x00056a
             .stringtable    romdata   0x00b916    program   0x000454
            .code_gpios.o       code   0x00bd6a    program   0x0002c2
      .code_LCDBlocking.o       code   0x00c02c    program   0x000242
  .code_HardwareProfile.o       code   0x00c26e    program   0x000232
           .code_delays.o       code   0x00c4a0    program   0x000224
        .code_TimeDelay.o       code   0x00c6c4    program   0x000224
              .code_NVM.o       code   0x00c8e8    program   0x0001a6
  .code_SST_SerialFlash.o       code   0x00ca8e    program   0x000192
       .code_MAC_EEProm.o       code   0x00cc20    program   0x000188
          .code_Console.o       code   0x00cda8    program   0x000188
              .code_spi.o       code   0x00cf30    program   0x00017a
           .code_system.o       code   0x00d0aa    program   0x0000fc
       .code_SymbolTime.o       code   0x00d1a6    program   0x0000c0
          .code_sprintf.o       code   0x00d266    program   0x0000ac
              .code_adc.o       code   0x00d312    program   0x0000a4
               _cinit_scn       code   0x00d3b6    program   0x00009e
                   STRING       code   0x00d454    program   0x00009a
             .code_putc.o       code   0x00d4ee    program   0x000084
       .romdata_MRF89XA.o    romdata   0x00d572    program   0x000080
           .code_u2open.o       code   0x00d5f2    program   0x000078
           .code_u1open.o       code   0x00d66a    program   0x000072
          .code_fxm3232.o       code   0x00d6dc    program   0x000070
             .code_MSPI.o       code   0x00d74c    program   0x000066
           .code_t1open.o       code   0x00d7b2    program   0x000054
         .code_fxd3232u.o       code   0x00d806    program   0x000048
       .romdata_MiWiPRO.o    romdata   0x00d84e    program   0x00003c
          .code_t1write.o       code   0x00d88a    program   0x000038
         .code_fxd1616u.o       code   0x00d8c2    program   0x00002c
                    CTYPE       code   0x00d8ee    program   0x000024
           .code_u2baud.o       code   0x00d912    program   0x000022
           .code_u1baud.o       code   0x00d934    program   0x000022
                    .code       code   0x00d956    program   0x000020
             _startup_scn       code   0x00d976    program   0x00001c
                    STDIO       code   0x00d992    program   0x00001c
         .code_fxd0808u.o       code   0x00d9ae    program   0x00001c
      .romdata_vfprintf.o    romdata   0x00d9ca    program   0x000011
       .romdata_Console.o    romdata   0x00d9db    program   0x000010
      .romdata_fxd0808u.o    romdata   0x00d9eb    program   0x000000
        .idata_u1baud.o_i    romdata   0x00d9eb    program   0x000000
      .romdata_security.o    romdata   0x00d9eb    program   0x000000
        .romdata_u1baud.o    romdata   0x00d9eb    program   0x000000
           .romdata_crc.o    romdata   0x00d9eb    program   0x000000
        .idata_u2baud.o_i    romdata   0x00d9eb    program   0x000000
        .romdata_u2baud.o    romdata   0x00d9eb    program   0x000000
    .romdata_SymbolTime.o    romdata   0x00d9eb    program   0x000000
    .romdata__user_putc.o    romdata   0x00d9eb    program   0x000000
          .romdata_putc.o    romdata   0x00d9eb    program   0x000000
       .romdata_sprintf.o    romdata   0x00d9eb    program   0x000000
      .romdata_fxd1616u.o    romdata   0x00d9eb    program   0x000000
      .idata_vfprintf.o_i    romdata   0x00d9eb    program   0x000000
       .romdata_fxm3232.o    romdata   0x00d9eb    program   0x000000
        .romdata___init.o    romdata   0x00d9eb    program   0x000000
       .romdata_t1write.o    romdata   0x00d9eb    program   0x000000
        .idata_u1open.o_i    romdata   0x00d9eb    program   0x000000
       .idata_t1write.o_i    romdata   0x00d9eb    program   0x000000
        .romdata_u1open.o    romdata   0x00d9eb    program   0x000000
        .romdata_t1open.o    romdata   0x00d9eb    program   0x000000
      .romdata_fxd3232u.o    romdata   0x00d9eb    program   0x000000
        .idata_u2open.o_i    romdata   0x00d9eb    program   0x000000
        .romdata_u2open.o    romdata   0x00d9eb    program   0x000000
        .idata_t1open.o_i    romdata   0x00d9eb    program   0x000000
          .romdata_MiWi.o    romdata   0x00d9eb    program   0x000000
        .idata_system.o_i    romdata   0x00d9eb    program   0x000050
         .romdata_gpios.o    romdata   0x00d9eb    program   0x000000
    .romdata_eeprom25xx.o    romdata   0x00d9eb    program   0x000000
        .romdata_st7032.o    romdata   0x00d9eb    program   0x000000
           .romdata_P2P.o    romdata   0x00d9eb    program   0x000000
        .romdata_delays.o    romdata   0x00d9eb    program   0x000000
     .romdata_ENDDEVICE.o    romdata   0x00d9eb    program   0x000000
     .romdata_TimeDelay.o    romdata   0x00d9eb    program   0x000000
    .romdata_MAC_EEProm.o    romdata   0x00d9eb    program   0x000000
   .romdata_LCDBlocking.o    romdata   0x00d9eb    program   0x000000
        .romdata_EEPROM.o    romdata   0x00d9eb    program   0x000000
        .romdata_system.o    romdata   0x00d9eb    program   0x000000
.romdata_HardwareProfile.o    romdata   0x00d9eb    program   0x000000
          .romdata_MSPI.o    romdata   0x00d9eb    program   0x000000
.romdata_SST_SerialFlash.o    romdata   0x00d9eb    program   0x000000
         .romdata_c018i.o    romdata   0x00d9eb    program   0x000000
           .romdata_NVM.o    romdata   0x00d9eb    program   0x000000
           .romdata_adc.o    romdata   0x00d9eb    program   0x000000
        .idata_st7032.o_i    romdata   0x00da3b    program   0x000020
       .idata_sprintf.o_i    romdata   0x00da5b    program   0x000000
           .idata_spi.o_i    romdata   0x00da5b    program   0x000012
         .idata_gpios.o_i    romdata   0x00da6d    program   0x00001e
      .idata_security.o_i    romdata   0x00da6d    program   0x000000
          .idata_putc.o_i    romdata   0x00da6d    program   0x000000
       .idata_fxm3232.o_i    romdata   0x00da8b    program   0x000000
      .idata_fxd1616u.o_i    romdata   0x00da8b    program   0x000000
    .idata_eeprom25xx.o_i    romdata   0x00da8b    program   0x00000c
      .idata_fxd0808u.o_i    romdata   0x00da8b    program   0x000000
      .idata_fxd3232u.o_i    romdata   0x00da8b    program   0x000000
        .idata_delays.o_i    romdata   0x00da97    program   0x000000
        .idata___init.o_i    romdata   0x00da97    program   0x000000
    .idata__user_putc.o_i    romdata   0x00da97    program   0x000000
           .idata_adc.o_i    romdata   0x00da97    program   0x000000
         .idata_c018i.o_i    romdata   0x00da97    program   0x000000
    .idata_SymbolTime.o_i    romdata   0x00da97    program   0x000000
           .idata_NVM.o_i    romdata   0x00da97    program   0x000000
           .idata_crc.o_i    romdata   0x00da97    program   0x000000
           .idata_P2P.o_i    romdata   0x00da97    program   0x000000
       .idata_MiWiPRO.o_i    romdata   0x00da97    program   0x000009
.idata_SST_SerialFlash.o_i    romdata   0x00da97    program   0x000000
     .idata_TimeDelay.o_i    romdata   0x00da97    program   0x000000
          .idata_MiWi.o_i    romdata   0x00daa0    program   0x000000
       .idata_MRF89XA.o_i    romdata   0x00daa0    program   0x000002
          .idata_MSPI.o_i    romdata   0x00daa0    program   0x000000
   .idata_LCDBlocking.o_i    romdata   0x00daa2    program   0x000000
     .idata_ENDDEVICE.o_i    romdata   0x00daa2    program   0x00001d
    .idata_MAC_EEProm.o_i    romdata   0x00daa2    program   0x000000
.idata_HardwareProfile.o_i    romdata   0x00daa2    program   0x000000
       .idata_Console.o_i    romdata   0x00dabf    program   0x000000
        .idata_EEPROM.o_i    romdata   0x00dabf    program   0x000000
            .code_c018i.o       code   0x00dac0    program   0x000000
           .code_EEPROM.o       code   0x00dac0    program   0x000000
              .code_crc.o       code   0x00dac0    program   0x000000
         .code_security.o       code   0x00dac0    program   0x000000
              .code_P2P.o       code   0x00dac0    program   0x000000
             .code_MiWi.o       code   0x00dac0    program   0x000000
.config_1fff8_HardwareProfile.o    romdata   0x01fff8    program   0x000001
.config_1fff9_HardwareProfile.o    romdata   0x01fff9    program   0x000001
.config_1fffa_HardwareProfile.o    romdata   0x01fffa    program   0x000001
.config_1fffb_HardwareProfile.o    romdata   0x01fffb    program   0x000001
.config_1fffc_HardwareProfile.o    romdata   0x01fffc    program   0x000001
.config_1fffd_HardwareProfile.o    romdata   0x01fffd    program   0x000001
.config_1fffe_HardwareProfile.o    romdata   0x01fffe    program   0x000001
.config_1ffff_HardwareProfile.o    romdata   0x01ffff    program   0x000001
                MATH_DATA      udata   0x000000       data   0x000014
                 .tmpdata      udata   0x000014       data   0x00000d
              HighISR_tmp      udata   0x000021       data   0x000004
       __CONNECTION_TABLE      udata   0x000060       data   0x0000a0
         .udata_MiWiPRO.o      udata   0x000100       data   0x0000dc
     .udata_LCDBlocking.o      udata   0x0001dc       data   0x000021
      .udata_eeprom25xx.o      udata   0x0001fd       data   0x000001
             .udata_adc.o      udata   0x0001fe       data   0x000001
        .udata_vfprintf.o      udata   0x0001ff       data   0x000000
        .idata_vfprintf.o      idata   0x0001ff       data   0x000000
        .udata_fxd3232u.o      udata   0x0001ff       data   0x000000
        .idata_fxd3232u.o      idata   0x0001ff       data   0x000000
            .udata_putc.o      udata   0x0001ff       data   0x000000
          .udata___init.o      udata   0x0001ff       data   0x000000
            .idata_putc.o      idata   0x0001ff       data   0x000000
        .idata_security.o      idata   0x0001ff       data   0x000000
        .udata_security.o      udata   0x0001ff       data   0x000000
          .idata___init.o      idata   0x0001ff       data   0x000000
             .idata_crc.o      idata   0x0001ff       data   0x000000
             .udata_crc.o      udata   0x0001ff       data   0x000000
          .udata_u1baud.o      udata   0x0001ff       data   0x000000
      .udata__user_putc.o      udata   0x0001ff       data   0x000000
      .idata_SymbolTime.o      idata   0x0001ff       data   0x000000
             .idata_NVM.o      idata   0x0001ff       data   0x000000
      .idata__user_putc.o      idata   0x0001ff       data   0x000000
         .udata_t1write.o      udata   0x0001ff       data   0x000000
          .idata_t1open.o      idata   0x0001ff       data   0x000000
          .udata_t1open.o      udata   0x0001ff       data   0x000000
          .idata_u2open.o      idata   0x0001ff       data   0x000000
          .udata_u2open.o      udata   0x0001ff       data   0x000000
          .idata_u1open.o      idata   0x0001ff       data   0x000000
          .udata_u1open.o      udata   0x0001ff       data   0x000000
         .idata_fxm3232.o      idata   0x0001ff       data   0x000000
         .udata_fxm3232.o      udata   0x0001ff       data   0x000000
        .idata_fxd1616u.o      idata   0x0001ff       data   0x000000
        .udata_fxd1616u.o      udata   0x0001ff       data   0x000000
        .idata_fxd0808u.o      idata   0x0001ff       data   0x000000
        .udata_fxd0808u.o      udata   0x0001ff       data   0x000000
          .idata_u1baud.o      idata   0x0001ff       data   0x000000
          .udata_u2baud.o      udata   0x0001ff       data   0x000000
         .idata_t1write.o      idata   0x0001ff       data   0x000000
          .idata_u2baud.o      idata   0x0001ff       data   0x000000
         .udata_sprintf.o      udata   0x0001ff       data   0x000000
         .idata_sprintf.o      idata   0x0001ff       data   0x000000
           .idata_c018i.o      idata   0x0001ff       data   0x000000
 .idata_HardwareProfile.o      idata   0x0001ff       data   0x000000
      .udata_MAC_EEProm.o      udata   0x0001ff       data   0x000000
      .idata_MAC_EEProm.o      idata   0x0001ff       data   0x000000
          .udata_delays.o      udata   0x0001ff       data   0x000000
          .idata_delays.o      idata   0x0001ff       data   0x000000
           .udata_gpios.o      udata   0x0001ff       data   0x000000
             .udata_spi.o      udata   0x0001ff       data   0x000000
          .udata_system.o      udata   0x0001ff       data   0x000000
             .idata_adc.o      idata   0x0001ff       data   0x000000
 .udata_SST_SerialFlash.o      udata   0x0001ff       data   0x000000
 .idata_SST_SerialFlash.o      idata   0x0001ff       data   0x000000
     .idata_LCDBlocking.o      idata   0x0001ff       data   0x000000
       .udata_TimeDelay.o      udata   0x0001ff       data   0x000000
       .idata_TimeDelay.o      idata   0x0001ff       data   0x000000
          .udata_st7032.o      udata   0x0001ff       data   0x000000
            .udata_MiWi.o      udata   0x0001ff       data   0x000000
            .idata_MSPI.o      idata   0x0001ff       data   0x000000
            .udata_MSPI.o      udata   0x0001ff       data   0x000000
            .idata_MiWi.o      idata   0x0001ff       data   0x000000
          .idata_EEPROM.o      idata   0x0001ff       data   0x000000
          .udata_EEPROM.o      udata   0x0001ff       data   0x000000
         .idata_Console.o      idata   0x0001ff       data   0x000000
             .udata_P2P.o      udata   0x0001ff       data   0x000000
             .idata_P2P.o      idata   0x0001ff       data   0x000000
         .udata_Console.o      udata   0x0001ff       data   0x000000
             MAC_RX_BUFFE      udata   0x000200       data   0x000072
       .udata_ENDDEVICE.o      udata   0x000272       data   0x00006a
          .idata_st7032.o      idata   0x0002dc       data   0x000020
      .udata_SymbolTime.o      udata   0x0002fc       data   0x000004
          .idata_system.o      idata   0x000300       data   0x000050
            MAC_TX_BUFFER      udata   0x000350       data   0x000037
               TRX_BUFFER      udata   0x000387       data   0x00002b
         .udata_MRF89XA.o      udata   0x0003b2       data   0x000027
           .idata_gpios.o      idata   0x0003d9       data   0x00001e
         .idata_MiWiPRO.o      idata   0x0003f7       data   0x000009
       .idata_ENDDEVICE.o      idata   0x000400       data   0x00001d
             .idata_spi.o      idata   0x00041d       data   0x000012
      .idata_eeprom25xx.o      idata   0x00042f       data   0x00000c
           .udata_c018i.o      udata   0x00043b       data   0x00000a
 .udata_HardwareProfile.o      udata   0x000445       data   0x000005
                   .stack      udata   0x000d00       data   0x000100
       RANDOM_SEND_BUFFER      udata   0x000e00       data   0x000096
             .udata_NVM.o      udata   0x000e96       data   0x000018
         .idata_MRF89XA.o      idata   0x000eae       data   0x000002
              SFR_BANKED0      udata   0x000eb8       data   0x000005
              SFR_BANKED1      udata   0x000ebf       data   0x00001a
              SFR_BANKED2      udata   0x000ee1       data   0x000004
              SFR_BANKED3      udata   0x000ee6       data   0x000005
              SFR_BANKED4      udata   0x000ef2       data   0x000003
              SFR_BANKED5      udata   0x000ef7       data   0x000002
              SFR_BANKED6      udata   0x000efc       data   0x000004
              SFR_BANKED7      udata   0x000f00       data   0x000026
              SFR_BANKED8      udata   0x000f3a       data   0x000009
              SFR_BANKED9      udata   0x000f44       data   0x00001c
            SFR_UNBANKED0      udata   0x000f66       data   0x00009a



                              Program Memory Usage 
                               Start         End      
                           ---------   ---------      
                            0x000000    0x00dabe      
                            0x01fff8    0x01ffff      
            56007 out of 131074 program addresses used, program memory utilization is 42%



                              Symbols - Sorted by Name
                     Name    Address   Location    Storage File                     
                ---------  ---------  ---------  --------- ---------                
                 Adc_Init   0x00d312    program     extern C:\CodeBank8\bsp\Microchip\adc\adc.c
              Adc_u16Read   0x00d33a    program     extern C:\CodeBank8\bsp\Microchip\adc\adc.c
    AddNodeToNetworkTable   0x004cda    program     extern C:\microchip_solutions_v2013-06-15\Microchip\WirelessProtocols\MiWiPRO\MiWiPRO.c
                BoardInit   0x00c26e    program     extern C:\Users\INADEM\MPLABXProjects\PLayaBonitaMIWI.X\HardwareProfile.c
          BroadcastJitter   0x000084    program     extern C:\microchip_solutions_v2013-06-15\Microchip\WirelessProtocols\MiWiPRO\MiWiPRO.c
            ButtonPressed   0x00c3b8    program     extern C:\Users\INADEM\MPLABXProjects\PLayaBonitaMIWI.X\HardwareProfile.c
                   Bypass   0x00832e    program     extern C:\Users\INADEM\MPLABXProjects\PLayaBonitaMIWI.X\ENDDEVICE.c
           CharacterArray   0x00d9db    program     extern C:\microchip_solutions_v2013-06-15\Microchip\WirelessProtocols\Console.c
               ConsoleGet   0x00ce0e    program     extern C:\microchip_solutions_v2013-06-15\Microchip\WirelessProtocols\Console.c
              ConsoleInit   0x00cda8    program     extern C:\microchip_solutions_v2013-06-15\Microchip\WirelessProtocols\Console.c
               ConsolePut   0x00cdf4    program     extern C:\microchip_solutions_v2013-06-15\Microchip\WirelessProtocols\Console.c
      ConsolePutROMString   0x00cdba    program     extern C:\microchip_solutions_v2013-06-15\Microchip\WirelessProtocols\Console.c
                Delay10us   0x00c6c4    program     extern C:\microchip_solutions_v2013-06-15\Microchip\Common\TimeDelay.c
                  DelayMs   0x00c7da    program     extern C:\microchip_solutions_v2013-06-15\Microchip\Common\TimeDelay.c
              Delays_10us   0x00c4a0    program     extern C:\CodeBank8\bsp\Microchip\delays\delays.c
                Delays_ms   0x00c5b6    program     extern C:\CodeBank8\bsp\Microchip\delays\delays.c
           DumpConnection   0x003f72    program     extern C:\microchip_solutions_v2013-06-15\Microchip\WirelessProtocols\MiWiPRO\MiWiPRO.c
               EEPROMRead   0x00cc20    program     extern C:\Users\INADEM\MPLABXProjects\PLayaBonitaMIWI.X\MAC_EEProm.c
              EEPROMWRITE   0x00cc74    program     extern C:\Users\INADEM\MPLABXProjects\PLayaBonitaMIWI.X\MAC_EEProm.c
          Eeprom25xx_Init   0x00a4be    program     extern C:\CodeBank8\modules\eeprom25xx\eeprom25xx.c
          Eeprom25xx_Read   0x00a602    program     extern C:\CodeBank8\modules\eeprom25xx\eeprom25xx.c
   Eeprom25xx_SectorErase   0x00abe0    program     extern C:\CodeBank8\modules\eeprom25xx\eeprom25xx.c
         Eeprom25xx_Write   0x00a844    program     extern C:\CodeBank8\modules\eeprom25xx\eeprom25xx.c
  Eeprom25xx_u8ReadStatus   0x00a51c    program     extern C:\CodeBank8\modules\eeprom25xx\eeprom25xx.c
                 FLO0832S   0x00b3b0    program     extern E:\3.46\pic18-lt\cxx-framework\src\traditional\math\cast08FP.asm
                 FLO0832U   0x00b3ac    program     extern E:\3.46\pic18-lt\cxx-framework\src\traditional\math\cast08FP.asm
                 FLO1632S   0x00b3d2    program     extern E:\3.46\pic18-lt\cxx-framework\src\traditional\math\cast16FP.asm
                 FLO1632U   0x00b3ce    program     extern E:\3.46\pic18-lt\cxx-framework\src\traditional\math\cast16FP.asm
                    FPA32   0x00b3fa    program     extern E:\3.46\pic18-lt\cxx-framework\src\traditional\math\addFP.asm
                    FPD32   0x00b526    program     extern E:\3.46\pic18-lt\cxx-framework\src\traditional\math\divFP.asm
                    FPM32   0x00b5cc    program     extern E:\3.46\pic18-lt\cxx-framework\src\traditional\math\mulFP.asm
                    FPS32   0x00b3f8    program     extern E:\3.46\pic18-lt\cxx-framework\src\traditional\math\addFP.asm
                 FXD0808U   0x00d9ae    program     extern E:\3.46\pic18-lt\cxx-framework\src\traditional\math\fxd0808u.c
                 FXD1616U   0x00d8c2    program     extern E:\3.46\pic18-lt\cxx-framework\src\traditional\math\fxd1616u.c
                 FXD3232U   0x00d806    program     extern E:\3.46\pic18-lt\cxx-framework\src\traditional\math\fxd3232u.c
                 FXM1616S   0x00b8bc    program     extern E:\3.46\pic18-lt\cxx-framework\src\traditional\math\fxm1616s.asm
                  FXM3232   0x00d6dc    program     extern E:\3.46\pic18-lt\cxx-framework\src\traditional\math\fxm3232.c
                FindDepth   0x003490    program     extern C:\microchip_solutions_v2013-06-15\Microchip\WirelessProtocols\MiWiPRO\MiWiPRO.c
          FindRoutingPath   0x003522    program     extern C:\microchip_solutions_v2013-06-15\Microchip\WirelessProtocols\MiWiPRO\MiWiPRO.c
       Gpios_PinDirection   0x00bd6a    program     extern C:\CodeBank8\bsp\Microchip\gpios\gpios.c
          Gpios_PullupPin   0x00bea6    program     extern C:\CodeBank8\bsp\Microchip\gpios\gpios.c
         Gpios_SetPullups   0x00c012    program     extern C:\CodeBank8\bsp\Microchip\gpios\gpios.c
          Gpios_TogglePin   0x00beb2    program     extern C:\CodeBank8\bsp\Microchip\gpios\gpios.c
           Gpios_WritePin   0x00be08    program     extern C:\CodeBank8\bsp\Microchip\gpios\gpios.c
          Gpios_WritePort   0x00bf52    program     extern C:\CodeBank8\bsp\Microchip\gpios\gpios.c
          Gpios_WriteTris   0x00bfb2    program     extern C:\CodeBank8\bsp\Microchip\gpios\gpios.c
           Gpios_bReadPin   0x00bf02    program     extern C:\CodeBank8\bsp\Microchip\gpios\gpios.c
         Gpios_u8ReadPort   0x00bf84    program     extern C:\CodeBank8\bsp\Microchip\gpios\gpios.c
      Gpios_u8ReadPullups   0x00c01e    program     extern C:\CodeBank8\bsp\Microchip\gpios\gpios.c
         Gpios_u8ReadTris   0x00bfe4    program     extern C:\CodeBank8\bsp\Microchip\gpios\gpios.c
                  HighISR   0x0091fc    program     extern C:\microchip_solutions_v2013-06-15\Microchip\Transceivers\MRF89XA\MRF89XA.c
               HighVector   0x000008    program     extern C:\microchip_solutions_v2013-06-15\Microchip\Transceivers\MRF89XA\MRF89XA.c
              IGNORE_HERE   0x009318    program     static                          
                  INT3208   0x00b6a6    program     extern E:\3.46\pic18-lt\cxx-framework\src\traditional\math\castFP08.asm
                IRCommand   0x0074f4    program     extern C:\Users\INADEM\MPLABXProjects\PLayaBonitaMIWI.X\ENDDEVICE.c
                IRControl   0x007b7e    program     extern C:\Users\INADEM\MPLABXProjects\PLayaBonitaMIWI.X\ENDDEVICE.c
           InitConfigRegs   0x00d5b2    program     extern C:\microchip_solutions_v2013-06-15\Microchip\Transceivers\MRF89XA\MRF89XA.c
          InitSymbolTimer   0x00d1a6    program     extern C:\microchip_solutions_v2013-06-15\Microchip\WirelessProtocols\SymbolTime.c
               LCDDisplay   0x00c34a    program     extern C:\Users\INADEM\MPLABXProjects\PLayaBonitaMIWI.X\HardwareProfile.c
                 LCDErase   0x00c194    program     extern C:\microchip_solutions_v2013-06-15\Microchip\Common\LCDBlocking.c
                  LCDInit   0x00c04c    program     extern C:\microchip_solutions_v2013-06-15\Microchip\Common\LCDBlocking.c
              LCDTRXCount   0x00c2d2    program     extern C:\Users\INADEM\MPLABXProjects\PLayaBonitaMIWI.X\HardwareProfile.c
                LCDUpdate   0x00c088    program     extern C:\microchip_solutions_v2013-06-15\Microchip\Common\LCDBlocking.c
                 LCDWrite   0x00c02c    program     static C:\microchip_solutions_v2013-06-15\Microchip\Common\LCDBlocking.c
             LCDWriteLine   0x00c1ae    program     extern C:\microchip_solutions_v2013-06-15\Microchip\Common\LCDBlocking.c
                LowVector   0x000018    program     extern C:\microchip_solutions_v2013-06-15\Microchip\Transceivers\MRF89XA\MRF89XA.c
                 MacroNop   0x000080    program     extern C:\microchip_solutions_v2013-06-15\Microchip\WirelessProtocols\MiWiPRO\MiWiPRO.c
                     Menu   0x0081c0    program     extern C:\Users\INADEM\MPLABXProjects\PLayaBonitaMIWI.X\ENDDEVICE.c
    MiApp_BroadcastPacket   0x005b38    program     extern C:\microchip_solutions_v2013-06-15\Microchip\WirelessProtocols\MiWiPRO\MiWiPRO.c
     MiApp_ConnectionMode   0x00540a    program     extern C:\microchip_solutions_v2013-06-15\Microchip\WirelessProtocols\MiWiPRO\MiWiPRO.c
     MiApp_DiscardMessage   0x005b30    program     extern C:\microchip_solutions_v2013-06-15\Microchip\WirelessProtocols\MiWiPRO\MiWiPRO.c
MiApp_EstablishConnection   0x005642    program     extern C:\microchip_solutions_v2013-06-15\Microchip\WirelessProtocols\MiWiPRO\MiWiPRO.c
 MiApp_InitChannelHopping   0x006b66    program     extern C:\microchip_solutions_v2013-06-15\Microchip\WirelessProtocols\MiWiPRO\MiWiPRO.c
   MiApp_MessageAvailable   0x005b20    program     extern C:\microchip_solutions_v2013-06-15\Microchip\WirelessProtocols\MiWiPRO\MiWiPRO.c
     MiApp_NoiseDetection   0x00657a    program     extern C:\microchip_solutions_v2013-06-15\Microchip\WirelessProtocols\MiWiPRO\MiWiPRO.c
       MiApp_ProtocolInit   0x004e50    program     extern C:\microchip_solutions_v2013-06-15\Microchip\WirelessProtocols\MiWiPRO\MiWiPRO.c
   MiApp_RemoveConnection   0x006f9e    program     extern C:\microchip_solutions_v2013-06-15\Microchip\WirelessProtocols\MiWiPRO\MiWiPRO.c
   MiApp_ResyncConnection   0x006802    program     extern C:\microchip_solutions_v2013-06-15\Microchip\WirelessProtocols\MiWiPRO\MiWiPRO.c
   MiApp_SearchConnection   0x005464    program     extern C:\microchip_solutions_v2013-06-15\Microchip\WirelessProtocols\MiWiPRO\MiWiPRO.c
         MiApp_SetChannel   0x0053b8    program     extern C:\microchip_solutions_v2013-06-15\Microchip\WirelessProtocols\MiWiPRO\MiWiPRO.c
    MiApp_StartConnection   0x00637e    program     extern C:\microchip_solutions_v2013-06-15\Microchip\WirelessProtocols\MiWiPRO\MiWiPRO.c
     MiApp_UnicastAddress   0x005e5e    program     extern C:\microchip_solutions_v2013-06-15\Microchip\WirelessProtocols\MiWiPRO\MiWiPRO.c
  MiApp_UnicastConnection   0x005bf4    program     extern C:\microchip_solutions_v2013-06-15\Microchip\WirelessProtocols\MiWiPRO\MiWiPRO.c
  MiMAC_ChannelAssessment   0x0090da    program     extern C:\microchip_solutions_v2013-06-15\Microchip\Transceivers\MRF89XA\MRF89XA.c
      MiMAC_DiscardPacket   0x0090b8    program     extern C:\microchip_solutions_v2013-06-15\Microchip\Transceivers\MRF89XA\MRF89XA.c
               MiMAC_Init   0x008b68    program     extern C:\microchip_solutions_v2013-06-15\Microchip\Transceivers\MRF89XA\MRF89XA.c
     MiMAC_ReceivedPacket   0x008e6c    program     extern C:\microchip_solutions_v2013-06-15\Microchip\Transceivers\MRF89XA\MRF89XA.c
         MiMAC_SendPacket   0x008cb2    program     extern C:\microchip_solutions_v2013-06-15\Microchip\Transceivers\MRF89XA\MRF89XA.c
      MiMAC_SetAltAddress   0x008a5a    program     extern C:\microchip_solutions_v2013-06-15\Microchip\Transceivers\MRF89XA\MRF89XA.c
         MiMAC_SetChannel   0x008a68    program     extern C:\microchip_solutions_v2013-06-15\Microchip\Transceivers\MRF89XA\MRF89XA.c
           MiMAC_SetPower   0x008b2a    program     extern C:\microchip_solutions_v2013-06-15\Microchip\Transceivers\MRF89XA\MRF89XA.c
             MiWiPROTasks   0x000146    program     extern C:\microchip_solutions_v2013-06-15\Microchip\WirelessProtocols\MiWiPRO\MiWiPRO.c
             MiWi_TickGet   0x00d1ba    program     extern C:\microchip_solutions_v2013-06-15\Microchip\WirelessProtocols\SymbolTime.c
                MultiCast   0x005b58    program     extern C:\microchip_solutions_v2013-06-15\Microchip\WirelessProtocols\MiWiPRO\MiWiPRO.c
                  NVMInit   0x00c96a    program     extern C:\microchip_solutions_v2013-06-15\Microchip\WirelessProtocols\NVM.c
                  NVMRead   0x00c8e8    program     extern C:\microchip_solutions_v2013-06-15\Microchip\WirelessProtocols\NVM.c
                 NVMWrite   0x00c8f4    program     extern C:\microchip_solutions_v2013-06-15\Microchip\WirelessProtocols\NVM.c
                 NVMalloc   0x00c900    program     extern C:\microchip_solutions_v2013-06-15\Microchip\WirelessProtocols\NVM.c
               Open1USART   0x00d66a    program     extern E:\3.46\pic18-lt\cxx-framework\src\pmc_common\USART\u1open.c
               Open2USART   0x00d5f2    program     extern E:\3.46\pic18-lt\cxx-framework\src\pmc_common\USART\u2open.c
               OpenSocket   0x0046fa    program     extern C:\microchip_solutions_v2013-06-15\Microchip\WirelessProtocols\MiWiPRO\MiWiPRO.c
               OpenTimer1   0x00d7b2    program     extern E:\3.46\pic18-lt\cxx-framework\src\pmc_common\Timers\t1open.c
                   PVALUE   0x00d572    program     extern C:\microchip_solutions_v2013-06-15\Microchip\Transceivers\MRF89XA\MRF89XA.c
                PrintChar   0x00ce1a    program     extern C:\microchip_solutions_v2013-06-15\Microchip\WirelessProtocols\Console.c
                 PrintDec   0x00ce7c    program     extern C:\microchip_solutions_v2013-06-15\Microchip\WirelessProtocols\Console.c
              RETURN_HERE   0x009818    program     static                          
              ReadButtons   0x00816a    program     extern C:\Users\INADEM\MPLABXProjects\PLayaBonitaMIWI.X\ENDDEVICE.c
         Read_MAC_Address   0x00ccea    program     extern C:\Users\INADEM\MPLABXProjects\PLayaBonitaMIWI.X\MAC_EEProm.c
          Read_VBGVoltage   0x007568    program     extern C:\Users\INADEM\MPLABXProjects\PLayaBonitaMIWI.X\ENDDEVICE.c
             RegisterRead   0x008802    program     extern C:\microchip_solutions_v2013-06-15\Microchip\Transceivers\MRF89XA\MRF89XA.c
              RegisterSet   0x0087b2    program     extern C:\microchip_solutions_v2013-06-15\Microchip\Transceivers\MRF89XA\MRF89XA.c
                 Repeater   0x0083fa    program     extern C:\Users\INADEM\MPLABXProjects\PLayaBonitaMIWI.X\ENDDEVICE.c
             RouteMessage   0x003ae0    program     extern C:\microchip_solutions_v2013-06-15\Microchip\WirelessProtocols\MiWiPRO\MiWiPRO.c
                 Rs485Get   0x00742a    program     extern C:\Users\INADEM\MPLABXProjects\PLayaBonitaMIWI.X\ENDDEVICE.c
           Rs485GetString   0x00748a    program     extern C:\Users\INADEM\MPLABXProjects\PLayaBonitaMIWI.X\ENDDEVICE.c
                 Rs485Put   0x007410    program     extern C:\Users\INADEM\MPLABXProjects\PLayaBonitaMIWI.X\ENDDEVICE.c
                   SPIGet   0x00d776    program     extern C:\microchip_solutions_v2013-06-15\Microchip\WirelessProtocols\MSPI.c
                  SPIGet2   0x00d7a8    program     extern C:\microchip_solutions_v2013-06-15\Microchip\WirelessProtocols\MSPI.c
                   SPIPut   0x00d74c    program     extern C:\microchip_solutions_v2013-06-15\Microchip\WirelessProtocols\MSPI.c
                  SPIPut2   0x00d780    program     extern C:\microchip_solutions_v2013-06-15\Microchip\WirelessProtocols\MSPI.c
                 SSTGetID   0x00cbd2    program     extern C:\Users\INADEM\MPLABXProjects\PLayaBonitaMIWI.X\SST_SerialFlash.c
                  SSTRead   0x00ca8e    program     extern C:\Users\INADEM\MPLABXProjects\PLayaBonitaMIWI.X\SST_SerialFlash.c
                 SSTWrite   0x00cb24    program     extern C:\Users\INADEM\MPLABXProjects\PLayaBonitaMIWI.X\SST_SerialFlash.c
              ST7032_Init   0x00ae10    program     extern C:\CodeBank8\modules\st7032\st7032.c
         ST7032_SetCursor   0x00b0dc    program     extern C:\CodeBank8\modules\st7032\st7032.c
      ST7032_WriteCommand   0x00b250    program     extern C:\CodeBank8\modules\st7032\st7032.c
         ST7032_WriteData   0x00b13e    program     extern C:\CodeBank8\modules\st7032\st7032.c
       ST7032_WriteString   0x00b360    program     extern C:\CodeBank8\modules\st7032\st7032.c
                   SVALUE   0x00d592    program     extern C:\microchip_solutions_v2013-06-15\Microchip\Transceivers\MRF89XA\MRF89XA.c
                 ScanTime   0x00d84e    program     extern C:\microchip_solutions_v2013-06-15\Microchip\WirelessProtocols\MiWiPRO\MiWiPRO.c
     SearchForLongAddress   0x004c04    program     extern C:\microchip_solutions_v2013-06-15\Microchip\WirelessProtocols\MiWiPRO\MiWiPRO.c
    SearchForShortAddress   0x004a5e    program     extern C:\microchip_solutions_v2013-06-15\Microchip\WirelessProtocols\MiWiPRO\MiWiPRO.c
               SendBeacon   0x004afa    program     extern C:\microchip_solutions_v2013-06-15\Microchip\WirelessProtocols\MiWiPRO\MiWiPRO.c
            SendMACPacket   0x003eae    program     extern C:\microchip_solutions_v2013-06-15\Microchip\WirelessProtocols\MiWiPRO\MiWiPRO.c
                SetRFMode   0x008c32    program     extern C:\microchip_solutions_v2013-06-15\Microchip\Transceivers\MRF89XA\MRF89XA.c
                 Spi_Init   0x00cf30    program     extern C:\CodeBank8\bsp\Microchip\spi\spi.c
              Spi_SetMode   0x00cfa2    program     extern C:\CodeBank8\bsp\Microchip\spi\spi.c
           Spi_u8Transfer   0x00d026    program     extern C:\CodeBank8\bsp\Microchip\spi\spi.c
      StartChannelHopping   0x006a40    program     extern C:\microchip_solutions_v2013-06-15\Microchip\WirelessProtocols\MiWiPRO\MiWiPRO.c
  StartWirelessConnection   0x00797e    program     extern C:\Users\INADEM\MPLABXProjects\PLayaBonitaMIWI.X\ENDDEVICE.c
 System_DisableInterrupts   0x00d0f2    program     extern C:\CodeBank8\bsp\Microchip\system\system.c
  System_EnableInterrupts   0x00d0ea    program     extern C:\CodeBank8\bsp\Microchip\system\system.c
         System_EnablePLL   0x00d0aa    program     extern C:\CodeBank8\bsp\Microchip\system\system.c
System_PeripheralPinSelect   0x00d0fa    program     extern C:\CodeBank8\bsp\Microchip\system\system.c
                  TALTB32   0x00b6f4    program     extern E:\3.46\pic18-lt\cxx-framework\src\traditional\math\ltFP.asm
               TSIGN1616A   0x00b908    program     static E:\3.46\pic18-lt\cxx-framework\src\traditional\math\fxm1616s.asm
            TaskScheduler   0x008012    program     extern C:\Users\INADEM\MPLABXProjects\PLayaBonitaMIWI.X\ENDDEVICE.c
          TemperatureRead   0x0075b2    program     extern C:\Users\INADEM\MPLABXProjects\PLayaBonitaMIWI.X\ENDDEVICE.c
               Timer1Tick   0x007a2c    program     extern C:\Users\INADEM\MPLABXProjects\PLayaBonitaMIWI.X\ENDDEVICE.c
                 TxPacket   0x0088a4    program     extern C:\microchip_solutions_v2013-06-15\Microchip\Transceivers\MRF89XA\MRF89XA.c
     UserInterruptHandler   0x00c49e    program     extern C:\Users\INADEM\MPLABXProjects\PLayaBonitaMIWI.X\HardwareProfile.c
            WirelesStatus   0x00812c    program     extern C:\Users\INADEM\MPLABXProjects\PLayaBonitaMIWI.X\ENDDEVICE.c
             WirelessTxRx   0x007b9c    program     extern C:\Users\INADEM\MPLABXProjects\PLayaBonitaMIWI.X\ENDDEVICE.c
                WriteFIFO   0x00886a    program     extern C:\microchip_solutions_v2013-06-15\Microchip\Transceivers\MRF89XA\MRF89XA.c
              WriteTimer1   0x00d88a    program     extern E:\3.46\pic18-lt\cxx-framework\src\pmc_common\Timers\t1write.c
              _2jContinue   0x00d474    program     static E:\3.46\pic18-lt\cxx-framework\src\traditional\stdclib\memset.asm
                   _2jEnd   0x00d4d8    program     static E:\3.46\pic18-lt\cxx-framework\src\traditional\stdclib\slenpgm.asm
                   _3jEnd   0x00d47e    program     static E:\3.46\pic18-lt\cxx-framework\src\traditional\stdclib\memset.asm
              __FpCompare   0x00b706    program     extern E:\3.46\pic18-lt\cxx-framework\src\traditional\math\compFP.asm
                 __FpExit   0x00b7bc    program     extern E:\3.46\pic18-lt\cxx-framework\src\traditional\math\packFP.asm
                 __FpPack   0x00b7e8    program     extern E:\3.46\pic18-lt\cxx-framework\src\traditional\math\packFP.asm
            __FpReturnNaN   0x00b7b0    program     extern E:\3.46\pic18-lt\cxx-framework\src\traditional\math\packFP.asm
         __FpReturnNegInf   0x00b7c2    program     extern E:\3.46\pic18-lt\cxx-framework\src\traditional\math\packFP.asm
        __FpReturnNegZero   0x00b7da    program     extern E:\3.46\pic18-lt\cxx-framework\src\traditional\math\packFP.asm
         __FpReturnPosInf   0x00b7c8    program     extern E:\3.46\pic18-lt\cxx-framework\src\traditional\math\packFP.asm
        __FpReturnPosZero   0x00b7e2    program     extern E:\3.46\pic18-lt\cxx-framework\src\traditional\math\packFP.asm
        __FpReturnSignInf   0x00b7be    program     extern E:\3.46\pic18-lt\cxx-framework\src\traditional\math\packFP.asm
       __FpReturnSignZero   0x00b7d6    program     extern E:\3.46\pic18-lt\cxx-framework\src\traditional\math\packFP.asm
              __FpReturnW   0x00b840    program     extern E:\3.46\pic18-lt\cxx-framework\src\traditional\math\packFP.asm
              __FpUnPackA   0x00b860    program     extern E:\3.46\pic18-lt\cxx-framework\src\traditional\math\UnpackFP.asm
              __FpUnPackB   0x00b890    program     extern E:\3.46\pic18-lt\cxx-framework\src\traditional\math\UnpackFP.asm
       ___case_0_lbl00036   0x007a9e    program     static                          
       ___case_0_lbl00135   0x008222    program     static                          
      ___case_10_lbl00046   0x007aee    program     static                          
      ___case_11_lbl00047   0x007af6    program     static                          
      ___case_12_lbl00048   0x007afe    program     static                          
      ___case_13_lbl00049   0x007b06    program     static                          
      ___case_14_lbl00050   0x007b0e    program     static                          
      ___case_15_lbl00051   0x007b16    program     static                          
      ___case_16_lbl00052   0x007b1e    program     static                          
       ___case_1_lbl00037   0x007aa6    program     static                          
       ___case_1_lbl00154   0x008224    program     static                          
       ___case_2_lbl00038   0x007aae    program     static                          
       ___case_2_lbl00155   0x008326    program     static                          
       ___case_3_lbl00039   0x007ab6    program     static                          
       ___case_3_lbl00156   0x008328    program     static                          
       ___case_4_lbl00040   0x007abe    program     static                          
       ___case_5_lbl00041   0x007ac6    program     static                          
       ___case_6_lbl00042   0x007ace    program     static                          
       ___case_7_lbl00043   0x007ad6    program     static                          
       ___case_8_lbl00044   0x007ade    program     static                          
       ___case_9_lbl00045   0x007ae6    program     static                          
      ___default_lbl00053   0x007b26    program     static                          
      ___default_lbl00157   0x00832a    program     static                          
         ___else_lbl00004   0x00c77a    program     static                          
         ___else_lbl00004   0x00c556    program     static                          
         ___else_lbl00006   0x00c6d4    program     static                          
         ___else_lbl00006   0x00c4b0    program     static                          
         ___else_lbl00011   0x00c888    program     static                          
         ___else_lbl00011   0x00c664    program     static                          
         ___else_lbl00056   0x007b66    program     static                          
         ___else_lbl00095   0x0092e8    program     static                          
         ___else_lbl00105   0x0093bc    program     static                          
         ___else_lbl00109   0x00942c    program     static                          
         ___else_lbl00131   0x0081d4    program     static                          
         ___else_lbl00133   0x0081fc    program     static                          
         ___else_lbl00134   0x009812    program     static                          
         ___else_lbl00148   0x0082a6    program     static                          
         ___else_lbl00166   0x008446    program     static                          
         ___else_lbl00171   0x0084a8    program     static                          
          ___for_lbl00090   0x0092ce    program     static                          
          ___for_lbl00091   0x0092d4    program     static                          
          ___for_lbl00093   0x0092a0    program     static                          
          ___for_lbl00111   0x009558    program     static                          
          ___for_lbl00112   0x00955e    program     static                          
          ___for_lbl00114   0x0094ce    program     static                          
          ___for_lbl00116   0x0095c2    program     static                          
          ___for_lbl00117   0x0095c8    program     static                          
          ___for_lbl00118   0x009580    program     static                          
          ___for_lbl00119   0x009648    program     static                          
          ___for_lbl00120   0x00964e    program     static                          
          ___for_lbl00121   0x009606    program     static                          
          ___for_lbl00123   0x009730    program     static                          
          ___for_lbl00124   0x009736    program     static                          
          ___for_lbl00129   0x009652    program     static                          
          ___for_lbl00167   0x0084d2    program     static                          
          ___for_lbl00168   0x0084d8    program     static                          
          ___for_lbl00169   0x0084ac    program     static                          
          ___for_lbl00173   0x008510    program     static                          
          ___for_lbl00174   0x008516    program     static                          
          ___for_lbl00175   0x0084ec    program     static                          
           ___if_lbl00003   0x00c7c6    program     static                          
           ___if_lbl00003   0x00c5a2    program     static                          
           ___if_lbl00005   0x00c5a2    program     static                          
           ___if_lbl00005   0x00c7c6    program     static                          
           ___if_lbl00010   0x00c6b0    program     static                          
           ___if_lbl00010   0x00c8d4    program     static                          
           ___if_lbl00054   0x007b6a    program     static                          
           ___if_lbl00055   0x007b6a    program     static                          
           ___if_lbl00057   0x007b6a    program     static                          
           ___if_lbl00058   0x007b6a    program     static                          
           ___if_lbl00092   0x0092ce    program     static                          
           ___if_lbl00094   0x0092ec    program     static                          
           ___if_lbl00101   0x00934e    program     static                          
           ___if_lbl00104   0x0093fc    program     static                          
           ___if_lbl00106   0x009426    program     static                          
           ___if_lbl00107   0x009440    program     static                          
           ___if_lbl00108   0x009440    program     static                          
           ___if_lbl00110   0x009484    program     static                          
           ___if_lbl00113   0x009558    program     static                          
           ___if_lbl00115   0x00955e    program     static                          
           ___if_lbl00116   0x00814e    program     static                          
           ___if_lbl00117   0x008168    program     static                          
           ___if_lbl00122   0x00964e    program     static                          
           ___if_lbl00126   0x009702    program     static                          
           ___if_lbl00128   0x009730    program     static                          
           ___if_lbl00130   0x0097f4    program     static                          
           ___if_lbl00130   0x0081d8    program     static                          
           ___if_lbl00131   0x00980c    program     static                          
           ___if_lbl00132   0x008200    program     static                          
           ___if_lbl00132   0x00980e    program     static                          
           ___if_lbl00133   0x009818    program     static                          
           ___if_lbl00135   0x00981c    program     static                          
           ___if_lbl00136   0x009834    program     static                          
           ___if_lbl00137   0x009834    program     static                          
           ___if_lbl00138   0x009834    program     static                          
           ___if_lbl00139   0x008250    program     static                          
           ___if_lbl00144   0x0082ce    program     static                          
           ___if_lbl00146   0x0082f6    program     static                          
           ___if_lbl00147   0x0082f6    program     static                          
           ___if_lbl00149   0x008302    program     static                          
           ___if_lbl00153   0x00831e    program     static                          
           ___if_lbl00158   0x00832c    program     static                          
           ___if_lbl00164   0x00842a    program     static                          
           ___if_lbl00165   0x008456    program     static                          
           ___if_lbl00170   0x0084d8    program     static                          
           ___if_lbl00172   0x0084d8    program     static                          
           ___if_lbl00176   0x008524    program     static                          
           ___if_lbl00177   0x008532    program     static                          
       ___return_lbl00000   0x00d84c    program     static                          
       ___return_lbl00000   0x00c7c6    program     static                          
       ___return_lbl00000   0x000004    program     static                          
       ___return_lbl00000   0x00d74a    program     static                          
       ___return_lbl00000   0x000082    program     static                          
       ___return_lbl00000   0x00d8ec    program     static                          
       ___return_lbl00000   0x00d9c8    program     static                          
       ___return_lbl00000   0x00c5a2    program     static                          
       ___return_lbl00001   0x00d990    program     static                          
       ___return_lbl00002   0x00d452    program     static                          
       ___return_lbl00003   0x00cce2    program     static                          
       ___return_lbl00007   0x00c8d4    program     static                          
       ___return_lbl00007   0x00c6b0    program     static                          
       ___return_lbl00010   0x00d194    program     static                          
       ___return_lbl00011   0x00d1a4    program     static                          
       ___return_lbl00034   0x007b6a    program     static                          
       ___return_lbl00088   0x009838    program     static                          
       ___return_lbl00115   0x008168    program     static                          
       ___return_lbl00128   0x00832c    program     static                          
       ___return_lbl00139   0x00000c    program     static                          
       ___return_lbl00140   0x00001c    program     static                          
       ___return_lbl00163   0x008532    program     static                          
   ___switchexit_lbl00035   0x007b2e    program     static                          
   ___switchexit_lbl00134   0x00832c    program     static                          
        ___while_lbl00001   0x00c556    program     static                          
        ___while_lbl00001   0x00c77a    program     static                          
        ___while_lbl00002   0x00c5a2    program     static                          
        ___while_lbl00002   0x00c7c6    program     static                          
        ___while_lbl00004   0x00cc88    program     static                          
        ___while_lbl00005   0x00cc8c    program     static                          
        ___while_lbl00006   0x00cca8    program     static                          
        ___while_lbl00007   0x00ccdc    program     static                          
        ___while_lbl00008   0x00c664    program     static                          
        ___while_lbl00008   0x00ccdc    program     static                          
        ___while_lbl00008   0x00c888    program     static                          
        ___while_lbl00009   0x00cce0    program     static                          
        ___while_lbl00009   0x00c6b0    program     static                          
        ___while_lbl00009   0x00c8d4    program     static                          
        ___while_lbl00099   0x00932a    program     static                          
        ___while_lbl00100   0x00934c    program     static                          
        ___while_lbl00102   0x009368    program     static                          
        ___while_lbl00103   0x009810    program     static                          
        ___while_lbl00136   0x008238    program     static                          
        ___while_lbl00137   0x008256    program     static                          
        ___while_lbl00140   0x00827c    program     static                          
        ___while_lbl00141   0x008306    program     static                          
        ___while_lbl00150   0x008306    program     static                          
        ___while_lbl00151   0x008324    program     static                          
               __config_0   0x01fff8    program     static C:\Users\INADEM\MPLABXProjects\PLayaBonitaMIWI.X\HardwareProfile.c
               __config_1   0x01fff9    program     static C:\Users\INADEM\MPLABXProjects\PLayaBonitaMIWI.X\HardwareProfile.c
               __config_2   0x01fffa    program     static C:\Users\INADEM\MPLABXProjects\PLayaBonitaMIWI.X\HardwareProfile.c
               __config_3   0x01fffb    program     static C:\Users\INADEM\MPLABXProjects\PLayaBonitaMIWI.X\HardwareProfile.c
               __config_4   0x01fffc    program     static C:\Users\INADEM\MPLABXProjects\PLayaBonitaMIWI.X\HardwareProfile.c
               __config_5   0x01fffd    program     static C:\Users\INADEM\MPLABXProjects\PLayaBonitaMIWI.X\HardwareProfile.c
               __config_6   0x01fffe    program     static C:\Users\INADEM\MPLABXProjects\PLayaBonitaMIWI.X\HardwareProfile.c
               __config_7   0x01ffff    program     static C:\Users\INADEM\MPLABXProjects\PLayaBonitaMIWI.X\HardwareProfile.c
                   __init   0x000016    program     extern E:\3.46\pic18-lt\cxx-framework\src\traditional\stdclib\__init.c
                   __pa_0   0x00a1dc    program     static E:\3.46\pic18-lt\cxx-framework\src\traditional\stdclib\vfprintf.c
                   __pa_1   0x00a1e4    program     static E:\3.46\pic18-lt\cxx-framework\src\traditional\stdclib\vfprintf.c
                  __pa_10   0x00a298    program     static E:\3.46\pic18-lt\cxx-framework\src\traditional\stdclib\vfprintf.c
                  __pa_11   0x00a2a6    program     static E:\3.46\pic18-lt\cxx-framework\src\traditional\stdclib\vfprintf.c
                  __pa_12   0x00a2bc    program     static E:\3.46\pic18-lt\cxx-framework\src\traditional\stdclib\vfprintf.c
                  __pa_13   0x00a2d6    program     static E:\3.46\pic18-lt\cxx-framework\src\traditional\stdclib\vfprintf.c
                  __pa_14   0x00a2ee    program     static E:\3.46\pic18-lt\cxx-framework\src\traditional\stdclib\vfprintf.c
                  __pa_15   0x00a2fe    program     static E:\3.46\pic18-lt\cxx-framework\src\traditional\stdclib\vfprintf.c
                  __pa_16   0x00a314    program     static E:\3.46\pic18-lt\cxx-framework\src\traditional\stdclib\vfprintf.c
                  __pa_17   0x00a326    program     static E:\3.46\pic18-lt\cxx-framework\src\traditional\stdclib\vfprintf.c
                  __pa_18   0x00a338    program     static E:\3.46\pic18-lt\cxx-framework\src\traditional\stdclib\vfprintf.c
                  __pa_19   0x00a342    program     static E:\3.46\pic18-lt\cxx-framework\src\traditional\stdclib\vfprintf.c
                   __pa_2   0x00a1ee    program     static E:\3.46\pic18-lt\cxx-framework\src\traditional\stdclib\vfprintf.c
                  __pa_20   0x00a352    program     static E:\3.46\pic18-lt\cxx-framework\src\traditional\stdclib\vfprintf.c
                  __pa_21   0x00a362    program     static E:\3.46\pic18-lt\cxx-framework\src\traditional\stdclib\vfprintf.c
                  __pa_22   0x00a372    program     static E:\3.46\pic18-lt\cxx-framework\src\traditional\stdclib\vfprintf.c
                  __pa_23   0x00a37e    program     static E:\3.46\pic18-lt\cxx-framework\src\traditional\stdclib\vfprintf.c
                  __pa_24   0x00a38c    program     static E:\3.46\pic18-lt\cxx-framework\src\traditional\stdclib\vfprintf.c
                  __pa_25   0x00a394    program     static E:\3.46\pic18-lt\cxx-framework\src\traditional\stdclib\vfprintf.c
                  __pa_26   0x00a39e    program     static E:\3.46\pic18-lt\cxx-framework\src\traditional\stdclib\vfprintf.c
                  __pa_27   0x00a3a8    program     static E:\3.46\pic18-lt\cxx-framework\src\traditional\stdclib\vfprintf.c
                  __pa_28   0x00a3b0    program     static E:\3.46\pic18-lt\cxx-framework\src\traditional\stdclib\vfprintf.c
                  __pa_29   0x00a3be    program     static E:\3.46\pic18-lt\cxx-framework\src\traditional\stdclib\vfprintf.c
                   __pa_3   0x00a1f8    program     static E:\3.46\pic18-lt\cxx-framework\src\traditional\stdclib\vfprintf.c
                  __pa_30   0x00a3da    program     static E:\3.46\pic18-lt\cxx-framework\src\traditional\stdclib\vfprintf.c
                  __pa_31   0x00a3f4    program     static E:\3.46\pic18-lt\cxx-framework\src\traditional\stdclib\vfprintf.c
                  __pa_32   0x00a40e    program     static E:\3.46\pic18-lt\cxx-framework\src\traditional\stdclib\vfprintf.c
                  __pa_33   0x00a426    program     static E:\3.46\pic18-lt\cxx-framework\src\traditional\stdclib\vfprintf.c
                  __pa_34   0x00a430    program     static E:\3.46\pic18-lt\cxx-framework\src\traditional\stdclib\vfprintf.c
                  __pa_35   0x00a43e    program     static E:\3.46\pic18-lt\cxx-framework\src\traditional\stdclib\vfprintf.c
                  __pa_36   0x00a446    program     static E:\3.46\pic18-lt\cxx-framework\src\traditional\stdclib\vfprintf.c
                  __pa_37   0x00a450    program     static E:\3.46\pic18-lt\cxx-framework\src\traditional\stdclib\vfprintf.c
                  __pa_38   0x00a460    program     static E:\3.46\pic18-lt\cxx-framework\src\traditional\stdclib\vfprintf.c
                  __pa_39   0x00a46e    program     static E:\3.46\pic18-lt\cxx-framework\src\traditional\stdclib\vfprintf.c
                   __pa_4   0x00a210    program     static E:\3.46\pic18-lt\cxx-framework\src\traditional\stdclib\vfprintf.c
                  __pa_40   0x00a47a    program     static E:\3.46\pic18-lt\cxx-framework\src\traditional\stdclib\vfprintf.c
                  __pa_41   0x00a486    program     static E:\3.46\pic18-lt\cxx-framework\src\traditional\stdclib\vfprintf.c
                  __pa_42   0x00a48e    program     static E:\3.46\pic18-lt\cxx-framework\src\traditional\stdclib\vfprintf.c
                  __pa_43   0x00a498    program     static E:\3.46\pic18-lt\cxx-framework\src\traditional\stdclib\vfprintf.c
                  __pa_44   0x00a49e    program     static E:\3.46\pic18-lt\cxx-framework\src\traditional\stdclib\vfprintf.c
                  __pa_45   0x00a4a8    program     static E:\3.46\pic18-lt\cxx-framework\src\traditional\stdclib\vfprintf.c
                  __pa_46   0x00a4b4    program     static E:\3.46\pic18-lt\cxx-framework\src\traditional\stdclib\vfprintf.c
                   __pa_5   0x00a224    program     static E:\3.46\pic18-lt\cxx-framework\src\traditional\stdclib\vfprintf.c
                   __pa_6   0x00a240    program     static E:\3.46\pic18-lt\cxx-framework\src\traditional\stdclib\vfprintf.c
                   __pa_7   0x00a24a    program     static E:\3.46\pic18-lt\cxx-framework\src\traditional\stdclib\vfprintf.c
                   __pa_8   0x00a256    program     static E:\3.46\pic18-lt\cxx-framework\src\traditional\stdclib\vfprintf.c
                   __pa_9   0x00a278    program     static E:\3.46\pic18-lt\cxx-framework\src\traditional\stdclib\vfprintf.c
               __string_0   0x00bb94    program     static C:\Users\INADEM\MPLABXProjects\PLayaBonitaMIWI.X\ENDDEVICE.c
               __string_0   0x00b927    program     static C:\Users\INADEM\MPLABXProjects\PLayaBonitaMIWI.X\HardwareProfile.c
               __string_0   0x00bd53    program     static C:\microchip_solutions_v2013-06-15\Microchip\WirelessProtocols\MiWiPRO\MiWiPRO.c
               __string_1   0x00bb83    program     static C:\Users\INADEM\MPLABXProjects\PLayaBonitaMIWI.X\ENDDEVICE.c
               __string_1   0x00b916    program     static C:\Users\INADEM\MPLABXProjects\PLayaBonitaMIWI.X\HardwareProfile.c
               __string_1   0x00bd3e    program     static C:\microchip_solutions_v2013-06-15\Microchip\WirelessProtocols\MiWiPRO\MiWiPRO.c
              __string_10   0x00bc69    program     static C:\microchip_solutions_v2013-06-15\Microchip\WirelessProtocols\MiWiPRO\MiWiPRO.c
              __string_10   0x00bac6    program     static C:\Users\INADEM\MPLABXProjects\PLayaBonitaMIWI.X\ENDDEVICE.c
              __string_11   0x00bc60    program     static C:\microchip_solutions_v2013-06-15\Microchip\WirelessProtocols\MiWiPRO\MiWiPRO.c
              __string_11   0x00baa1    program     static C:\Users\INADEM\MPLABXProjects\PLayaBonitaMIWI.X\ENDDEVICE.c
              __string_12   0x00bc58    program     static C:\microchip_solutions_v2013-06-15\Microchip\WirelessProtocols\MiWiPRO\MiWiPRO.c
              __string_12   0x00ba79    program     static C:\Users\INADEM\MPLABXProjects\PLayaBonitaMIWI.X\ENDDEVICE.c
              __string_13   0x00bc4d    program     static C:\microchip_solutions_v2013-06-15\Microchip\WirelessProtocols\MiWiPRO\MiWiPRO.c
              __string_13   0x00ba4f    program     static C:\Users\INADEM\MPLABXProjects\PLayaBonitaMIWI.X\ENDDEVICE.c
              __string_14   0x00ba27    program     static C:\Users\INADEM\MPLABXProjects\PLayaBonitaMIWI.X\ENDDEVICE.c
              __string_14   0x00bc48    program     static C:\microchip_solutions_v2013-06-15\Microchip\WirelessProtocols\MiWiPRO\MiWiPRO.c
              __string_15   0x00b9eb    program     static C:\Users\INADEM\MPLABXProjects\PLayaBonitaMIWI.X\ENDDEVICE.c
              __string_15   0x00bc45    program     static C:\microchip_solutions_v2013-06-15\Microchip\WirelessProtocols\MiWiPRO\MiWiPRO.c
              __string_16   0x00b9e4    program     static C:\Users\INADEM\MPLABXProjects\PLayaBonitaMIWI.X\ENDDEVICE.c
              __string_16   0x00bc35    program     static C:\microchip_solutions_v2013-06-15\Microchip\WirelessProtocols\MiWiPRO\MiWiPRO.c
              __string_17   0x00bc0a    program     static C:\microchip_solutions_v2013-06-15\Microchip\WirelessProtocols\MiWiPRO\MiWiPRO.c
              __string_17   0x00b9cb    program     static C:\Users\INADEM\MPLABXProjects\PLayaBonitaMIWI.X\ENDDEVICE.c
              __string_18   0x00bc07    program     static C:\microchip_solutions_v2013-06-15\Microchip\WirelessProtocols\MiWiPRO\MiWiPRO.c
              __string_18   0x00b9b2    program     static C:\Users\INADEM\MPLABXProjects\PLayaBonitaMIWI.X\ENDDEVICE.c
              __string_19   0x00bbf0    program     static C:\microchip_solutions_v2013-06-15\Microchip\WirelessProtocols\MiWiPRO\MiWiPRO.c
              __string_19   0x00b9a9    program     static C:\Users\INADEM\MPLABXProjects\PLayaBonitaMIWI.X\ENDDEVICE.c
               __string_2   0x00bb73    program     static C:\Users\INADEM\MPLABXProjects\PLayaBonitaMIWI.X\ENDDEVICE.c
               __string_2   0x00bd29    program     static C:\microchip_solutions_v2013-06-15\Microchip\WirelessProtocols\MiWiPRO\MiWiPRO.c
              __string_20   0x00b9a4    program     static C:\Users\INADEM\MPLABXProjects\PLayaBonitaMIWI.X\ENDDEVICE.c
              __string_20   0x00bbe5    program     static C:\microchip_solutions_v2013-06-15\Microchip\WirelessProtocols\MiWiPRO\MiWiPRO.c
              __string_21   0x00b99b    program     static C:\Users\INADEM\MPLABXProjects\PLayaBonitaMIWI.X\ENDDEVICE.c
              __string_21   0x00bbe2    program     static C:\microchip_solutions_v2013-06-15\Microchip\WirelessProtocols\MiWiPRO\MiWiPRO.c
              __string_22   0x00b97f    program     static C:\Users\INADEM\MPLABXProjects\PLayaBonitaMIWI.X\ENDDEVICE.c
              __string_22   0x00bbe0    program     static C:\microchip_solutions_v2013-06-15\Microchip\WirelessProtocols\MiWiPRO\MiWiPRO.c
              __string_23   0x00b965    program     static C:\Users\INADEM\MPLABXProjects\PLayaBonitaMIWI.X\ENDDEVICE.c
              __string_23   0x00bbcc    program     static C:\microchip_solutions_v2013-06-15\Microchip\WirelessProtocols\MiWiPRO\MiWiPRO.c
              __string_24   0x00bba4    program     static C:\microchip_solutions_v2013-06-15\Microchip\WirelessProtocols\MiWiPRO\MiWiPRO.c
              __string_24   0x00b95e    program     static C:\Users\INADEM\MPLABXProjects\PLayaBonitaMIWI.X\ENDDEVICE.c
              __string_25   0x00b95b    program     static C:\Users\INADEM\MPLABXProjects\PLayaBonitaMIWI.X\ENDDEVICE.c
              __string_26   0x00b951    program     static C:\Users\INADEM\MPLABXProjects\PLayaBonitaMIWI.X\ENDDEVICE.c
              __string_27   0x00b946    program     static C:\Users\INADEM\MPLABXProjects\PLayaBonitaMIWI.X\ENDDEVICE.c
              __string_28   0x00b938    program     static C:\Users\INADEM\MPLABXProjects\PLayaBonitaMIWI.X\ENDDEVICE.c
               __string_3   0x00bb66    program     static C:\Users\INADEM\MPLABXProjects\PLayaBonitaMIWI.X\ENDDEVICE.c
               __string_3   0x00bd07    program     static C:\microchip_solutions_v2013-06-15\Microchip\WirelessProtocols\MiWiPRO\MiWiPRO.c
               __string_4   0x00bb63    program     static C:\Users\INADEM\MPLABXProjects\PLayaBonitaMIWI.X\ENDDEVICE.c
               __string_4   0x00bce9    program     static C:\microchip_solutions_v2013-06-15\Microchip\WirelessProtocols\MiWiPRO\MiWiPRO.c
               __string_5   0x00bb56    program     static C:\Users\INADEM\MPLABXProjects\PLayaBonitaMIWI.X\ENDDEVICE.c
               __string_5   0x00bcd9    program     static C:\microchip_solutions_v2013-06-15\Microchip\WirelessProtocols\MiWiPRO\MiWiPRO.c
               __string_6   0x00bb43    program     static C:\Users\INADEM\MPLABXProjects\PLayaBonitaMIWI.X\ENDDEVICE.c
               __string_6   0x00bcca    program     static C:\microchip_solutions_v2013-06-15\Microchip\WirelessProtocols\MiWiPRO\MiWiPRO.c
               __string_7   0x00bb26    program     static C:\Users\INADEM\MPLABXProjects\PLayaBonitaMIWI.X\ENDDEVICE.c
               __string_7   0x00bcc0    program     static C:\microchip_solutions_v2013-06-15\Microchip\WirelessProtocols\MiWiPRO\MiWiPRO.c
               __string_8   0x00bb0e    program     static C:\Users\INADEM\MPLABXProjects\PLayaBonitaMIWI.X\ENDDEVICE.c
               __string_8   0x00bcb4    program     static C:\microchip_solutions_v2013-06-15\Microchip\WirelessProtocols\MiWiPRO\MiWiPRO.c
               __string_9   0x00baeb    program     static C:\Users\INADEM\MPLABXProjects\PLayaBonitaMIWI.X\ENDDEVICE.c
               __string_9   0x00bc6c    program     static C:\microchip_solutions_v2013-06-15\Microchip\WirelessProtocols\MiWiPRO\MiWiPRO.c
               __tmplbl_0   0x00c552    program     static                          
               __tmplbl_0   0x00c776    program     static                          
               __tmplbl_1   0x00c584    program     static                          
               __tmplbl_1   0x00c7a8    program     static                          
              __tmplbl_10   0x009318    program     static                          
             __tmplbl_100   0x002d0a    program     static                          
             __tmplbl_102   0x002d0a    program     static                          
             __tmplbl_103   0x002d0a    program     static                          
             __tmplbl_106   0x001a76    program     static                          
             __tmplbl_107   0x001a76    program     static                          
             __tmplbl_108   0x001a76    program     static                          
             __tmplbl_109   0x001a76    program     static                          
              __tmplbl_11   0x009302    program     static                          
             __tmplbl_111   0x001a06    program     static                          
             __tmplbl_112   0x0019cc    program     static                          
             __tmplbl_113   0x0019c6    program     static                          
             __tmplbl_114   0x001972    program     static                          
             __tmplbl_115   0x0018a4    program     static                          
             __tmplbl_116   0x00187c    program     static                          
             __tmplbl_117   0x001808    program     static                          
             __tmplbl_118   0x0017ac    program     static                          
             __tmplbl_119   0x001742    program     static                          
              __tmplbl_12   0x0092fc    program     static                          
              __tmplbl_12   0x0081ce    program     static                          
             __tmplbl_120   0x0015b2    program     static                          
             __tmplbl_121   0x0012ce    program     static                          
             __tmplbl_122   0x001282    program     static                          
             __tmplbl_123   0x00121a    program     static                          
             __tmplbl_124   0x001056    program     static                          
             __tmplbl_126   0x002d0a    program     static                          
             __tmplbl_128   0x002d0a    program     static                          
             __tmplbl_129   0x002d0a    program     static                          
              __tmplbl_13   0x009312    program     static                          
              __tmplbl_13   0x0081c8    program     static                          
             __tmplbl_133   0x002d0a    program     static                          
             __tmplbl_134   0x002d0a    program     static                          
             __tmplbl_139   0x002d0a    program     static                          
              __tmplbl_14   0x0096be    program     static                          
              __tmplbl_14   0x008244    program     static                          
             __tmplbl_140   0x002d0a    program     static                          
             __tmplbl_141   0x002d0a    program     static                          
             __tmplbl_142   0x002d0a    program     static                          
             __tmplbl_143   0x002982    program     static                          
             __tmplbl_144   0x0020da    program     static                          
             __tmplbl_145   0x002d0a    program     static                          
             __tmplbl_146   0x002d0a    program     static                          
             __tmplbl_149   0x002d0a    program     static                          
              __tmplbl_15   0x00967c    program     static                          
              __tmplbl_15   0x00823e    program     static                          
             __tmplbl_150   0x002d0a    program     static                          
             __tmplbl_151   0x0020e0    program     static                          
             __tmplbl_152   0x002d0a    program     static                          
             __tmplbl_153   0x002d0a    program     static                          
             __tmplbl_154   0x0020cc    program     static                          
             __tmplbl_155   0x002d0a    program     static                          
             __tmplbl_156   0x002d0a    program     static                          
             __tmplbl_157   0x002d0a    program     static                          
             __tmplbl_158   0x002d0a    program     static                          
             __tmplbl_159   0x002d0a    program     static                          
              __tmplbl_16   0x009724    program     static                          
              __tmplbl_16   0x008290    program     static                          
             __tmplbl_160   0x002d0a    program     static                          
             __tmplbl_161   0x002d0a    program     static                          
             __tmplbl_162   0x002d0a    program     static                          
             __tmplbl_164   0x002d0a    program     static                          
             __tmplbl_165   0x002d0a    program     static                          
             __tmplbl_166   0x002d0a    program     static                          
             __tmplbl_167   0x002d0a    program     static                          
             __tmplbl_168   0x002cca    program     static                          
             __tmplbl_169   0x002cce    program     static                          
              __tmplbl_17   0x00828a    program     static                          
              __tmplbl_17   0x00970a    program     static                          
             __tmplbl_170   0x002d0a    program     static                          
             __tmplbl_171   0x002d0a    program     static                          
             __tmplbl_172   0x002d0a    program     static                          
             __tmplbl_173   0x002d0a    program     static                          
             __tmplbl_174   0x002d0a    program     static                          
             __tmplbl_175   0x002d0a    program     static                          
             __tmplbl_176   0x002cd4    program     static                          
             __tmplbl_177   0x002644    program     static                          
             __tmplbl_179   0x002d0a    program     static                          
              __tmplbl_18   0x0082b2    program     static                          
             __tmplbl_180   0x002d0a    program     static                          
             __tmplbl_181   0x002d0a    program     static                          
             __tmplbl_182   0x002d0a    program     static                          
             __tmplbl_184   0x002d0a    program     static                          
              __tmplbl_19   0x0082ac    program     static                          
               __tmplbl_2   0x00c65e    program     static                          
               __tmplbl_2   0x00c882    program     static                          
              __tmplbl_20   0x0082da    program     static                          
              __tmplbl_21   0x0082d4    program     static                          
              __tmplbl_22   0x008312    program     static                          
              __tmplbl_23   0x00830c    program     static                          
               __tmplbl_3   0x00c692    program     static                          
               __tmplbl_3   0x00c8b6    program     static                          
              __tmplbl_42   0x00a372    program     static                          
              __tmplbl_43   0x00a1ba    program     static                          
              __tmplbl_44   0x00a1a0    program     static                          
               __tmplbl_8   0x00926c    program     static                          
              __tmplbl_85   0x0098f2    program     static                          
               __tmplbl_9   0x009264    program     static                          
              __tmplbl_94   0x002d14    program     static                          
              __tmplbl_95   0x00347c    program     static                          
              __tmplbl_97   0x001e32    program     static                          
              __tmplbl_98   0x001b6c    program     static                          
              __tmplbl_99   0x002d0a    program     static                          
            __zero_memory   0x00d956    program     extern E:\3.46\pic18-lt\cxx-framework\src\traditional\proc\p18f47j13.asm
                _do_cinit   0x00d3b6    program     extern E:\3.46\pic18-lt\cxx-framework\src\traditional\startup\c018i.c
                   _entry   0x000000    program     extern E:\3.46\pic18-lt\cxx-framework\src\traditional\startup\c018i.c
                   _false   0x00d848    program     static                          
                 _startup   0x00d976    program     extern E:\3.46\pic18-lt\cxx-framework\src\traditional\startup\c018i.c
              _usart_putc   0x00d992    program     extern E:\3.46\pic18-lt\cxx-framework\src\pmc_common\USART\_usartpc.asm
               _user_putc   0x000006    program     extern E:\3.46\pic18-lt\cxx-framework\src\traditional\stdclib\_user_putc.c
               baud1USART   0x00d934    program     extern E:\3.46\pic18-lt\cxx-framework\src\pmc_common\USART\u1baud.c
               baud2USART   0x00d912    program     extern E:\3.46\pic18-lt\cxx-framework\src\pmc_common\USART\u2baud.c
                compare_l   0x00d96c    program     static E:\3.46\pic18-lt\cxx-framework\src\traditional\proc\p18f47j13.asm
                copy_loop   0x00d428    program     static                          
            copy_one_byte   0x00d42e    program     static                          
                     done   0x00d452    program     static                          
             done_copying   0x00d43c    program     static                          
                  endloop   0x00d9c4    program     static                          
                  endloop   0x00d8e8    program     static                          
     findNextNetworkEntry   0x003f2a    program     extern C:\microchip_solutions_v2013-06-15\Microchip\WirelessProtocols\MiWiPRO\MiWiPRO.c
              gau8ModeCKE   0x000012    program     static C:\CodeBank8\bsp\Microchip\spi\spi.c
              gau8ModeCKP   0x00000e    program     static C:\CodeBank8\bsp\Microchip\spi\spi.c
            getReceiverBW   0x008782    program     extern C:\microchip_solutions_v2013-06-15\Microchip\Transceivers\MRF89XA\MRF89XA.c
            isSameAddress   0x004df0    program     extern C:\microchip_solutions_v2013-06-15\Microchip\WirelessProtocols\MiWiPRO\MiWiPRO.c
                  isdigit   0x00d8ee    program     extern E:\3.46\pic18-lt\cxx-framework\src\traditional\stdclib\isdigit.asm
                 jANotInf   0x00b422    program     static E:\3.46\pic18-lt\cxx-framework\src\traditional\math\addFP.asm
                 jANotInf   0x00b5ea    program     static E:\3.46\pic18-lt\cxx-framework\src\traditional\math\mulFP.asm
                 jANotInf   0x00b544    program     static E:\3.46\pic18-lt\cxx-framework\src\traditional\math\divFP.asm
                 jANotNeg   0x00b4b6    program     static E:\3.46\pic18-lt\cxx-framework\src\traditional\math\addFP.asm
                jANotZero   0x00b558    program     static E:\3.46\pic18-lt\cxx-framework\src\traditional\math\divFP.asm
              jAandWsetup   0x00b486    program     static E:\3.46\pic18-lt\cxx-framework\src\traditional\math\addFP.asm
                  jAisNeg   0x00b782    program     static E:\3.46\pic18-lt\cxx-framework\src\traditional\math\compFP.asm
                 jAltBexp   0x00b474    program     static E:\3.46\pic18-lt\cxx-framework\src\traditional\math\addFP.asm
                jBANotInf   0x00b418    program     static E:\3.46\pic18-lt\cxx-framework\src\traditional\math\addFP.asm
                 jBNotInf   0x00b430    program     static E:\3.46\pic18-lt\cxx-framework\src\traditional\math\addFP.asm
              jBothFinite   0x00b5f8    program     static E:\3.46\pic18-lt\cxx-framework\src\traditional\math\mulFP.asm
[...]
               TXSTA2bits   0x000fa8       data     extern E:\3.46\pic18-lt\cxx-framework\src\traditional\proc\p18f47j13.asm
                   TXSTA2   0x000fa8       data     extern E:\3.46\pic18-lt\cxx-framework\src\traditional\proc\p18f47j13.asm
                   TXREG2   0x000fa9       data     extern E:\3.46\pic18-lt\cxx-framework\src\traditional\proc\p18f47j13.asm
                   RCREG2   0x000faa       data     extern E:\3.46\pic18-lt\cxx-framework\src\traditional\proc\p18f47j13.asm
                   SPBRG2   0x000fab       data     extern E:\3.46\pic18-lt\cxx-framework\src\traditional\proc\p18f47j13.asm
                RCSTAbits   0x000fac       data     extern E:\3.46\pic18-lt\cxx-framework\src\traditional\proc\p18f47j13.asm
                   RCSTA1   0x000fac       data     extern E:\3.46\pic18-lt\cxx-framework\src\traditional\proc\p18f47j13.asm
               RCSTA1bits   0x000fac       data     extern E:\3.46\pic18-lt\cxx-framework\src\traditional\proc\p18f47j13.asm
                    RCSTA   0x000fac       data     extern E:\3.46\pic18-lt\cxx-framework\src\traditional\proc\p18f47j13.asm
                TXSTAbits   0x000fad       data     extern E:\3.46\pic18-lt\cxx-framework\src\traditional\proc\p18f47j13.asm
               TXSTA1bits   0x000fad       data     extern E:\3.46\pic18-lt\cxx-framework\src\traditional\proc\p18f47j13.asm
                   TXSTA1   0x000fad       data     extern E:\3.46\pic18-lt\cxx-framework\src\traditional\proc\p18f47j13.asm
                    TXSTA   0x000fad       data     extern E:\3.46\pic18-lt\cxx-framework\src\traditional\proc\p18f47j13.asm
                   TXREG1   0x000fae       data     extern E:\3.46\pic18-lt\cxx-framework\src\traditional\proc\p18f47j13.asm
                    TXREG   0x000fae       data     extern E:\3.46\pic18-lt\cxx-framework\src\traditional\proc\p18f47j13.asm
                   RCREG1   0x000faf       data     extern E:\3.46\pic18-lt\cxx-framework\src\traditional\proc\p18f47j13.asm
                    RCREG   0x000faf       data     extern E:\3.46\pic18-lt\cxx-framework\src\traditional\proc\p18f47j13.asm
                   SPBRG1   0x000fb0       data     extern E:\3.46\pic18-lt\cxx-framework\src\traditional\proc\p18f47j13.asm
                    SPBRG   0x000fb0       data     extern E:\3.46\pic18-lt\cxx-framework\src\traditional\proc\p18f47j13.asm
                 CTMUICON   0x000fb1       data     extern E:\3.46\pic18-lt\cxx-framework\src\traditional\proc\p18f47j13.asm
             CTMUICONbits   0x000fb1       data     extern E:\3.46\pic18-lt\cxx-framework\src\traditional\proc\p18f47j13.asm
             CTMUCONLbits   0x000fb2       data     extern E:\3.46\pic18-lt\cxx-framework\src\traditional\proc\p18f47j13.asm
                 CTMUCONL   0x000fb2       data     extern E:\3.46\pic18-lt\cxx-framework\src\traditional\proc\p18f47j13.asm
                 CTMUCONH   0x000fb3       data     extern E:\3.46\pic18-lt\cxx-framework\src\traditional\proc\p18f47j13.asm
             CTMUCONHbits   0x000fb3       data     extern E:\3.46\pic18-lt\cxx-framework\src\traditional\proc\p18f47j13.asm
              CCP2CONbits   0x000fb4       data     extern E:\3.46\pic18-lt\cxx-framework\src\traditional\proc\p18f47j13.asm
                  CCP2CON   0x000fb4       data     extern E:\3.46\pic18-lt\cxx-framework\src\traditional\proc\p18f47j13.asm
                 ECCP2CON   0x000fb4       data     extern E:\3.46\pic18-lt\cxx-framework\src\traditional\proc\p18f47j13.asm
             ECCP2CONbits   0x000fb4       data     extern E:\3.46\pic18-lt\cxx-framework\src\traditional\proc\p18f47j13.asm
                    CCPR2   0x000fb5       data     extern E:\3.46\pic18-lt\cxx-framework\src\traditional\proc\p18f47j13.asm
                   CCPR2L   0x000fb5       data     extern E:\3.46\pic18-lt\cxx-framework\src\traditional\proc\p18f47j13.asm
                   CCPR2H   0x000fb6       data     extern E:\3.46\pic18-lt\cxx-framework\src\traditional\proc\p18f47j13.asm
              PWM2CONbits   0x000fb7       data     extern E:\3.46\pic18-lt\cxx-framework\src\traditional\proc\p18f47j13.asm
                  PWM2CON   0x000fb7       data     extern E:\3.46\pic18-lt\cxx-framework\src\traditional\proc\p18f47j13.asm
                 ECCP2DEL   0x000fb7       data     extern E:\3.46\pic18-lt\cxx-framework\src\traditional\proc\p18f47j13.asm
             ECCP2DELbits   0x000fb7       data     extern E:\3.46\pic18-lt\cxx-framework\src\traditional\proc\p18f47j13.asm
                  ECCP2AS   0x000fb8       data     extern E:\3.46\pic18-lt\cxx-framework\src\traditional\proc\p18f47j13.asm
              ECCP2ASbits   0x000fb8       data     extern E:\3.46\pic18-lt\cxx-framework\src\traditional\proc\p18f47j13.asm
             PSTR2CONbits   0x000fb9       data     extern E:\3.46\pic18-lt\cxx-framework\src\traditional\proc\p18f47j13.asm
                 PSTR2CON   0x000fb9       data     extern E:\3.46\pic18-lt\cxx-framework\src\traditional\proc\p18f47j13.asm
                  CCP1CON   0x000fba       data     extern E:\3.46\pic18-lt\cxx-framework\src\traditional\proc\p18f47j13.asm
              CCP1CONbits   0x000fba       data     extern E:\3.46\pic18-lt\cxx-framework\src\traditional\proc\p18f47j13.asm
                 ECCP1CON   0x000fba       data     extern E:\3.46\pic18-lt\cxx-framework\src\traditional\proc\p18f47j13.asm
             ECCP1CONbits   0x000fba       data     extern E:\3.46\pic18-lt\cxx-framework\src\traditional\proc\p18f47j13.asm
                    CCPR1   0x000fbb       data     extern E:\3.46\pic18-lt\cxx-framework\src\traditional\proc\p18f47j13.asm
                   CCPR1L   0x000fbb       data     extern E:\3.46\pic18-lt\cxx-framework\src\traditional\proc\p18f47j13.asm
                   CCPR1H   0x000fbc       data     extern E:\3.46\pic18-lt\cxx-framework\src\traditional\proc\p18f47j13.asm
                  PWM1CON   0x000fbd       data     extern E:\3.46\pic18-lt\cxx-framework\src\traditional\proc\p18f47j13.asm
              PWM1CONbits   0x000fbd       data     extern E:\3.46\pic18-lt\cxx-framework\src\traditional\proc\p18f47j13.asm
             ECCP1DELbits   0x000fbd       data     extern E:\3.46\pic18-lt\cxx-framework\src\traditional\proc\p18f47j13.asm
                 ECCP1DEL   0x000fbd       data     extern E:\3.46\pic18-lt\cxx-framework\src\traditional\proc\p18f47j13.asm
              ECCP1ASbits   0x000fbe       data     extern E:\3.46\pic18-lt\cxx-framework\src\traditional\proc\p18f47j13.asm
                  ECCP1AS   0x000fbe       data     extern E:\3.46\pic18-lt\cxx-framework\src\traditional\proc\p18f47j13.asm
                 PSTR1CON   0x000fbf       data     extern E:\3.46\pic18-lt\cxx-framework\src\traditional\proc\p18f47j13.asm
             PSTR1CONbits   0x000fbf       data     extern E:\3.46\pic18-lt\cxx-framework\src\traditional\proc\p18f47j13.asm
               WDTCONbits   0x000fc0       data     extern E:\3.46\pic18-lt\cxx-framework\src\traditional\proc\p18f47j13.asm
                   WDTCON   0x000fc0       data     extern E:\3.46\pic18-lt\cxx-framework\src\traditional\proc\p18f47j13.asm
               ADCON1bits   0x000fc1       data     extern E:\3.46\pic18-lt\cxx-framework\src\traditional\proc\p18f47j13.asm
                   ADCON1   0x000fc1       data     extern E:\3.46\pic18-lt\cxx-framework\src\traditional\proc\p18f47j13.asm
               ADCON0bits   0x000fc2       data     extern E:\3.46\pic18-lt\cxx-framework\src\traditional\proc\p18f47j13.asm
                   ADCON0   0x000fc2       data     extern E:\3.46\pic18-lt\cxx-framework\src\traditional\proc\p18f47j13.asm
                    ADRES   0x000fc3       data     extern E:\3.46\pic18-lt\cxx-framework\src\traditional\proc\p18f47j13.asm
                   ADRESL   0x000fc3       data     extern E:\3.46\pic18-lt\cxx-framework\src\traditional\proc\p18f47j13.asm
                   ADRESH   0x000fc4       data     extern E:\3.46\pic18-lt\cxx-framework\src\traditional\proc\p18f47j13.asm
              SSPCON2bits   0x000fc5       data     extern E:\3.46\pic18-lt\cxx-framework\src\traditional\proc\p18f47j13.asm
                  SSPCON2   0x000fc5       data     extern E:\3.46\pic18-lt\cxx-framework\src\traditional\proc\p18f47j13.asm
             SSP1CON2bits   0x000fc5       data     extern E:\3.46\pic18-lt\cxx-framework\src\traditional\proc\p18f47j13.asm
                 SSP1CON2   0x000fc5       data     extern E:\3.46\pic18-lt\cxx-framework\src\traditional\proc\p18f47j13.asm
                 SSP1CON1   0x000fc6       data     extern E:\3.46\pic18-lt\cxx-framework\src\traditional\proc\p18f47j13.asm
             SSP1CON1bits   0x000fc6       data     extern E:\3.46\pic18-lt\cxx-framework\src\traditional\proc\p18f47j13.asm
                  SSPCON1   0x000fc6       data     extern E:\3.46\pic18-lt\cxx-framework\src\traditional\proc\p18f47j13.asm
              SSPCON1bits   0x000fc6       data     extern E:\3.46\pic18-lt\cxx-framework\src\traditional\proc\p18f47j13.asm
                 SSP1STAT   0x000fc7       data     extern E:\3.46\pic18-lt\cxx-framework\src\traditional\proc\p18f47j13.asm
             SSP1STATbits   0x000fc7       data     extern E:\3.46\pic18-lt\cxx-framework\src\traditional\proc\p18f47j13.asm
                  SSPSTAT   0x000fc7       data     extern E:\3.46\pic18-lt\cxx-framework\src\traditional\proc\p18f47j13.asm
              SSPSTATbits   0x000fc7       data     extern E:\3.46\pic18-lt\cxx-framework\src\traditional\proc\p18f47j13.asm
                  SSP1ADD   0x000fc8       data     extern E:\3.46\pic18-lt\cxx-framework\src\traditional\proc\p18f47j13.asm
                  SSP1MSK   0x000fc8       data     extern E:\3.46\pic18-lt\cxx-framework\src\traditional\proc\p18f47j13.asm
              SSP1MSKbits   0x000fc8       data     extern E:\3.46\pic18-lt\cxx-framework\src\traditional\proc\p18f47j13.asm
                   SSPADD   0x000fc8       data     extern E:\3.46\pic18-lt\cxx-framework\src\traditional\proc\p18f47j13.asm
                  SSP1BUF   0x000fc9       data     extern E:\3.46\pic18-lt\cxx-framework\src\traditional\proc\p18f47j13.asm
                   SSPBUF   0x000fc9       data     extern E:\3.46\pic18-lt\cxx-framework\src\traditional\proc\p18f47j13.asm
                T2CONbits   0x000fca       data     extern E:\3.46\pic18-lt\cxx-framework\src\traditional\proc\p18f47j13.asm
                    T2CON   0x000fca       data     extern E:\3.46\pic18-lt\cxx-framework\src\traditional\proc\p18f47j13.asm
                      PR2   0x000fcb       data     extern E:\3.46\pic18-lt\cxx-framework\src\traditional\proc\p18f47j13.asm
                     TMR2   0x000fcc       data     extern E:\3.46\pic18-lt\cxx-framework\src\traditional\proc\p18f47j13.asm
                    T1CON   0x000fcd       data     extern E:\3.46\pic18-lt\cxx-framework\src\traditional\proc\p18f47j13.asm
                T1CONbits   0x000fcd       data     extern E:\3.46\pic18-lt\cxx-framework\src\traditional\proc\p18f47j13.asm
                    TMR1L   0x000fce       data     extern E:\3.46\pic18-lt\cxx-framework\src\traditional\proc\p18f47j13.asm
                    TMR1H   0x000fcf       data     extern E:\3.46\pic18-lt\cxx-framework\src\traditional\proc\p18f47j13.asm
                     RCON   0x000fd0       data     extern E:\3.46\pic18-lt\cxx-framework\src\traditional\proc\p18f47j13.asm
                 RCONbits   0x000fd0       data     extern E:\3.46\pic18-lt\cxx-framework\src\traditional\proc\p18f47j13.asm
                   CM2CON   0x000fd1       data     extern E:\3.46\pic18-lt\cxx-framework\src\traditional\proc\p18f47j13.asm
                  CM2CON1   0x000fd1       data     extern E:\3.46\pic18-lt\cxx-framework\src\traditional\proc\p18f47j13.asm
              CM2CON1bits   0x000fd1       data     extern E:\3.46\pic18-lt\cxx-framework\src\traditional\proc\p18f47j13.asm
               CM2CONbits   0x000fd1       data     extern E:\3.46\pic18-lt\cxx-framework\src\traditional\proc\p18f47j13.asm
                   CM1CON   0x000fd2       data     extern E:\3.46\pic18-lt\cxx-framework\src\traditional\proc\p18f47j13.asm
                  CM1CON1   0x000fd2       data     extern E:\3.46\pic18-lt\cxx-framework\src\traditional\proc\p18f47j13.asm
              CM1CON1bits   0x000fd2       data     extern E:\3.46\pic18-lt\cxx-framework\src\traditional\proc\p18f47j13.asm
               CM1CONbits   0x000fd2       data     extern E:\3.46\pic18-lt\cxx-framework\src\traditional\proc\p18f47j13.asm
               OSCCONbits   0x000fd3       data     extern E:\3.46\pic18-lt\cxx-framework\src\traditional\proc\p18f47j13.asm
                   OSCCON   0x000fd3       data     extern E:\3.46\pic18-lt\cxx-framework\src\traditional\proc\p18f47j13.asm
                    T0CON   0x000fd5       data     extern E:\3.46\pic18-lt\cxx-framework\src\traditional\proc\p18f47j13.asm
                T0CONbits   0x000fd5       data     extern E:\3.46\pic18-lt\cxx-framework\src\traditional\proc\p18f47j13.asm
                    TMR0L   0x000fd6       data     extern E:\3.46\pic18-lt\cxx-framework\src\traditional\proc\p18f47j13.asm
                    TMR0H   0x000fd7       data     extern E:\3.46\pic18-lt\cxx-framework\src\traditional\proc\p18f47j13.asm
                   STATUS   0x000fd8       data     extern E:\3.46\pic18-lt\cxx-framework\src\traditional\proc\p18f47j13.asm
               STATUSbits   0x000fd8       data     extern E:\3.46\pic18-lt\cxx-framework\src\traditional\proc\p18f47j13.asm
                    FSR2L   0x000fd9       data     extern E:\3.46\pic18-lt\cxx-framework\src\traditional\proc\p18f47j13.asm
                     FSR2   0x000fd9       data     extern E:\3.46\pic18-lt\cxx-framework\src\traditional\proc\p18f47j13.asm
                    FSR2H   0x000fda       data     extern E:\3.46\pic18-lt\cxx-framework\src\traditional\proc\p18f47j13.asm
                   PLUSW2   0x000fdb       data     extern E:\3.46\pic18-lt\cxx-framework\src\traditional\proc\p18f47j13.asm
                  PREINC2   0x000fdc       data     extern E:\3.46\pic18-lt\cxx-framework\src\traditional\proc\p18f47j13.asm
                 POSTDEC2   0x000fdd       data     extern E:\3.46\pic18-lt\cxx-framework\src\traditional\proc\p18f47j13.asm
                 POSTINC2   0x000fde       data     extern E:\3.46\pic18-lt\cxx-framework\src\traditional\proc\p18f47j13.asm
                    INDF2   0x000fdf       data     extern E:\3.46\pic18-lt\cxx-framework\src\traditional\proc\p18f47j13.asm
                      BSR   0x000fe0       data     extern E:\3.46\pic18-lt\cxx-framework\src\traditional\proc\p18f47j13.asm
                     FSR1   0x000fe1       data     extern E:\3.46\pic18-lt\cxx-framework\src\traditional\proc\p18f47j13.asm
                    FSR1L   0x000fe1       data     extern E:\3.46\pic18-lt\cxx-framework\src\traditional\proc\p18f47j13.asm
                    FSR1H   0x000fe2       data     extern E:\3.46\pic18-lt\cxx-framework\src\traditional\proc\p18f47j13.asm
                   PLUSW1   0x000fe3       data     extern E:\3.46\pic18-lt\cxx-framework\src\traditional\proc\p18f47j13.asm
                  PREINC1   0x000fe4       data     extern E:\3.46\pic18-lt\cxx-framework\src\traditional\proc\p18f47j13.asm
                 POSTDEC1   0x000fe5       data     extern E:\3.46\pic18-lt\cxx-framework\src\traditional\proc\p18f47j13.asm
                 POSTINC1   0x000fe6       data     extern E:\3.46\pic18-lt\cxx-framework\src\traditional\proc\p18f47j13.asm
                    INDF1   0x000fe7       data     extern E:\3.46\pic18-lt\cxx-framework\src\traditional\proc\p18f47j13.asm
                     WREG   0x000fe8       data     extern E:\3.46\pic18-lt\cxx-framework\src\traditional\proc\p18f47j13.asm
                    FSR0L   0x000fe9       data     extern E:\3.46\pic18-lt\cxx-framework\src\traditional\proc\p18f47j13.asm
                     FSR0   0x000fe9       data     extern E:\3.46\pic18-lt\cxx-framework\src\traditional\proc\p18f47j13.asm
                    FSR0H   0x000fea       data     extern E:\3.46\pic18-lt\cxx-framework\src\traditional\proc\p18f47j13.asm
                   PLUSW0   0x000feb       data     extern E:\3.46\pic18-lt\cxx-framework\src\traditional\proc\p18f47j13.asm
                  PREINC0   0x000fec       data     extern E:\3.46\pic18-lt\cxx-framework\src\traditional\proc\p18f47j13.asm
                 POSTDEC0   0x000fed       data     extern E:\3.46\pic18-lt\cxx-framework\src\traditional\proc\p18f47j13.asm
                 POSTINC0   0x000fee       data     extern E:\3.46\pic18-lt\cxx-framework\src\traditional\proc\p18f47j13.asm
                    INDF0   0x000fef       data     extern E:\3.46\pic18-lt\cxx-framework\src\traditional\proc\p18f47j13.asm
              INTCON3bits   0x000ff0       data     extern E:\3.46\pic18-lt\cxx-framework\src\traditional\proc\p18f47j13.asm
                  INTCON3   0x000ff0       data     extern E:\3.46\pic18-lt\cxx-framework\src\traditional\proc\p18f47j13.asm
              INTCON2bits   0x000ff1       data     extern E:\3.46\pic18-lt\cxx-framework\src\traditional\proc\p18f47j13.asm
                  INTCON2   0x000ff1       data     extern E:\3.46\pic18-lt\cxx-framework\src\traditional\proc\p18f47j13.asm
               INTCONbits   0x000ff2       data     extern E:\3.46\pic18-lt\cxx-framework\src\traditional\proc\p18f47j13.asm
                   INTCON   0x000ff2       data     extern E:\3.46\pic18-lt\cxx-framework\src\traditional\proc\p18f47j13.asm
                    PRODL   0x000ff3       data     extern E:\3.46\pic18-lt\cxx-framework\src\traditional\proc\p18f47j13.asm
                     PROD   0x000ff3       data     extern E:\3.46\pic18-lt\cxx-framework\src\traditional\proc\p18f47j13.asm
                    PRODH   0x000ff4       data     extern E:\3.46\pic18-lt\cxx-framework\src\traditional\proc\p18f47j13.asm
                   TABLAT   0x000ff5       data     extern E:\3.46\pic18-lt\cxx-framework\src\traditional\proc\p18f47j13.asm
                  TBLPTRL   0x000ff6       data     extern E:\3.46\pic18-lt\cxx-framework\src\traditional\proc\p18f47j13.asm
                   TBLPTR   0x000ff6       data     extern E:\3.46\pic18-lt\cxx-framework\src\traditional\proc\p18f47j13.asm
                  TBLPTRH   0x000ff7       data     extern E:\3.46\pic18-lt\cxx-framework\src\traditional\proc\p18f47j13.asm
                  TBLPTRU   0x000ff8       data     extern E:\3.46\pic18-lt\cxx-framework\src\traditional\proc\p18f47j13.asm
                      PCL   0x000ff9       data     extern E:\3.46\pic18-lt\cxx-framework\src\traditional\proc\p18f47j13.asm
                       PC   0x000ff9       data     extern E:\3.46\pic18-lt\cxx-framework\src\traditional\proc\p18f47j13.asm
                   PCLATH   0x000ffa       data     extern E:\3.46\pic18-lt\cxx-framework\src\traditional\proc\p18f47j13.asm
                   PCLATU   0x000ffb       data     extern E:\3.46\pic18-lt\cxx-framework\src\traditional\proc\p18f47j13.asm
                   STKPTR   0x000ffc       data     extern E:\3.46\pic18-lt\cxx-framework\src\traditional\proc\p18f47j13.asm
               STKPTRbits   0x000ffc       data     extern E:\3.46\pic18-lt\cxx-framework\src\traditional\proc\p18f47j13.asm
                     TOSL   0x000ffd       data     extern E:\3.46\pic18-lt\cxx-framework\src\traditional\proc\p18f47j13.asm
                      TOS   0x000ffd       data     extern E:\3.46\pic18-lt\cxx-framework\src\traditional\proc\p18f47j13.asm
                     TOSH   0x000ffe       data     extern E:\3.46\pic18-lt\cxx-framework\src\traditional\proc\p18f47j13.asm
                     TOSU   0x000fff       data     extern E:\3.46\pic18-lt\cxx-framework\src\traditional\proc\p18f47j13.asm


