MPLINK 5.00, LINKER
Linker Map File - Created Mon Nov 30 11:24:08 2015

                                 Section Info
                  Section       Type    Address   Location Size(Bytes)
                ---------  ---------  ---------  ---------  ---------
               _entry_scn       code   0x000000    program   0x000006
           .code___init.o       code   0x000006    program   0x000002
               highVector       code   0x000008    program   0x000006
           .romdata_spi.o    romdata   0x00000e    program   0x000008
      .idata_fxd1616u.o_i    romdata   0x000016    program   0x000000
      .romdata_fxd0808u.o    romdata   0x000016    program   0x000000
      .idata_fxd0808u.o_i    romdata   0x000016    program   0x000000
      .romdata_security.o    romdata   0x000016    program   0x000000
      .idata_security.o_i    romdata   0x000016    program   0x000000
           .romdata_crc.o    romdata   0x000016    program   0x000000
           .idata_crc.o_i    romdata   0x000016    program   0x000000
       .idata_MRF89XA.o_i    romdata   0x000016    program   0x000002
    .romdata_SymbolTime.o    romdata   0x000016    program   0x000000
    .idata_SymbolTime.o_i    romdata   0x000016    program   0x000000
           .romdata_NVM.o    romdata   0x000016    program   0x000000
           .idata_NVM.o_i    romdata   0x000016    program   0x000000
          .romdata_MSPI.o    romdata   0x000016    program   0x000000
          .idata_MSPI.o_i    romdata   0x000016    program   0x000000
        .romdata_EEPROM.o    romdata   0x000016    program   0x000000
        .romdata_u2baud.o    romdata   0x000016    program   0x000000
        .idata_u2baud.o_i    romdata   0x000016    program   0x000000
        .romdata_u1baud.o    romdata   0x000016    program   0x000000
        .idata_u1baud.o_i    romdata   0x000016    program   0x000000
        .romdata___init.o    romdata   0x000016    program   0x000000
        .idata___init.o_i    romdata   0x000016    program   0x000000
       .romdata_t1write.o    romdata   0x000016    program   0x000000
       .idata_t1write.o_i    romdata   0x000016    program   0x000000
        .romdata_t1open.o    romdata   0x000016    program   0x000000
        .idata_t1open.o_i    romdata   0x000016    program   0x000000
        .romdata_u2open.o    romdata   0x000016    program   0x000000
        .idata_u2open.o_i    romdata   0x000016    program   0x000000
        .romdata_u1open.o    romdata   0x000016    program   0x000000
        .idata_u1open.o_i    romdata   0x000016    program   0x000000
       .romdata_fxm3232.o    romdata   0x000016    program   0x000000
       .idata_fxm3232.o_i    romdata   0x000016    program   0x000000
      .romdata_fxd1616u.o    romdata   0x000016    program   0x000000
         .idata_c018i.o_i    romdata   0x000016    program   0x000000
         .romdata_c018i.o    romdata   0x000016    program   0x000000
.romdata_HardwareProfile.o    romdata   0x000016    program   0x000000
    .romdata_MAC_EEProm.o    romdata   0x000016    program   0x000000
    .romdata_RadioBoard.o    romdata   0x000016    program   0x000000
         .romdata_gpios.o    romdata   0x000016    program   0x000000
        .romdata_system.o    romdata   0x000016    program   0x000000
     .idata_TimeDelay.o_i    romdata   0x000016    program   0x000000
     .romdata_TimeDelay.o    romdata   0x000016    program   0x000000
               lowhVector       code   0x000018    program   0x000006
                   .cinit    romdata   0x00001e    program   0x00004a
          .code_MiWiPRO.o       code   0x000068    program   0x007388
          .code_MRF89XA.o       code   0x0073f0    program   0x00111a
       .code_RadioBoard.o       code   0x00850a    program   0x0006a4
            .code_gpios.o       code   0x008bae    program   0x0002c2
        .code_TimeDelay.o       code   0x008e70    program   0x000224
  .code_HardwareProfile.o       code   0x009094    program   0x0001fc
             .stringtable    romdata   0x009290    program   0x0001c6
              .code_NVM.o       code   0x009456    program   0x0001a6
          .code_Console.o       code   0x0095fc    program   0x000188
              .code_spi.o       code   0x009784    program   0x00017a
       .code_MAC_EEProm.o       code   0x0098fe    program   0x000112
           .code_system.o       code   0x009a10    program   0x0000fc
       .code_SymbolTime.o       code   0x009b0c    program   0x0000c0
               _cinit_scn       code   0x009bcc    program   0x00009e
       .romdata_MRF89XA.o    romdata   0x009c6a    program   0x000080
           .code_u2open.o       code   0x009cea    program   0x000078
           .code_u1open.o       code   0x009d62    program   0x000072
          .code_fxm3232.o       code   0x009dd4    program   0x000070
             .code_MSPI.o       code   0x009e44    program   0x000066
           .code_t1open.o       code   0x009eaa    program   0x000054
       .romdata_MiWiPRO.o    romdata   0x009efe    program   0x00003c
          .code_t1write.o       code   0x009f3a    program   0x000038
         .code_fxd1616u.o       code   0x009f72    program   0x00002c
           .code_u2baud.o       code   0x009f9e    program   0x000022
           .code_u1baud.o       code   0x009fc0    program   0x000022
                    .code       code   0x009fe2    program   0x000020
             _startup_scn       code   0x00a002    program   0x00001c
         .code_fxd0808u.o       code   0x00a01e    program   0x00001c
       .romdata_Console.o    romdata   0x00a03a    program   0x000010
        .idata_system.o_i    romdata   0x00a04a    program   0x000050
           .idata_spi.o_i    romdata   0x00a09a    program   0x000012
         .idata_gpios.o_i    romdata   0x00a0ac    program   0x00001e
    .idata_RadioBoard.o_i    romdata   0x00a0ca    program   0x000016
       .idata_MiWiPRO.o_i    romdata   0x00a0e0    program   0x000009
    .idata_MAC_EEProm.o_i    romdata   0x00a0e9    program   0x000000
.idata_HardwareProfile.o_i    romdata   0x00a0e9    program   0x000000
       .idata_Console.o_i    romdata   0x00a0e9    program   0x000000
        .idata_EEPROM.o_i    romdata   0x00a0e9    program   0x000000
           .code_EEPROM.o       code   0x00a0ea    program   0x000000
            .code_c018i.o       code   0x00a0ea    program   0x000000
              .code_crc.o       code   0x00a0ea    program   0x000000
         .code_security.o       code   0x00a0ea    program   0x000000
.config_1fff8_HardwareProfile.o    romdata   0x01fff8    program   0x000001
.config_1fff9_HardwareProfile.o    romdata   0x01fff9    program   0x000001
.config_1fffa_HardwareProfile.o    romdata   0x01fffa    program   0x000001
.config_1fffb_HardwareProfile.o    romdata   0x01fffb    program   0x000001
.config_1fffc_HardwareProfile.o    romdata   0x01fffc    program   0x000001
.config_1fffd_HardwareProfile.o    romdata   0x01fffd    program   0x000001
.config_1fffe_HardwareProfile.o    romdata   0x01fffe    program   0x000001
.config_1ffff_HardwareProfile.o    romdata   0x01ffff    program   0x000001
                MATH_DATA      udata   0x000000       data   0x000010
                 .tmpdata      udata   0x000010       data   0x00000c
              HighISR_tmp      udata   0x00001c       data   0x000004
       __CONNECTION_TABLE      udata   0x000060       data   0x0000a0
         .udata_MiWiPRO.o      udata   0x000100       data   0x0000dc
           .idata_gpios.o      idata   0x0001dc       data   0x00001e
      .udata_RadioBoard.o      udata   0x000200       data   0x000095
          .idata_system.o      idata   0x000295       data   0x000050
      .idata_RadioBoard.o      idata   0x0002e5       data   0x000016
 .udata_HardwareProfile.o      udata   0x0002fb       data   0x000005
             MAC_RX_BUFFE      udata   0x000300       data   0x000072
            MAC_TX_BUFFER      udata   0x000372       data   0x000037
               TRX_BUFFER      udata   0x0003a9       data   0x00002b
         .udata_MRF89XA.o      udata   0x0003d4       data   0x000027
      .udata_SymbolTime.o      udata   0x0003fb       data   0x000004
         .idata_fxm3232.o      idata   0x0003ff       data   0x000000
         .udata_fxm3232.o      udata   0x0003ff       data   0x000000
        .idata_fxd1616u.o      idata   0x0003ff       data   0x000000
        .udata_fxd1616u.o      udata   0x0003ff       data   0x000000
        .idata_fxd0808u.o      idata   0x0003ff       data   0x000000
        .udata_fxd0808u.o      udata   0x0003ff       data   0x000000
        .idata_security.o      idata   0x0003ff       data   0x000000
        .udata_security.o      udata   0x0003ff       data   0x000000
             .idata_crc.o      idata   0x0003ff       data   0x000000
          .udata_u1open.o      udata   0x0003ff       data   0x000000
          .idata_u1open.o      idata   0x0003ff       data   0x000000
          .udata_u2open.o      udata   0x0003ff       data   0x000000
          .idata_u2open.o      idata   0x0003ff       data   0x000000
          .udata_t1open.o      udata   0x0003ff       data   0x000000
          .idata_t1open.o      idata   0x0003ff       data   0x000000
         .udata_t1write.o      udata   0x0003ff       data   0x000000
         .idata_t1write.o      idata   0x0003ff       data   0x000000
          .udata___init.o      udata   0x0003ff       data   0x000000
          .idata___init.o      idata   0x0003ff       data   0x000000
          .udata_u1baud.o      udata   0x0003ff       data   0x000000
          .idata_u1baud.o      idata   0x0003ff       data   0x000000
          .udata_u2baud.o      udata   0x0003ff       data   0x000000
          .idata_u2baud.o      idata   0x0003ff       data   0x000000
           .idata_c018i.o      idata   0x0003ff       data   0x000000
 .idata_HardwareProfile.o      idata   0x0003ff       data   0x000000
      .udata_MAC_EEProm.o      udata   0x0003ff       data   0x000000
      .idata_MAC_EEProm.o      idata   0x0003ff       data   0x000000
           .udata_gpios.o      udata   0x0003ff       data   0x000000
             .udata_spi.o      udata   0x0003ff       data   0x000000
          .udata_system.o      udata   0x0003ff       data   0x000000
       .udata_TimeDelay.o      udata   0x0003ff       data   0x000000
       .idata_TimeDelay.o      idata   0x0003ff       data   0x000000
         .udata_Console.o      udata   0x0003ff       data   0x000000
         .idata_Console.o      idata   0x0003ff       data   0x000000
          .udata_EEPROM.o      udata   0x0003ff       data   0x000000
          .idata_EEPROM.o      idata   0x0003ff       data   0x000000
            .udata_MSPI.o      udata   0x0003ff       data   0x000000
            .idata_MSPI.o      idata   0x0003ff       data   0x000000
             .idata_NVM.o      idata   0x0003ff       data   0x000000
             .udata_crc.o      udata   0x0003ff       data   0x000000
      .idata_SymbolTime.o      idata   0x0003ff       data   0x000000
             .idata_spi.o      idata   0x000400       data   0x000012
           .udata_c018i.o      udata   0x000412       data   0x00000a
         .idata_MiWiPRO.o      idata   0x00041c       data   0x000009
                   .stack      udata   0x000d00       data   0x000100
       RANDOM_SEND_BUFFER      udata   0x000e00       data   0x000096
             .udata_NVM.o      udata   0x000e96       data   0x000018
         .idata_MRF89XA.o      idata   0x000eae       data   0x000002
              SFR_BANKED0      udata   0x000eb8       data   0x000005
              SFR_BANKED1      udata   0x000ebf       data   0x00001a
              SFR_BANKED2      udata   0x000ee1       data   0x000004
              SFR_BANKED3      udata   0x000ee6       data   0x000005
              SFR_BANKED4      udata   0x000ef2       data   0x000003
              SFR_BANKED5      udata   0x000ef7       data   0x000002
              SFR_BANKED6      udata   0x000efc       data   0x000004
              SFR_BANKED7      udata   0x000f00       data   0x000026
              SFR_BANKED8      udata   0x000f3a       data   0x000009
              SFR_BANKED9      udata   0x000f44       data   0x00001c
            SFR_UNBANKED0      udata   0x000f66       data   0x00009a



                              Program Memory Usage 
                               Start         End      
                           ---------   ---------      
                            0x000000    0x00a0e8      
                            0x01fff8    0x01ffff      
            41201 out of 131074 program addresses used, program memory utilization is 31%



                              Symbols - Sorted by Name
                     Name    Address   Location    Storage File                     
                ---------  ---------  ---------  --------- ---------                
    AddNodeToNetworkTable   0x004cba    program     extern C:\microchip_solutions_v2013-06-15\Microchip\WirelessProtocols\MiWiPRO\MiWiPRO.c
                BoardInit   0x009094    program     extern C:\Users\INADEM\MPLABXProjects\PlayaBonita_RadioBoard.X\HardwareProfile.c
          BroadcastJitter   0x00006c    program     extern C:\microchip_solutions_v2013-06-15\Microchip\WirelessProtocols\MiWiPRO\MiWiPRO.c
            ButtonPressed   0x0090ec    program     extern C:\Users\INADEM\MPLABXProjects\PlayaBonita_RadioBoard.X\HardwareProfile.c
           CharacterArray   0x00a03a    program     extern C:\microchip_solutions_v2013-06-15\Microchip\WirelessProtocols\Console.c
               ConsoleGet   0x009662    program     extern C:\microchip_solutions_v2013-06-15\Microchip\WirelessProtocols\Console.c
              ConsoleInit   0x0095fc    program     extern C:\microchip_solutions_v2013-06-15\Microchip\WirelessProtocols\Console.c
               ConsolePut   0x009648    program     extern C:\microchip_solutions_v2013-06-15\Microchip\WirelessProtocols\Console.c
      ConsolePutROMString   0x00960e    program     extern C:\microchip_solutions_v2013-06-15\Microchip\WirelessProtocols\Console.c
                Delay10us   0x008e70    program     extern C:\microchip_solutions_v2013-06-15\Microchip\Common\TimeDelay.c
                  DelayMs   0x008f86    program     extern C:\microchip_solutions_v2013-06-15\Microchip\Common\TimeDelay.c
           DumpConnection   0x003f52    program     extern C:\microchip_solutions_v2013-06-15\Microchip\WirelessProtocols\MiWiPRO\MiWiPRO.c
               EEPROMRead   0x0098fe    program     extern C:\Users\INADEM\MPLABXProjects\PlayaBonita_RadioBoard.X\MAC_EEProm.c
                 FXD0808U   0x00a01e    program     extern E:\3.46\pic18-lt\cxx-framework\src\traditional\math\fxd0808u.c
                 FXD1616U   0x009f72    program     extern E:\3.46\pic18-lt\cxx-framework\src\traditional\math\fxd1616u.c
                  FXM3232   0x009dd4    program     extern E:\3.46\pic18-lt\cxx-framework\src\traditional\math\fxm3232.c
                FindDepth   0x003470    program     extern C:\microchip_solutions_v2013-06-15\Microchip\WirelessProtocols\MiWiPRO\MiWiPRO.c
          FindRoutingPath   0x003502    program     extern C:\microchip_solutions_v2013-06-15\Microchip\WirelessProtocols\MiWiPRO\MiWiPRO.c
       Gpios_PinDirection   0x008bae    program     extern C:\CodeBank8\bsp\Microchip\gpios\gpios.c
          Gpios_PullupPin   0x008cea    program     extern C:\CodeBank8\bsp\Microchip\gpios\gpios.c
         Gpios_SetPullups   0x008e56    program     extern C:\CodeBank8\bsp\Microchip\gpios\gpios.c
          Gpios_TogglePin   0x008cf6    program     extern C:\CodeBank8\bsp\Microchip\gpios\gpios.c
           Gpios_WritePin   0x008c4c    program     extern C:\CodeBank8\bsp\Microchip\gpios\gpios.c
          Gpios_WritePort   0x008d96    program     extern C:\CodeBank8\bsp\Microchip\gpios\gpios.c
          Gpios_WriteTris   0x008df6    program     extern C:\CodeBank8\bsp\Microchip\gpios\gpios.c
           Gpios_bReadPin   0x008d46    program     extern C:\CodeBank8\bsp\Microchip\gpios\gpios.c
         Gpios_u8ReadPort   0x008dc8    program     extern C:\CodeBank8\bsp\Microchip\gpios\gpios.c
      Gpios_u8ReadPullups   0x008e62    program     extern C:\CodeBank8\bsp\Microchip\gpios\gpios.c
         Gpios_u8ReadTris   0x008e28    program     extern C:\CodeBank8\bsp\Microchip\gpios\gpios.c
                  HighISR   0x007e6a    program     extern C:\microchip_solutions_v2013-06-15\Microchip\Transceivers\MRF89XA\MRF89XA.c
               HighVector   0x000008    program     extern C:\microchip_solutions_v2013-06-15\Microchip\Transceivers\MRF89XA\MRF89XA.c
              IGNORE_HERE   0x007f86    program     static                          
           InitConfigRegs   0x009caa    program     extern C:\microchip_solutions_v2013-06-15\Microchip\Transceivers\MRF89XA\MRF89XA.c
          InitSymbolTimer   0x009b0c    program     extern C:\microchip_solutions_v2013-06-15\Microchip\WirelessProtocols\SymbolTime.c
                LowVector   0x000018    program     extern C:\microchip_solutions_v2013-06-15\Microchip\Transceivers\MRF89XA\MRF89XA.c
                 MacroNop   0x000068    program     extern C:\microchip_solutions_v2013-06-15\Microchip\WirelessProtocols\MiWiPRO\MiWiPRO.c
    MiApp_BroadcastPacket   0x005b18    program     extern C:\microchip_solutions_v2013-06-15\Microchip\WirelessProtocols\MiWiPRO\MiWiPRO.c
     MiApp_ConnectionMode   0x0053ea    program     extern C:\microchip_solutions_v2013-06-15\Microchip\WirelessProtocols\MiWiPRO\MiWiPRO.c
     MiApp_DiscardMessage   0x005b10    program     extern C:\microchip_solutions_v2013-06-15\Microchip\WirelessProtocols\MiWiPRO\MiWiPRO.c
MiApp_EstablishConnection   0x005622    program     extern C:\microchip_solutions_v2013-06-15\Microchip\WirelessProtocols\MiWiPRO\MiWiPRO.c
 MiApp_InitChannelHopping   0x006b46    program     extern C:\microchip_solutions_v2013-06-15\Microchip\WirelessProtocols\MiWiPRO\MiWiPRO.c
   MiApp_MessageAvailable   0x005b00    program     extern C:\microchip_solutions_v2013-06-15\Microchip\WirelessProtocols\MiWiPRO\MiWiPRO.c
     MiApp_NoiseDetection   0x00655a    program     extern C:\microchip_solutions_v2013-06-15\Microchip\WirelessProtocols\MiWiPRO\MiWiPRO.c
       MiApp_ProtocolInit   0x004e30    program     extern C:\microchip_solutions_v2013-06-15\Microchip\WirelessProtocols\MiWiPRO\MiWiPRO.c
   MiApp_RemoveConnection   0x006f7e    program     extern C:\microchip_solutions_v2013-06-15\Microchip\WirelessProtocols\MiWiPRO\MiWiPRO.c
   MiApp_ResyncConnection   0x0067e2    program     extern C:\microchip_solutions_v2013-06-15\Microchip\WirelessProtocols\MiWiPRO\MiWiPRO.c
   MiApp_SearchConnection   0x005444    program     extern C:\microchip_solutions_v2013-06-15\Microchip\WirelessProtocols\MiWiPRO\MiWiPRO.c
         MiApp_SetChannel   0x005398    program     extern C:\microchip_solutions_v2013-06-15\Microchip\WirelessProtocols\MiWiPRO\MiWiPRO.c
    MiApp_StartConnection   0x00635e    program     extern C:\microchip_solutions_v2013-06-15\Microchip\WirelessProtocols\MiWiPRO\MiWiPRO.c
     MiApp_UnicastAddress   0x005e3e    program     extern C:\microchip_solutions_v2013-06-15\Microchip\WirelessProtocols\MiWiPRO\MiWiPRO.c
  MiApp_UnicastConnection   0x005bd4    program     extern C:\microchip_solutions_v2013-06-15\Microchip\WirelessProtocols\MiWiPRO\MiWiPRO.c
  MiMAC_ChannelAssessment   0x007d48    program     extern C:\microchip_solutions_v2013-06-15\Microchip\Transceivers\MRF89XA\MRF89XA.c
      MiMAC_DiscardPacket   0x007d26    program     extern C:\microchip_solutions_v2013-06-15\Microchip\Transceivers\MRF89XA\MRF89XA.c
               MiMAC_Init   0x0077d6    program     extern C:\microchip_solutions_v2013-06-15\Microchip\Transceivers\MRF89XA\MRF89XA.c
     MiMAC_ReceivedPacket   0x007ada    program     extern C:\microchip_solutions_v2013-06-15\Microchip\Transceivers\MRF89XA\MRF89XA.c
         MiMAC_SendPacket   0x007920    program     extern C:\microchip_solutions_v2013-06-15\Microchip\Transceivers\MRF89XA\MRF89XA.c
      MiMAC_SetAltAddress   0x0076c8    program     extern C:\microchip_solutions_v2013-06-15\Microchip\Transceivers\MRF89XA\MRF89XA.c
         MiMAC_SetChannel   0x0076d6    program     extern C:\microchip_solutions_v2013-06-15\Microchip\Transceivers\MRF89XA\MRF89XA.c
           MiMAC_SetPower   0x007798    program     extern C:\microchip_solutions_v2013-06-15\Microchip\Transceivers\MRF89XA\MRF89XA.c
             MiWiPROTasks   0x00012e    program     extern C:\microchip_solutions_v2013-06-15\Microchip\WirelessProtocols\MiWiPRO\MiWiPRO.c
             MiWi_TickGet   0x009b20    program     extern C:\microchip_solutions_v2013-06-15\Microchip\WirelessProtocols\SymbolTime.c
                MultiCast   0x005b38    program     extern C:\microchip_solutions_v2013-06-15\Microchip\WirelessProtocols\MiWiPRO\MiWiPRO.c
                  NVMInit   0x0094d8    program     extern C:\microchip_solutions_v2013-06-15\Microchip\WirelessProtocols\NVM.c
                  NVMRead   0x009456    program     extern C:\microchip_solutions_v2013-06-15\Microchip\WirelessProtocols\NVM.c
                 NVMWrite   0x009462    program     extern C:\microchip_solutions_v2013-06-15\Microchip\WirelessProtocols\NVM.c
                 NVMalloc   0x00946e    program     extern C:\microchip_solutions_v2013-06-15\Microchip\WirelessProtocols\NVM.c
               Open1USART   0x009d62    program     extern E:\3.46\pic18-lt\cxx-framework\src\pmc_common\USART\u1open.c
               Open2USART   0x009cea    program     extern E:\3.46\pic18-lt\cxx-framework\src\pmc_common\USART\u2open.c
               OpenSocket   0x0046da    program     extern C:\microchip_solutions_v2013-06-15\Microchip\WirelessProtocols\MiWiPRO\MiWiPRO.c
               OpenTimer1   0x009eaa    program     extern E:\3.46\pic18-lt\cxx-framework\src\pmc_common\Timers\t1open.c
                   PVALUE   0x009c6a    program     extern C:\microchip_solutions_v2013-06-15\Microchip\Transceivers\MRF89XA\MRF89XA.c
                PrintChar   0x00966e    program     extern C:\microchip_solutions_v2013-06-15\Microchip\WirelessProtocols\Console.c
                 PrintDec   0x0096d0    program     extern C:\microchip_solutions_v2013-06-15\Microchip\WirelessProtocols\Console.c
              RETURN_HERE   0x008486    program     static                          
                RadioTask   0x008786    program     extern C:\Users\INADEM\MPLABXProjects\PlayaBonita_RadioBoard.X\RadioBoard.c
         Read_MAC_Address   0x009952    program     extern C:\Users\INADEM\MPLABXProjects\PlayaBonita_RadioBoard.X\MAC_EEProm.c
             RegisterRead   0x007470    program     extern C:\microchip_solutions_v2013-06-15\Microchip\Transceivers\MRF89XA\MRF89XA.c
              RegisterSet   0x007420    program     extern C:\microchip_solutions_v2013-06-15\Microchip\Transceivers\MRF89XA\MRF89XA.c
             RouteMessage   0x003ac0    program     extern C:\microchip_solutions_v2013-06-15\Microchip\WirelessProtocols\MiWiPRO\MiWiPRO.c
                 Rs485Get   0x0086bc    program     extern C:\Users\INADEM\MPLABXProjects\PlayaBonita_RadioBoard.X\RadioBoard.c
           Rs485GetString   0x00871c    program     extern C:\Users\INADEM\MPLABXProjects\PlayaBonita_RadioBoard.X\RadioBoard.c
                 Rs485Put   0x0086a2    program     extern C:\Users\INADEM\MPLABXProjects\PlayaBonita_RadioBoard.X\RadioBoard.c
                   SPIGet   0x009e6e    program     extern C:\microchip_solutions_v2013-06-15\Microchip\WirelessProtocols\MSPI.c
                  SPIGet2   0x009ea0    program     extern C:\microchip_solutions_v2013-06-15\Microchip\WirelessProtocols\MSPI.c
                   SPIPut   0x009e44    program     extern C:\microchip_solutions_v2013-06-15\Microchip\WirelessProtocols\MSPI.c
                  SPIPut2   0x009e78    program     extern C:\microchip_solutions_v2013-06-15\Microchip\WirelessProtocols\MSPI.c
                   SVALUE   0x009c8a    program     extern C:\microchip_solutions_v2013-06-15\Microchip\Transceivers\MRF89XA\MRF89XA.c
                 ScanTime   0x009efe    program     extern C:\microchip_solutions_v2013-06-15\Microchip\WirelessProtocols\MiWiPRO\MiWiPRO.c
     SearchForLongAddress   0x004be4    program     extern C:\microchip_solutions_v2013-06-15\Microchip\WirelessProtocols\MiWiPRO\MiWiPRO.c
    SearchForShortAddress   0x004a3e    program     extern C:\microchip_solutions_v2013-06-15\Microchip\WirelessProtocols\MiWiPRO\MiWiPRO.c
               SendBeacon   0x004ada    program     extern C:\microchip_solutions_v2013-06-15\Microchip\WirelessProtocols\MiWiPRO\MiWiPRO.c
            SendMACPacket   0x003e8e    program     extern C:\microchip_solutions_v2013-06-15\Microchip\WirelessProtocols\MiWiPRO\MiWiPRO.c
                SetRFMode   0x0078a0    program     extern C:\microchip_solutions_v2013-06-15\Microchip\Transceivers\MRF89XA\MRF89XA.c
                 Spi_Init   0x009784    program     extern C:\CodeBank8\bsp\Microchip\spi\spi.c
              Spi_SetMode   0x0097f6    program     extern C:\CodeBank8\bsp\Microchip\spi\spi.c
           Spi_u8Transfer   0x00987a    program     extern C:\CodeBank8\bsp\Microchip\spi\spi.c
      StartChannelHopping   0x006a20    program     extern C:\microchip_solutions_v2013-06-15\Microchip\WirelessProtocols\MiWiPRO\MiWiPRO.c
  StartWirelessConnection   0x00850a    program     extern C:\Users\INADEM\MPLABXProjects\PlayaBonita_RadioBoard.X\RadioBoard.c
 System_DisableInterrupts   0x009a58    program     extern C:\CodeBank8\bsp\Microchip\system\system.c
  System_EnableInterrupts   0x009a50    program     extern C:\CodeBank8\bsp\Microchip\system\system.c
         System_EnablePLL   0x009a10    program     extern C:\CodeBank8\bsp\Microchip\system\system.c
System_PeripheralPinSelect   0x009a60    program     extern C:\CodeBank8\bsp\Microchip\system\system.c
               Timer1Tick   0x00859e    program     extern C:\Users\INADEM\MPLABXProjects\PlayaBonita_RadioBoard.X\RadioBoard.c
                 TxPacket   0x007512    program     extern C:\microchip_solutions_v2013-06-15\Microchip\Transceivers\MRF89XA\MRF89XA.c
     UserInterruptHandler   0x0091d2    program     extern C:\Users\INADEM\MPLABXProjects\PlayaBonita_RadioBoard.X\HardwareProfile.c
                WriteFIFO   0x0074d8    program     extern C:\microchip_solutions_v2013-06-15\Microchip\Transceivers\MRF89XA\MRF89XA.c
              WriteTimer1   0x009f3a    program     extern E:\3.46\pic18-lt\cxx-framework\src\pmc_common\Timers\t1write.c
       ___case_1_lbl00058   0x0088a8    program     static                          
       ___case_2_lbl00062   0x00896a    program     static                          
      ___default_lbl00063   0x008a06    program     static                          
         ___else_lbl00004   0x008f26    program     static                          
         ___else_lbl00006   0x008e80    program     static                          
         ___else_lbl00011   0x009034    program     static                          
         ___else_lbl00048   0x008822    program     static                          
         ___else_lbl00095   0x007f56    program     static                          
         ___else_lbl00105   0x00802a    program     static                          
         ___else_lbl00109   0x00809a    program     static                          
         ___else_lbl00134   0x008480    program     static                          
          ___for_lbl00055   0x008958    program     static                          
          ___for_lbl00056   0x00895e    program     static                          
          ___for_lbl00057   0x008928    program     static                          
          ___for_lbl00059   0x0089f4    program     static                          
          ___for_lbl00060   0x0089fa    program     static                          
          ___for_lbl00061   0x0089c4    program     static                          
          ___for_lbl00090   0x007f3c    program     static                          
          ___for_lbl00091   0x007f42    program     static                          
          ___for_lbl00093   0x007f0e    program     static                          
          ___for_lbl00111   0x0081c6    program     static                          
          ___for_lbl00112   0x0081cc    program     static                          
          ___for_lbl00114   0x00813c    program     static                          
          ___for_lbl00116   0x008230    program     static                          
          ___for_lbl00117   0x008236    program     static                          
          ___for_lbl00118   0x0081ee    program     static                          
          ___for_lbl00119   0x0082b6    program     static                          
          ___for_lbl00120   0x0082bc    program     static                          
          ___for_lbl00121   0x008274    program     static                          
          ___for_lbl00123   0x00839e    program     static                          
          ___for_lbl00124   0x0083a4    program     static                          
          ___for_lbl00129   0x0082c0    program     static                          
           ___if_lbl00003   0x008f72    program     static                          
           ___if_lbl00005   0x008f72    program     static                          
           ___if_lbl00010   0x009080    program     static                          
           ___if_lbl00047   0x008826    program     static                          
           ___if_lbl00051   0x008888    program     static                          
           ___if_lbl00052   0x00888c    program     static                          
           ___if_lbl00054   0x0088b8    program     static                          
           ___if_lbl00064   0x008a08    program     static                          
           ___if_lbl00092   0x007f3c    program     static                          
           ___if_lbl00094   0x007f5a    program     static                          
           ___if_lbl00101   0x007fbc    program     static                          
           ___if_lbl00104   0x00806a    program     static                          
           ___if_lbl00106   0x008094    program     static                          
           ___if_lbl00107   0x0080ae    program     static                          
           ___if_lbl00108   0x0080ae    program     static                          
           ___if_lbl00110   0x0080f2    program     static                          
           ___if_lbl00113   0x0081c6    program     static                          
           ___if_lbl00115   0x0081cc    program     static                          
           ___if_lbl00122   0x0082bc    program     static                          
           ___if_lbl00126   0x008370    program     static                          
           ___if_lbl00128   0x00839e    program     static                          
           ___if_lbl00130   0x008462    program     static                          
           ___if_lbl00131   0x00847a    program     static                          
           ___if_lbl00132   0x00847c    program     static                          
           ___if_lbl00133   0x008486    program     static                          
           ___if_lbl00135   0x00848a    program     static                          
           ___if_lbl00136   0x0084a2    program     static                          
           ___if_lbl00137   0x0084a2    program     static                          
           ___if_lbl00138   0x0084a2    program     static                          
       ___return_lbl00000   0x00a038    program     static                          
       ___return_lbl00000   0x009f9c    program     static                          
       ___return_lbl00000   0x008f72    program     static                          
       ___return_lbl00000   0x009e42    program     static                          
       ___return_lbl00000   0x000004    program     static                          
       ___return_lbl00000   0x00006a    program     static                          
       ___return_lbl00001   0x00a01c    program     static                          
       ___return_lbl00002   0x009c68    program     static                          
       ___return_lbl00007   0x009080    program     static                          
       ___return_lbl00010   0x009afa    program     static                          
       ___return_lbl00011   0x009b0a    program     static                          
       ___return_lbl00043   0x008a08    program     static                          
       ___return_lbl00088   0x0084a6    program     static                          
       ___return_lbl00139   0x00000c    program     static                          
       ___return_lbl00140   0x00001c    program     static                          
   ___switchexit_lbl00053   0x008a08    program     static                          
        ___while_lbl00001   0x008f26    program     static                          
        ___while_lbl00002   0x008f72    program     static                          
        ___while_lbl00008   0x009034    program     static                          
        ___while_lbl00009   0x009080    program     static                          
        ___while_lbl00049   0x00887e    program     static                          
        ___while_lbl00050   0x008882    program     static                          
        ___while_lbl00099   0x007f98    program     static                          
        ___while_lbl00100   0x007fba    program     static                          
        ___while_lbl00102   0x007fd6    program     static                          
        ___while_lbl00103   0x00847e    program     static                          
               __config_0   0x01fff8    program     static C:\Users\INADEM\MPLABXProjects\PlayaBonita_RadioBoard.X\HardwareProfile.c
               __config_1   0x01fff9    program     static C:\Users\INADEM\MPLABXProjects\PlayaBonita_RadioBoard.X\HardwareProfile.c
               __config_2   0x01fffa    program     static C:\Users\INADEM\MPLABXProjects\PlayaBonita_RadioBoard.X\HardwareProfile.c
               __config_3   0x01fffb    program     static C:\Users\INADEM\MPLABXProjects\PlayaBonita_RadioBoard.X\HardwareProfile.c
               __config_4   0x01fffc    program     static C:\Users\INADEM\MPLABXProjects\PlayaBonita_RadioBoard.X\HardwareProfile.c
               __config_5   0x01fffd    program     static C:\Users\INADEM\MPLABXProjects\PlayaBonita_RadioBoard.X\HardwareProfile.c
               __config_6   0x01fffe    program     static C:\Users\INADEM\MPLABXProjects\PlayaBonita_RadioBoard.X\HardwareProfile.c
               __config_7   0x01ffff    program     static C:\Users\INADEM\MPLABXProjects\PlayaBonita_RadioBoard.X\HardwareProfile.c
                   __init   0x000006    program     extern E:\3.46\pic18-lt\cxx-framework\src\traditional\stdclib\__init.c
               __string_0   0x00943f    program     static C:\microchip_solutions_v2013-06-15\Microchip\WirelessProtocols\MiWiPRO\MiWiPRO.c
               __string_1   0x00942a    program     static C:\microchip_solutions_v2013-06-15\Microchip\WirelessProtocols\MiWiPRO\MiWiPRO.c
              __string_10   0x009355    program     static C:\microchip_solutions_v2013-06-15\Microchip\WirelessProtocols\MiWiPRO\MiWiPRO.c
              __string_11   0x00934c    program     static C:\microchip_solutions_v2013-06-15\Microchip\WirelessProtocols\MiWiPRO\MiWiPRO.c
              __string_12   0x009344    program     static C:\microchip_solutions_v2013-06-15\Microchip\WirelessProtocols\MiWiPRO\MiWiPRO.c
              __string_13   0x009339    program     static C:\microchip_solutions_v2013-06-15\Microchip\WirelessProtocols\MiWiPRO\MiWiPRO.c
              __string_14   0x009334    program     static C:\microchip_solutions_v2013-06-15\Microchip\WirelessProtocols\MiWiPRO\MiWiPRO.c
              __string_15   0x009331    program     static C:\microchip_solutions_v2013-06-15\Microchip\WirelessProtocols\MiWiPRO\MiWiPRO.c
              __string_16   0x009321    program     static C:\microchip_solutions_v2013-06-15\Microchip\WirelessProtocols\MiWiPRO\MiWiPRO.c
              __string_17   0x0092f6    program     static C:\microchip_solutions_v2013-06-15\Microchip\WirelessProtocols\MiWiPRO\MiWiPRO.c
              __string_18   0x0092f3    program     static C:\microchip_solutions_v2013-06-15\Microchip\WirelessProtocols\MiWiPRO\MiWiPRO.c
              __string_19   0x0092dc    program     static C:\microchip_solutions_v2013-06-15\Microchip\WirelessProtocols\MiWiPRO\MiWiPRO.c
               __string_2   0x009415    program     static C:\microchip_solutions_v2013-06-15\Microchip\WirelessProtocols\MiWiPRO\MiWiPRO.c
              __string_20   0x0092d1    program     static C:\microchip_solutions_v2013-06-15\Microchip\WirelessProtocols\MiWiPRO\MiWiPRO.c
              __string_21   0x0092ce    program     static C:\microchip_solutions_v2013-06-15\Microchip\WirelessProtocols\MiWiPRO\MiWiPRO.c
              __string_22   0x0092cc    program     static C:\microchip_solutions_v2013-06-15\Microchip\WirelessProtocols\MiWiPRO\MiWiPRO.c
              __string_23   0x0092b8    program     static C:\microchip_solutions_v2013-06-15\Microchip\WirelessProtocols\MiWiPRO\MiWiPRO.c
              __string_24   0x009290    program     static C:\microchip_solutions_v2013-06-15\Microchip\WirelessProtocols\MiWiPRO\MiWiPRO.c
               __string_3   0x0093f3    program     static C:\microchip_solutions_v2013-06-15\Microchip\WirelessProtocols\MiWiPRO\MiWiPRO.c
               __string_4   0x0093d5    program     static C:\microchip_solutions_v2013-06-15\Microchip\WirelessProtocols\MiWiPRO\MiWiPRO.c
               __string_5   0x0093c5    program     static C:\microchip_solutions_v2013-06-15\Microchip\WirelessProtocols\MiWiPRO\MiWiPRO.c
               __string_6   0x0093b6    program     static C:\microchip_solutions_v2013-06-15\Microchip\WirelessProtocols\MiWiPRO\MiWiPRO.c
               __string_7   0x0093ac    program     static C:\microchip_solutions_v2013-06-15\Microchip\WirelessProtocols\MiWiPRO\MiWiPRO.c
               __string_8   0x0093a0    program     static C:\microchip_solutions_v2013-06-15\Microchip\WirelessProtocols\MiWiPRO\MiWiPRO.c
               __string_9   0x009358    program     static C:\microchip_solutions_v2013-06-15\Microchip\WirelessProtocols\MiWiPRO\MiWiPRO.c
               __tmplbl_0   0x008f22    program     static                          
               __tmplbl_1   0x008f54    program     static                          
              __tmplbl_10   0x007f86    program     static                          
             __tmplbl_100   0x002cea    program     static                          
             __tmplbl_102   0x002cea    program     static                          
             __tmplbl_103   0x002cea    program     static                          
             __tmplbl_106   0x001a56    program     static                          
             __tmplbl_107   0x001a56    program     static                          
             __tmplbl_108   0x001a56    program     static                          
             __tmplbl_109   0x001a56    program     static                          
              __tmplbl_11   0x007f70    program     static                          
             __tmplbl_111   0x0019e6    program     static                          
             __tmplbl_112   0x0019ac    program     static                          
             __tmplbl_113   0x0019a6    program     static                          
             __tmplbl_114   0x001952    program     static                          
             __tmplbl_115   0x001884    program     static                          
             __tmplbl_116   0x00185c    program     static                          
             __tmplbl_117   0x0017e8    program     static                          
             __tmplbl_118   0x00178c    program     static                          
             __tmplbl_119   0x001722    program     static                          
              __tmplbl_12   0x007f6a    program     static                          
             __tmplbl_120   0x001592    program     static                          
             __tmplbl_121   0x0012b2    program     static                          
             __tmplbl_122   0x001266    program     static                          
             __tmplbl_123   0x0011fe    program     static                          
             __tmplbl_124   0x00103a    program     static                          
             __tmplbl_126   0x002cea    program     static                          
             __tmplbl_128   0x002cea    program     static                          
             __tmplbl_129   0x002cea    program     static                          
              __tmplbl_13   0x007f80    program     static                          
             __tmplbl_133   0x002cea    program     static                          
             __tmplbl_134   0x002cea    program     static                          
             __tmplbl_139   0x002cea    program     static                          
              __tmplbl_14   0x00832c    program     static                          
             __tmplbl_140   0x002cea    program     static                          
             __tmplbl_141   0x002cea    program     static                          
             __tmplbl_142   0x002cea    program     static                          
             __tmplbl_143   0x002962    program     static                          
             __tmplbl_144   0x0020ba    program     static                          
             __tmplbl_145   0x002cea    program     static                          
             __tmplbl_146   0x002cea    program     static                          
             __tmplbl_148   0x002cea    program     static                          
             __tmplbl_149   0x002cea    program     static                          
              __tmplbl_15   0x0082ea    program     static                          
             __tmplbl_150   0x0020c0    program     static                          
             __tmplbl_151   0x002cea    program     static                          
             __tmplbl_152   0x002cea    program     static                          
             __tmplbl_153   0x0020ac    program     static                          
             __tmplbl_154   0x002cea    program     static                          
             __tmplbl_155   0x002cea    program     static                          
             __tmplbl_156   0x002cea    program     static                          
             __tmplbl_157   0x002cea    program     static                          
             __tmplbl_158   0x002cea    program     static                          
             __tmplbl_159   0x002cea    program     static                          
              __tmplbl_16   0x008392    program     static                          
             __tmplbl_160   0x002cea    program     static                          
             __tmplbl_161   0x002cea    program     static                          
             __tmplbl_163   0x002cea    program     static                          
             __tmplbl_164   0x002cea    program     static                          
             __tmplbl_165   0x002cea    program     static                          
             __tmplbl_166   0x002cea    program     static                          
             __tmplbl_167   0x002caa    program     static                          
             __tmplbl_168   0x002cae    program     static                          
             __tmplbl_169   0x002cea    program     static                          
              __tmplbl_17   0x008378    program     static                          
             __tmplbl_170   0x002cea    program     static                          
             __tmplbl_171   0x002cea    program     static                          
             __tmplbl_172   0x002cea    program     static                          
             __tmplbl_173   0x002cea    program     static                          
             __tmplbl_174   0x002cea    program     static                          
             __tmplbl_175   0x002cb4    program     static                          
             __tmplbl_176   0x002624    program     static                          
             __tmplbl_178   0x002cea    program     static                          
             __tmplbl_179   0x002cea    program     static                          
             __tmplbl_180   0x002cea    program     static                          
             __tmplbl_181   0x002cea    program     static                          
             __tmplbl_183   0x002cea    program     static                          
               __tmplbl_2   0x00902e    program     static                          
               __tmplbl_2   0x0087fa    program     static                          
               __tmplbl_3   0x0087d8    program     static                          
               __tmplbl_3   0x009062    program     static                          
               __tmplbl_4   0x0087c4    program     static                          
               __tmplbl_5   0x0087ae    program     static                          
               __tmplbl_8   0x007eda    program     static                          
               __tmplbl_9   0x007ed2    program     static                          
              __tmplbl_94   0x002cf4    program     static                          
              __tmplbl_95   0x00345c    program     static                          
              __tmplbl_97   0x001e12    program     static                          
              __tmplbl_98   0x001b4c    program     static                          
              __tmplbl_99   0x002cea    program     static                          
            __zero_memory   0x009fe2    program     extern E:\3.46\pic18-lt\cxx-framework\src\traditional\proc\p18f47j13.asm
                _do_cinit   0x009bcc    program     extern E:\3.46\pic18-lt\cxx-framework\src\traditional\startup\c018i.c
                   _entry   0x000000    program     extern E:\3.46\pic18-lt\cxx-framework\src\traditional\startup\c018i.c
                 _startup   0x00a002    program     extern E:\3.46\pic18-lt\cxx-framework\src\traditional\startup\c018i.c
               baud1USART   0x009fc0    program     extern E:\3.46\pic18-lt\cxx-framework\src\pmc_common\USART\u1baud.c
               baud2USART   0x009f9e    program     extern E:\3.46\pic18-lt\cxx-framework\src\pmc_common\USART\u2baud.c
                compare_l   0x009ff8    program     static E:\3.46\pic18-lt\cxx-framework\src\traditional\proc\p18f47j13.asm
                copy_loop   0x009c3e    program     static                          
            copy_one_byte   0x009c44    program     static                          
                     done   0x009c68    program     static                          
             done_copying   0x009c52    program     static                          
                  endloop   0x00a034    program     static                          
                  endloop   0x009f98    program     static                          
     findNextNetworkEntry   0x003f0a    program     extern C:\microchip_solutions_v2013-06-15\Microchip\WirelessProtocols\MiWiPRO\MiWiPRO.c
              gau8ModeCKE   0x000012    program     static C:\CodeBank8\bsp\Microchip\spi\spi.c
              gau8ModeCKP   0x00000e    program     static C:\CodeBank8\bsp\Microchip\spi\spi.c
            getReceiverBW   0x0073f0    program     extern C:\microchip_solutions_v2013-06-15\Microchip\Transceivers\MRF89XA\MRF89XA.c
            isSameAddress   0x004dd0    program     extern C:\microchip_solutions_v2013-06-15\Microchip\WirelessProtocols\MiWiPRO\MiWiPRO.c
                     lock   0x009afc    program     static C:\CodeBank8\bsp\Microchip\system\system.c
                     loop   0x009f7c    program     static                          
                     loop   0x00a026    program     static                          
                     loop   0x00a012    program     static                          
                   loop_h   0x009ff0    program     static E:\3.46\pic18-lt\cxx-framework\src\traditional\proc\p18f47j13.asm
                   loop_l   0x009ffa    program     static E:\3.46\pic18-lt\cxx-framework\src\traditional\proc\p18f47j13.asm
                     main   0x008a12    program     extern C:\Users\INADEM\MPLABXProjects\PlayaBonita_RadioBoard.X\RadioBoard.c
                     test   0x009be6    program     static                          
                   unlock   0x009aee    program     static C:\CodeBank8\bsp\Microchip\system\system.c
               zero_block   0x009ff0    program     static E:\3.46\pic18-lt\cxx-framework\src\traditional\proc\p18f47j13.asm
                   ADCON0   0x000fc2       data     extern E:\3.46\pic18-lt\cxx-framework\src\traditional\proc\p18f47j13.asm
               ADCON0bits   0x000fc2       data     extern E:\3.46\pic18-lt\cxx-framework\src\traditional\proc\p18f47j13.asm
                   ADCON1   0x000fc1       data     extern E:\3.46\pic18-lt\cxx-framework\src\traditional\proc\p18f47j13.asm
               ADCON1bits   0x000fc1       data     extern E:\3.46\pic18-lt\cxx-framework\src\traditional\proc\p18f47j13.asm
                  ADCTRIG   0x000eb8       data     extern E:\3.46\pic18-lt\cxx-framework\src\traditional\proc\p18f47j13.asm
              ADCTRIGbits   0x000eb8       data     extern E:\3.46\pic18-lt\cxx-framework\src\traditional\proc\p18f47j13.asm
                    ADRES   0x000fc3       data     extern E:\3.46\pic18-lt\cxx-framework\src\traditional\proc\p18f47j13.asm
                   ADRESH   0x000fc4       data     extern E:\3.46\pic18-lt\cxx-framework\src\traditional\proc\p18f47j13.asm
                   ADRESL   0x000fc3       data     extern E:\3.46\pic18-lt\cxx-framework\src\traditional\proc\p18f47j13.asm
                  ALRMCFG   0x000f47       data     extern E:\3.46\pic18-lt\cxx-framework\src\traditional\proc\p18f47j13.asm
              ALRMCFGbits   0x000f47       data     extern E:\3.46\pic18-lt\cxx-framework\src\traditional\proc\p18f47j13.asm
                  ALRMRPT   0x000f46       data     extern E:\3.46\pic18-lt\cxx-framework\src\traditional\proc\p18f47j13.asm
              ALRMRPTbits   0x000f46       data     extern E:\3.46\pic18-lt\cxx-framework\src\traditional\proc\p18f47j13.asm
                 ALRMVALH   0x000f45       data     extern E:\3.46\pic18-lt\cxx-framework\src\traditional\proc\p18f47j13.asm
                 ALRMVALL   0x000f44       data     extern E:\3.46\pic18-lt\cxx-framework\src\traditional\proc\p18f47j13.asm
                   ANCON0   0x000f48       data     extern E:\3.46\pic18-lt\cxx-framework\src\traditional\proc\p18f47j13.asm
               ANCON0bits   0x000f48       data     extern E:\3.46\pic18-lt\cxx-framework\src\traditional\proc\p18f47j13.asm
                   ANCON1   0x000f49       data     extern E:\3.46\pic18-lt\cxx-framework\src\traditional\proc\p18f47j13.asm
               ANCON1bits   0x000f49       data     extern E:\3.46\pic18-lt\cxx-framework\src\traditional\proc\p18f47j13.asm
                  AckInfo   0x0003dd       data     extern C:\microchip_solutions_v2013-06-15\Microchip\Transceivers\MRF89XA\MRF89XA.c
      AcknowledgementAddr   0x000125       data     extern C:\microchip_solutions_v2013-06-15\Microchip\WirelessProtocols\MiWiPRO\MiWiPRO.c
       AcknowledgementSeq   0x000422       data     extern C:\microchip_solutions_v2013-06-15\Microchip\WirelessProtocols\MiWiPRO\MiWiPRO.c
    ActiveScanResultIndex   0x00010b       data     extern C:\microchip_solutions_v2013-06-15\Microchip\WirelessProtocols\MiWiPRO\MiWiPRO.c
        ActiveScanResults   0x00010c       data     extern C:\microchip_solutions_v2013-06-15\Microchip\WirelessProtocols\MiWiPRO\MiWiPRO.c
         AdditionalNodeID   0x0002f7       data     extern C:\Users\INADEM\MPLABXProjects\PlayaBonita_RadioBoard.X\RadioBoard.c
                  BAUDCON   0x000f7e       data     extern E:\3.46\pic18-lt\cxx-framework\src\traditional\proc\p18f47j13.asm
                 BAUDCON1   0x000f7e       data     extern E:\3.46\pic18-lt\cxx-framework\src\traditional\proc\p18f47j13.asm
             BAUDCON1bits   0x000f7e       data     extern E:\3.46\pic18-lt\cxx-framework\src\traditional\proc\p18f47j13.asm
                 BAUDCON2   0x000f7c       data     extern E:\3.46\pic18-lt\cxx-framework\src\traditional\proc\p18f47j13.asm
             BAUDCON2bits   0x000f7c       data     extern E:\3.46\pic18-lt\cxx-framework\src\traditional\proc\p18f47j13.asm
              BAUDCONbits   0x000f7e       data     extern E:\3.46\pic18-lt\cxx-framework\src\traditional\proc\p18f47j13.asm
                  BAUDCTL   0x000f7e       data     extern E:\3.46\pic18-lt\cxx-framework\src\traditional\proc\p18f47j13.asm
              BAUDCTLbits   0x000f7e       data     extern E:\3.46\pic18-lt\cxx-framework\src\traditional\proc\p18f47j13.asm
                      BSR   0x000fe0       data     extern E:\3.46\pic18-lt\cxx-framework\src\traditional\proc\p18f47j13.asm
             BaseTimeToTx   0x0002f9       data     extern C:\Users\INADEM\MPLABXProjects\PlayaBonita_RadioBoard.X\RadioBoard.c
                BuffIndex   0x0002f6       data     extern C:\Users\INADEM\MPLABXProjects\PlayaBonita_RadioBoard.X\RadioBoard.c
               ByteBitVal   0x000293       data     extern C:\Users\INADEM\MPLABXProjects\PlayaBonita_RadioBoard.X\RadioBoard.c
                 CCP10CON   0x000f00       data     extern E:\3.46\pic18-lt\cxx-framework\src\traditional\proc\p18f47j13.asm
             CCP10CONbits   0x000f00       data     extern E:\3.46\pic18-lt\cxx-framework\src\traditional\proc\p18f47j13.asm
                  CCP1CON   0x000fba       data     extern E:\3.46\pic18-lt\cxx-framework\src\traditional\proc\p18f47j13.asm
              CCP1CONbits   0x000fba       data     extern E:\3.46\pic18-lt\cxx-framework\src\traditional\proc\p18f47j13.asm
                  CCP2CON   0x000fb4       data     extern E:\3.46\pic18-lt\cxx-framework\src\traditional\proc\p18f47j13.asm
              CCP2CONbits   0x000fb4       data     extern E:\3.46\pic18-lt\cxx-framework\src\traditional\proc\p18f47j13.asm
                  CCP3CON   0x000f15       data     extern E:\3.46\pic18-lt\cxx-framework\src\traditional\proc\p18f47j13.asm
              CCP3CONbits   0x000f15       data     extern E:\3.46\pic18-lt\cxx-framework\src\traditional\proc\p18f47j13.asm
                  CCP4CON   0x000f12       data     extern E:\3.46\pic18-lt\cxx-framework\src\traditional\proc\p18f47j13.asm
              CCP4CONbits   0x000f12       data     extern E:\3.46\pic18-lt\cxx-framework\src\traditional\proc\p18f47j13.asm
                  CCP5CON   0x000f0f       data     extern E:\3.46\pic18-lt\cxx-framework\src\traditional\proc\p18f47j13.asm
              CCP5CONbits   0x000f0f       data     extern E:\3.46\pic18-lt\cxx-framework\src\traditional\proc\p18f47j13.asm
                  CCP6CON   0x000f0c       data     extern E:\3.46\pic18-lt\cxx-framework\src\traditional\proc\p18f47j13.asm
              CCP6CONbits   0x000f0c       data     extern E:\3.46\pic18-lt\cxx-framework\src\traditional\proc\p18f47j13.asm
                  CCP7CON   0x000f09       data     extern E:\3.46\pic18-lt\cxx-framework\src\traditional\proc\p18f47j13.asm
              CCP7CONbits   0x000f09       data     extern E:\3.46\pic18-lt\cxx-framework\src\traditional\proc\p18f47j13.asm
                  CCP8CON   0x000f06       data     extern E:\3.46\pic18-lt\cxx-framework\src\traditional\proc\p18f47j13.asm
              CCP8CONbits   0x000f06       data     extern E:\3.46\pic18-lt\cxx-framework\src\traditional\proc\p18f47j13.asm
                  CCP9CON   0x000f03       data     extern E:\3.46\pic18-lt\cxx-framework\src\traditional\proc\p18f47j13.asm
              CCP9CONbits   0x000f03       data     extern E:\3.46\pic18-lt\cxx-framework\src\traditional\proc\p18f47j13.asm
                    CCPR1   0x000fbb       data     extern E:\3.46\pic18-lt\cxx-framework\src\traditional\proc\p18f47j13.asm
                  CCPR10H   0x000f02       data     extern E:\3.46\pic18-lt\cxx-framework\src\traditional\proc\p18f47j13.asm
                  CCPR10L   0x000f01       data     extern E:\3.46\pic18-lt\cxx-framework\src\traditional\proc\p18f47j13.asm
                   CCPR1H   0x000fbc       data     extern E:\3.46\pic18-lt\cxx-framework\src\traditional\proc\p18f47j13.asm
                   CCPR1L   0x000fbb       data     extern E:\3.46\pic18-lt\cxx-framework\src\traditional\proc\p18f47j13.asm
                    CCPR2   0x000fb5       data     extern E:\3.46\pic18-lt\cxx-framework\src\traditional\proc\p18f47j13.asm
                   CCPR2H   0x000fb6       data     extern E:\3.46\pic18-lt\cxx-framework\src\traditional\proc\p18f47j13.asm
                   CCPR2L   0x000fb5       data     extern E:\3.46\pic18-lt\cxx-framework\src\traditional\proc\p18f47j13.asm
                   CCPR3H   0x000f17       data     extern E:\3.46\pic18-lt\cxx-framework\src\traditional\proc\p18f47j13.asm
                   CCPR3L   0x000f16       data     extern E:\3.46\pic18-lt\cxx-framework\src\traditional\proc\p18f47j13.asm
                   CCPR4H   0x000f14       data     extern E:\3.46\pic18-lt\cxx-framework\src\traditional\proc\p18f47j13.asm
                   CCPR4L   0x000f13       data     extern E:\3.46\pic18-lt\cxx-framework\src\traditional\proc\p18f47j13.asm
                   CCPR5H   0x000f11       data     extern E:\3.46\pic18-lt\cxx-framework\src\traditional\proc\p18f47j13.asm
                   CCPR5L   0x000f10       data     extern E:\3.46\pic18-lt\cxx-framework\src\traditional\proc\p18f47j13.asm
                   CCPR6H   0x000f0e       data     extern E:\3.46\pic18-lt\cxx-framework\src\traditional\proc\p18f47j13.asm
                   CCPR6L   0x000f0d       data     extern E:\3.46\pic18-lt\cxx-framework\src\traditional\proc\p18f47j13.asm
                   CCPR7H   0x000f0b       data     extern E:\3.46\pic18-lt\cxx-framework\src\traditional\proc\p18f47j13.asm
                   CCPR7L   0x000f0a       data     extern E:\3.46\pic18-lt\cxx-framework\src\traditional\proc\p18f47j13.asm
                   CCPR8H   0x000f08       data     extern E:\3.46\pic18-lt\cxx-framework\src\traditional\proc\p18f47j13.asm
                   CCPR8L   0x000f07       data     extern E:\3.46\pic18-lt\cxx-framework\src\traditional\proc\p18f47j13.asm
                   CCPR9H   0x000f05       data     extern E:\3.46\pic18-lt\cxx-framework\src\traditional\proc\p18f47j13.asm
                   CCPR9L   0x000f04       data     extern E:\3.46\pic18-lt\cxx-framework\src\traditional\proc\p18f47j13.asm
                 CCPTMRS0   0x000f52       data     extern E:\3.46\pic18-lt\cxx-framework\src\traditional\proc\p18f47j13.asm
             CCPTMRS0bits   0x000f52       data     extern E:\3.46\pic18-lt\cxx-framework\src\traditional\proc\p18f47j13.asm
                 CCPTMRS1   0x000f51       data     extern E:\3.46\pic18-lt\cxx-framework\src\traditional\proc\p18f47j13.asm
             CCPTMRS1bits   0x000f51       data     extern E:\3.46\pic18-lt\cxx-framework\src\traditional\proc\p18f47j13.asm
                 CCPTMRS2   0x000f50       data     extern E:\3.46\pic18-lt\cxx-framework\src\traditional\proc\p18f47j13.asm
             CCPTMRS2bits   0x000f50       data     extern E:\3.46\pic18-lt\cxx-framework\src\traditional\proc\p18f47j13.asm
                   CM1CON   0x000fd2       data     extern E:\3.46\pic18-lt\cxx-framework\src\traditional\proc\p18f47j13.asm
                  CM1CON1   0x000fd2       data     extern E:\3.46\pic18-lt\cxx-framework\src\traditional\proc\p18f47j13.asm
              CM1CON1bits   0x000fd2       data     extern E:\3.46\pic18-lt\cxx-framework\src\traditional\proc\p18f47j13.asm
               CM1CONbits   0x000fd2       data     extern E:\3.46\pic18-lt\cxx-framework\src\traditional\proc\p18f47j13.asm
                   CM2CON   0x000fd1       data     extern E:\3.46\pic18-lt\cxx-framework\src\traditional\proc\p18f47j13.asm
                  CM2CON1   0x000fd1       data     extern E:\3.46\pic18-lt\cxx-framework\src\traditional\proc\p18f47j13.asm
              CM2CON1bits   0x000fd1       data     extern E:\3.46\pic18-lt\cxx-framework\src\traditional\proc\p18f47j13.asm
               CM2CONbits   0x000fd1       data     extern E:\3.46\pic18-lt\cxx-framework\src\traditional\proc\p18f47j13.asm
                   CM3CON   0x000f25       data     extern E:\3.46\pic18-lt\cxx-framework\src\traditional\proc\p18f47j13.asm
               CM3CONbits   0x000f25       data     extern E:\3.46\pic18-lt\cxx-framework\src\traditional\proc\p18f47j13.asm
                   CMSTAT   0x000f70       data     extern E:\3.46\pic18-lt\cxx-framework\src\traditional\proc\p18f47j13.asm
                 CMSTATUS   0x000f70       data     extern E:\3.46\pic18-lt\cxx-framework\src\traditional\proc\p18f47j13.asm
             CMSTATUSbits   0x000f70       data     extern E:\3.46\pic18-lt\cxx-framework\src\traditional\proc\p18f47j13.asm
               CMSTATbits   0x000f70       data     extern E:\3.46\pic18-lt\cxx-framework\src\traditional\proc\p18f47j13.asm
                 CTMUCONH   0x000fb3       data     extern E:\3.46\pic18-lt\cxx-framework\src\traditional\proc\p18f47j13.asm
             CTMUCONHbits   0x000fb3       data     extern E:\3.46\pic18-lt\cxx-framework\src\traditional\proc\p18f47j13.asm
                 CTMUCONL   0x000fb2       data     extern E:\3.46\pic18-lt\cxx-framework\src\traditional\proc\p18f47j13.asm
             CTMUCONLbits   0x000fb2       data     extern E:\3.46\pic18-lt\cxx-framework\src\traditional\proc\p18f47j13.asm
                 CTMUICON   0x000fb1       data     extern E:\3.46\pic18-lt\cxx-framework\src\traditional\proc\p18f47j13.asm
             CTMUICONbits   0x000fb1       data     extern E:\3.46\pic18-lt\cxx-framework\src\traditional\proc\p18f47j13.asm
                   CVRCON   0x000f53       data     extern E:\3.46\pic18-lt\cxx-framework\src\traditional\proc\p18f47j13.asm
               CVRCONbits   0x000f53       data     extern E:\3.46\pic18-lt\cxx-framework\src\traditional\proc\p18f47j13.asm
       CalibrationAddress   0x0002eb       data     extern C:\Users\INADEM\MPLABXProjects\PlayaBonita_RadioBoard.X\RadioBoard.c
          CalibrationMode   0x0002ea       data     extern C:\Users\INADEM\MPLABXProjects\PlayaBonita_RadioBoard.X\RadioBoard.c
                 ConnMode   0x000421       data     extern C:\microchip_solutions_v2013-06-15\Microchip\WirelessProtocols\MiWiPRO\MiWiPRO.c
    ConnectedCoordinators   0x00026f       data     extern C:\Users\INADEM\MPLABXProjects\PlayaBonita_RadioBoard.X\RadioBoard.c
         ConnectedDevices   0x000211       data     extern C:\Users\INADEM\MPLABXProjects\PlayaBonita_RadioBoard.X\RadioBoard.c
          ConnectionTable   0x000060       data     extern C:\microchip_solutions_v2013-06-15\Microchip\WirelessProtocols\MiWiPRO\MiWiPRO.c
                   DMABCH   0x000f66       data     extern E:\3.46\pic18-lt\cxx-framework\src\traditional\proc\p18f47j13.asm
               DMABCHbits   0x000f66       data     extern E:\3.46\pic18-lt\cxx-framework\src\traditional\proc\p18f47j13.asm
                   DMABCL   0x000f67       data     extern E:\3.46\pic18-lt\cxx-framework\src\traditional\proc\p18f47j13.asm
                  DMACON1   0x000f88       data     extern E:\3.46\pic18-lt\cxx-framework\src\traditional\proc\p18f47j13.asm
              DMACON1bits   0x000f88       data     extern E:\3.46\pic18-lt\cxx-framework\src\traditional\proc\p18f47j13.asm
                  DMACON2   0x000f86       data     extern E:\3.46\pic18-lt\cxx-framework\src\traditional\proc\p18f47j13.asm
              DMACON2bits   0x000f86       data     extern E:\3.46\pic18-lt\cxx-framework\src\traditional\proc\p18f47j13.asm
                   DSCONH   0x000f4d       data     extern E:\3.46\pic18-lt\cxx-framework\src\traditional\proc\p18f47j13.asm
               DSCONHbits   0x000f4d       data     extern E:\3.46\pic18-lt\cxx-framework\src\traditional\proc\p18f47j13.asm
                   DSCONL   0x000f4c       data     extern E:\3.46\pic18-lt\cxx-framework\src\traditional\proc\p18f47j13.asm
               DSCONLbits   0x000f4c       data     extern E:\3.46\pic18-lt\cxx-framework\src\traditional\proc\p18f47j13.asm
                   DSGPR0   0x000f4e       data     extern E:\3.46\pic18-lt\cxx-framework\src\traditional\proc\p18f47j13.asm
                   DSGPR1   0x000f4f       data     extern E:\3.46\pic18-lt\cxx-framework\src\traditional\proc\p18f47j13.asm
                  DSWAKEH   0x000f4b       data     extern E:\3.46\pic18-lt\cxx-framework\src\traditional\proc\p18f47j13.asm
              DSWAKEHbits   0x000f4b       data     extern E:\3.46\pic18-lt\cxx-framework\src\traditional\proc\p18f47j13.asm
                  DSWAKEL   0x000f4a       data     extern E:\3.46\pic18-lt\cxx-framework\src\traditional\proc\p18f47j13.asm
              DSWAKELbits   0x000f4a       data     extern E:\3.46\pic18-lt\cxx-framework\src\traditional\proc\p18f47j13.asm
                  ECCP1AS   0x000fbe       data     extern E:\3.46\pic18-lt\cxx-framework\src\traditional\proc\p18f47j13.asm
              ECCP1ASbits   0x000fbe       data     extern E:\3.46\pic18-lt\cxx-framework\src\traditional\proc\p18f47j13.asm
                 ECCP1CON   0x000fba       data     extern E:\3.46\pic18-lt\cxx-framework\src\traditional\proc\p18f47j13.asm
             ECCP1CONbits   0x000fba       data     extern E:\3.46\pic18-lt\cxx-framework\src\traditional\proc\p18f47j13.asm
                 ECCP1DEL   0x000fbd       data     extern E:\3.46\pic18-lt\cxx-framework\src\traditional\proc\p18f47j13.asm
             ECCP1DELbits   0x000fbd       data     extern E:\3.46\pic18-lt\cxx-framework\src\traditional\proc\p18f47j13.asm
                  ECCP2AS   0x000fb8       data     extern E:\3.46\pic18-lt\cxx-framework\src\traditional\proc\p18f47j13.asm
              ECCP2ASbits   0x000fb8       data     extern E:\3.46\pic18-lt\cxx-framework\src\traditional\proc\p18f47j13.asm
                 ECCP2CON   0x000fb4       data     extern E:\3.46\pic18-lt\cxx-framework\src\traditional\proc\p18f47j13.asm
             ECCP2CONbits   0x000fb4       data     extern E:\3.46\pic18-lt\cxx-framework\src\traditional\proc\p18f47j13.asm
                 ECCP2DEL   0x000fb7       data     extern E:\3.46\pic18-lt\cxx-framework\src\traditional\proc\p18f47j13.asm
             ECCP2DELbits   0x000fb7       data     extern E:\3.46\pic18-lt\cxx-framework\src\traditional\proc\p18f47j13.asm
                  ECCP3AS   0x000f19       data     extern E:\3.46\pic18-lt\cxx-framework\src\traditional\proc\p18f47j13.asm
              ECCP3ASbits   0x000f19       data     extern E:\3.46\pic18-lt\cxx-framework\src\traditional\proc\p18f47j13.asm
                 ECCP3DEL   0x000f18       data     extern E:\3.46\pic18-lt\cxx-framework\src\traditional\proc\p18f47j13.asm
             ECCP3DELbits   0x000f18       data     extern E:\3.46\pic18-lt\cxx-framework\src\traditional\proc\p18f47j13.asm
                   EECON1   0x000fa6       data     extern E:\3.46\pic18-lt\cxx-framework\src\traditional\proc\p18f47j13.asm
               EECON1bits   0x000fa6       data     extern E:\3.46\pic18-lt\cxx-framework\src\traditional\proc\p18f47j13.asm
                   EECON2   0x000fa7       data     extern E:\3.46\pic18-lt\cxx-framework\src\traditional\proc\p18f47j13.asm
                   EndCmd   0x0002e6       data     extern C:\Users\INADEM\MPLABXProjects\PlayaBonita_RadioBoard.X\RadioBoard.c
        EnergyScanResults   0x000e34       data     extern C:\microchip_solutions_v2013-06-15\Microchip\WirelessProtocols\MiWiPRO\MiWiPRO.c
                     FSR0   0x000fe9       data     extern E:\3.46\pic18-lt\cxx-framework\src\traditional\proc\p18f47j13.asm
                    FSR0H   0x000fea       data     extern E:\3.46\pic18-lt\cxx-framework\src\traditional\proc\p18f47j13.asm
                    FSR0L   0x000fe9       data     extern E:\3.46\pic18-lt\cxx-framework\src\traditional\proc\p18f47j13.asm
                     FSR1   0x000fe1       data     extern E:\3.46\pic18-lt\cxx-framework\src\traditional\proc\p18f47j13.asm
                    FSR1H   0x000fe2       data     extern E:\3.46\pic18-lt\cxx-framework\src\traditional\proc\p18f47j13.asm
                    FSR1L   0x000fe1       data     extern E:\3.46\pic18-lt\cxx-framework\src\traditional\proc\p18f47j13.asm
                     FSR2   0x000fd9       data     extern E:\3.46\pic18-lt\cxx-framework\src\traditional\proc\p18f47j13.asm
                    FSR2H   0x000fda       data     extern E:\3.46\pic18-lt\cxx-framework\src\traditional\proc\p18f47j13.asm
                    FSR2L   0x000fd9       data     extern E:\3.46\pic18-lt\cxx-framework\src\traditional\proc\p18f47j13.asm
               FamilyTree   0x000e66       data     extern C:\microchip_solutions_v2013-06-15\Microchip\WirelessProtocols\MiWiPRO\MiWiPRO.c
     FrequencyAgilityInfo   0x000131       data     extern C:\microchip_solutions_v2013-06-15\Microchip\WirelessProtocols\MiWiPRO\MiWiPRO.c
                  HLVDCON   0x000f85       data     extern E:\3.46\pic18-lt\cxx-framework\src\traditional\proc\p18f47j13.asm
              HLVDCONbits   0x000f85       data     extern E:\3.46\pic18-lt\cxx-framework\src\traditional\proc\p18f47j13.asm
                    INDF0   0x000fef       data     extern E:\3.46\pic18-lt\cxx-framework\src\traditional\proc\p18f47j13.asm
                    INDF1   0x000fe7       data     extern E:\3.46\pic18-lt\cxx-framework\src\traditional\proc\p18f47j13.asm
                    INDF2   0x000fdf       data     extern E:\3.46\pic18-lt\cxx-framework\src\traditional\proc\p18f47j13.asm
                   INTCON   0x000ff2       data     extern E:\3.46\pic18-lt\cxx-framework\src\traditional\proc\p18f47j13.asm
                  INTCON2   0x000ff1       data     extern E:\3.46\pic18-lt\cxx-framework\src\traditional\proc\p18f47j13.asm
              INTCON2bits   0x000ff1       data     extern E:\3.46\pic18-lt\cxx-framework\src\traditional\proc\p18f47j13.asm
                  INTCON3   0x000ff0       data     extern E:\3.46\pic18-lt\cxx-framework\src\traditional\proc\p18f47j13.asm
              INTCON3bits   0x000ff0       data     extern E:\3.46\pic18-lt\cxx-framework\src\traditional\proc\p18f47j13.asm
               INTCONbits   0x000ff2       data     extern E:\3.46\pic18-lt\cxx-framework\src\traditional\proc\p18f47j13.asm
                     IPR1   0x000f9f       data     extern E:\3.46\pic18-lt\cxx-framework\src\traditional\proc\p18f47j13.asm
                 IPR1bits   0x000f9f       data     extern E:\3.46\pic18-lt\cxx-framework\src\traditional\proc\p18f47j13.asm
                     IPR2   0x000fa2       data     extern E:\3.46\pic18-lt\cxx-framework\src\traditional\proc\p18f47j13.asm
                 IPR2bits   0x000fa2       data     extern E:\3.46\pic18-lt\cxx-framework\src\traditional\proc\p18f47j13.asm
                     IPR3   0x000fa5       data     extern E:\3.46\pic18-lt\cxx-framework\src\traditional\proc\p18f47j13.asm
                 IPR3bits   0x000fa5       data     extern E:\3.46\pic18-lt\cxx-framework\src\traditional\proc\p18f47j13.asm
                     IPR4   0x000f90       data     extern E:\3.46\pic18-lt\cxx-framework\src\traditional\proc\p18f47j13.asm
                 IPR4bits   0x000f90       data     extern E:\3.46\pic18-lt\cxx-framework\src\traditional\proc\p18f47j13.asm
                     IPR5   0x000f99       data     extern E:\3.46\pic18-lt\cxx-framework\src\traditional\proc\p18f47j13.asm
                 IPR5bits   0x000f99       data     extern E:\3.46\pic18-lt\cxx-framework\src\traditional\proc\p18f47j13.asm
            IRQ1_Received   0x000eae       data     extern C:\microchip_solutions_v2013-06-15\Microchip\Transceivers\MRF89XA\MRF89XA.c
                    Index   0x000200       data     extern C:\Users\INADEM\MPLABXProjects\PlayaBonita_RadioBoard.X\RadioBoard.c
                     LATA   0x000f89       data     extern E:\3.46\pic18-lt\cxx-framework\src\traditional\proc\p18f47j13.asm
                 LATAbits   0x000f89       data     extern E:\3.46\pic18-lt\cxx-framework\src\traditional\proc\p18f47j13.asm
                     LATB   0x000f8a       data     extern E:\3.46\pic18-lt\cxx-framework\src\traditional\proc\p18f47j13.asm
                 LATBbits   0x000f8a       data     extern E:\3.46\pic18-lt\cxx-framework\src\traditional\proc\p18f47j13.asm
                     LATC   0x000f8b       data     extern E:\3.46\pic18-lt\cxx-framework\src\traditional\proc\p18f47j13.asm
                 LATCbits   0x000f8b       data     extern E:\3.46\pic18-lt\cxx-framework\src\traditional\proc\p18f47j13.asm
                     LATD   0x000f8c       data     extern E:\3.46\pic18-lt\cxx-framework\src\traditional\proc\p18f47j13.asm
                 LATDbits   0x000f8c       data     extern E:\3.46\pic18-lt\cxx-framework\src\traditional\proc\p18f47j13.asm
                     LATE   0x000f8d       data     extern E:\3.46\pic18-lt\cxx-framework\src\traditional\proc\p18f47j13.asm
                 LATEbits   0x000f8d       data     extern E:\3.46\pic18-lt\cxx-framework\src\traditional\proc\p18f47j13.asm
            ListenDevices   0x0002e9       data     extern C:\Users\INADEM\MPLABXProjects\PlayaBonita_RadioBoard.X\RadioBoard.c
            MACInitParams   0x0003d4       data     extern C:\microchip_solutions_v2013-06-15\Microchip\Transceivers\MRF89XA\MRF89XA.c
              MACRxPacket   0x000150       data     extern C:\microchip_solutions_v2013-06-15\Microchip\WirelessProtocols\MiWiPRO\MiWiPRO.c
                   MACSeq   0x0003d8       data     extern C:\microchip_solutions_v2013-06-15\Microchip\Transceivers\MRF89XA\MRF89XA.c
              MACTxBuffer   0x000372       data     extern C:\microchip_solutions_v2013-06-15\Microchip\Transceivers\MRF89XA\MRF89XA.c
                      MTP   0x00014d       data     extern C:\microchip_solutions_v2013-06-15\Microchip\WirelessProtocols\MiWiPRO\MiWiPRO.c
            MessageToSend   0x0002f4       data     extern C:\Users\INADEM\MPLABXProjects\PlayaBonita_RadioBoard.X\RadioBoard.c
              MessageType   0x0002f5       data     extern C:\Users\INADEM\MPLABXProjects\PlayaBonita_RadioBoard.X\RadioBoard.c
       MiWiPROAckRequired   0x000423       data     extern C:\microchip_solutions_v2013-06-15\Microchip\WirelessProtocols\MiWiPRO\MiWiPRO.c
      MiWiPROCapacityInfo   0x000100       data     extern C:\microchip_solutions_v2013-06-15\Microchip\WirelessProtocols\MiWiPRO\MiWiPRO.c
         MiWiPRONVMStatus   0x00012a       data     extern C:\microchip_solutions_v2013-06-15\Microchip\WirelessProtocols\MiWiPRO\MiWiPRO.c
            MiWiPROSeqNum   0x000127       data     extern C:\microchip_solutions_v2013-06-15\Microchip\WirelessProtocols\MiWiPRO\MiWiPRO.c
      MiWiPROStateMachine   0x000128       data     extern C:\microchip_solutions_v2013-06-15\Microchip\WirelessProtocols\MiWiPRO\MiWiPRO.c
            MiWiPROStatus   0x00012b       data     extern C:\microchip_solutions_v2013-06-15\Microchip\WirelessProtocols\MiWiPRO\MiWiPRO.c
            MyDevicesTemp   0x000221       data     extern C:\Users\INADEM\MPLABXProjects\PlayaBonita_RadioBoard.X\RadioBoard.c
         MyTrackingNumber   0x00026e       data     extern C:\Users\INADEM\MPLABXProjects\PlayaBonita_RadioBoard.X\RadioBoard.c
     NeighborRoutingTable   0x000e76       data     extern C:\microchip_solutions_v2013-06-15\Microchip\WirelessProtocols\MiWiPRO\MiWiPRO.c
                   ODCON1   0x000f42       data     extern E:\3.46\pic18-lt\cxx-framework\src\traditional\proc\p18f47j13.asm
               ODCON1bits   0x000f42       data     extern E:\3.46\pic18-lt\cxx-framework\src\traditional\proc\p18f47j13.asm
                   ODCON2   0x000f41       data     extern E:\3.46\pic18-lt\cxx-framework\src\traditional\proc\p18f47j13.asm
               ODCON2bits   0x000f41       data     extern E:\3.46\pic18-lt\cxx-framework\src\traditional\proc\p18f47j13.asm
                   ODCON3   0x000f40       data     extern E:\3.46\pic18-lt\cxx-framework\src\traditional\proc\p18f47j13.asm
               ODCON3bits   0x000f40       data     extern E:\3.46\pic18-lt\cxx-framework\src\traditional\proc\p18f47j13.asm
                   OSCCON   0x000fd3       data     extern E:\3.46\pic18-lt\cxx-framework\src\traditional\proc\p18f47j13.asm
                  OSCCON2   0x000f87       data     extern E:\3.46\pic18-lt\cxx-framework\src\traditional\proc\p18f47j13.asm
              OSCCON2bits   0x000f87       data     extern E:\3.46\pic18-lt\cxx-framework\src\traditional\proc\p18f47j13.asm
               OSCCONbits   0x000fd3       data     extern E:\3.46\pic18-lt\cxx-framework\src\traditional\proc\p18f47j13.asm
                  OSCTUNE   0x000f9b       data     extern E:\3.46\pic18-lt\cxx-framework\src\traditional\proc\p18f47j13.asm
              OSCTUNEbits   0x000f9b       data     extern E:\3.46\pic18-lt\cxx-framework\src\traditional\proc\p18f47j13.asm
               OutputStat   0x0002e8       data     extern C:\Users\INADEM\MPLABXProjects\PlayaBonita_RadioBoard.X\RadioBoard.c
                  PADCFG1   0x000f3c       data     extern E:\3.46\pic18-lt\cxx-framework\src\traditional\proc\p18f47j13.asm
              PADCFG1bits   0x000f3c       data     extern E:\3.46\pic18-lt\cxx-framework\src\traditional\proc\p18f47j13.asm
                       PC   0x000ff9       data     extern E:\3.46\pic18-lt\cxx-framework\src\traditional\proc\p18f47j13.asm
                      PCL   0x000ff9       data     extern E:\3.46\pic18-lt\cxx-framework\src\traditional\proc\p18f47j13.asm
                   PCLATH   0x000ffa       data     extern E:\3.46\pic18-lt\cxx-framework\src\traditional\proc\p18f47j13.asm
                   PCLATU   0x000ffb       data     extern E:\3.46\pic18-lt\cxx-framework\src\traditional\proc\p18f47j13.asm
                      PD0   0x000eb9       data     extern E:\3.46\pic18-lt\cxx-framework\src\traditional\proc\p18f47j13.asm
                  PD0bits   0x000eb9       data     extern E:\3.46\pic18-lt\cxx-framework\src\traditional\proc\p18f47j13.asm
                      PD1   0x000eba       data     extern E:\3.46\pic18-lt\cxx-framework\src\traditional\proc\p18f47j13.asm
                  PD1bits   0x000eba       data     extern E:\3.46\pic18-lt\cxx-framework\src\traditional\proc\p18f47j13.asm
                      PD2   0x000ebb       data     extern E:\3.46\pic18-lt\cxx-framework\src\traditional\proc\p18f47j13.asm
[...]
                   TXSTA2   0x000fa8       data     extern E:\3.46\pic18-lt\cxx-framework\src\traditional\proc\p18f47j13.asm
               TXSTA2bits   0x000fa8       data     extern E:\3.46\pic18-lt\cxx-framework\src\traditional\proc\p18f47j13.asm
                   TXREG2   0x000fa9       data     extern E:\3.46\pic18-lt\cxx-framework\src\traditional\proc\p18f47j13.asm
                   RCREG2   0x000faa       data     extern E:\3.46\pic18-lt\cxx-framework\src\traditional\proc\p18f47j13.asm
                   SPBRG2   0x000fab       data     extern E:\3.46\pic18-lt\cxx-framework\src\traditional\proc\p18f47j13.asm
                   RCSTA1   0x000fac       data     extern E:\3.46\pic18-lt\cxx-framework\src\traditional\proc\p18f47j13.asm
               RCSTA1bits   0x000fac       data     extern E:\3.46\pic18-lt\cxx-framework\src\traditional\proc\p18f47j13.asm
                    RCSTA   0x000fac       data     extern E:\3.46\pic18-lt\cxx-framework\src\traditional\proc\p18f47j13.asm
                RCSTAbits   0x000fac       data     extern E:\3.46\pic18-lt\cxx-framework\src\traditional\proc\p18f47j13.asm
                TXSTAbits   0x000fad       data     extern E:\3.46\pic18-lt\cxx-framework\src\traditional\proc\p18f47j13.asm
                    TXSTA   0x000fad       data     extern E:\3.46\pic18-lt\cxx-framework\src\traditional\proc\p18f47j13.asm
                   TXSTA1   0x000fad       data     extern E:\3.46\pic18-lt\cxx-framework\src\traditional\proc\p18f47j13.asm
               TXSTA1bits   0x000fad       data     extern E:\3.46\pic18-lt\cxx-framework\src\traditional\proc\p18f47j13.asm
                    TXREG   0x000fae       data     extern E:\3.46\pic18-lt\cxx-framework\src\traditional\proc\p18f47j13.asm
                   TXREG1   0x000fae       data     extern E:\3.46\pic18-lt\cxx-framework\src\traditional\proc\p18f47j13.asm
                   RCREG1   0x000faf       data     extern E:\3.46\pic18-lt\cxx-framework\src\traditional\proc\p18f47j13.asm
                    RCREG   0x000faf       data     extern E:\3.46\pic18-lt\cxx-framework\src\traditional\proc\p18f47j13.asm
                   SPBRG1   0x000fb0       data     extern E:\3.46\pic18-lt\cxx-framework\src\traditional\proc\p18f47j13.asm
                    SPBRG   0x000fb0       data     extern E:\3.46\pic18-lt\cxx-framework\src\traditional\proc\p18f47j13.asm
                 CTMUICON   0x000fb1       data     extern E:\3.46\pic18-lt\cxx-framework\src\traditional\proc\p18f47j13.asm
             CTMUICONbits   0x000fb1       data     extern E:\3.46\pic18-lt\cxx-framework\src\traditional\proc\p18f47j13.asm
             CTMUCONLbits   0x000fb2       data     extern E:\3.46\pic18-lt\cxx-framework\src\traditional\proc\p18f47j13.asm
                 CTMUCONL   0x000fb2       data     extern E:\3.46\pic18-lt\cxx-framework\src\traditional\proc\p18f47j13.asm
                 CTMUCONH   0x000fb3       data     extern E:\3.46\pic18-lt\cxx-framework\src\traditional\proc\p18f47j13.asm
             CTMUCONHbits   0x000fb3       data     extern E:\3.46\pic18-lt\cxx-framework\src\traditional\proc\p18f47j13.asm
              CCP2CONbits   0x000fb4       data     extern E:\3.46\pic18-lt\cxx-framework\src\traditional\proc\p18f47j13.asm
                  CCP2CON   0x000fb4       data     extern E:\3.46\pic18-lt\cxx-framework\src\traditional\proc\p18f47j13.asm
                 ECCP2CON   0x000fb4       data     extern E:\3.46\pic18-lt\cxx-framework\src\traditional\proc\p18f47j13.asm
             ECCP2CONbits   0x000fb4       data     extern E:\3.46\pic18-lt\cxx-framework\src\traditional\proc\p18f47j13.asm
                    CCPR2   0x000fb5       data     extern E:\3.46\pic18-lt\cxx-framework\src\traditional\proc\p18f47j13.asm
                   CCPR2L   0x000fb5       data     extern E:\3.46\pic18-lt\cxx-framework\src\traditional\proc\p18f47j13.asm
                   CCPR2H   0x000fb6       data     extern E:\3.46\pic18-lt\cxx-framework\src\traditional\proc\p18f47j13.asm
             ECCP2DELbits   0x000fb7       data     extern E:\3.46\pic18-lt\cxx-framework\src\traditional\proc\p18f47j13.asm
                 ECCP2DEL   0x000fb7       data     extern E:\3.46\pic18-lt\cxx-framework\src\traditional\proc\p18f47j13.asm
                  PWM2CON   0x000fb7       data     extern E:\3.46\pic18-lt\cxx-framework\src\traditional\proc\p18f47j13.asm
              PWM2CONbits   0x000fb7       data     extern E:\3.46\pic18-lt\cxx-framework\src\traditional\proc\p18f47j13.asm
              ECCP2ASbits   0x000fb8       data     extern E:\3.46\pic18-lt\cxx-framework\src\traditional\proc\p18f47j13.asm
                  ECCP2AS   0x000fb8       data     extern E:\3.46\pic18-lt\cxx-framework\src\traditional\proc\p18f47j13.asm
             PSTR2CONbits   0x000fb9       data     extern E:\3.46\pic18-lt\cxx-framework\src\traditional\proc\p18f47j13.asm
                 PSTR2CON   0x000fb9       data     extern E:\3.46\pic18-lt\cxx-framework\src\traditional\proc\p18f47j13.asm
              CCP1CONbits   0x000fba       data     extern E:\3.46\pic18-lt\cxx-framework\src\traditional\proc\p18f47j13.asm
                  CCP1CON   0x000fba       data     extern E:\3.46\pic18-lt\cxx-framework\src\traditional\proc\p18f47j13.asm
             ECCP1CONbits   0x000fba       data     extern E:\3.46\pic18-lt\cxx-framework\src\traditional\proc\p18f47j13.asm
                 ECCP1CON   0x000fba       data     extern E:\3.46\pic18-lt\cxx-framework\src\traditional\proc\p18f47j13.asm
                   CCPR1L   0x000fbb       data     extern E:\3.46\pic18-lt\cxx-framework\src\traditional\proc\p18f47j13.asm
                    CCPR1   0x000fbb       data     extern E:\3.46\pic18-lt\cxx-framework\src\traditional\proc\p18f47j13.asm
                   CCPR1H   0x000fbc       data     extern E:\3.46\pic18-lt\cxx-framework\src\traditional\proc\p18f47j13.asm
                 ECCP1DEL   0x000fbd       data     extern E:\3.46\pic18-lt\cxx-framework\src\traditional\proc\p18f47j13.asm
              PWM1CONbits   0x000fbd       data     extern E:\3.46\pic18-lt\cxx-framework\src\traditional\proc\p18f47j13.asm
             ECCP1DELbits   0x000fbd       data     extern E:\3.46\pic18-lt\cxx-framework\src\traditional\proc\p18f47j13.asm
                  PWM1CON   0x000fbd       data     extern E:\3.46\pic18-lt\cxx-framework\src\traditional\proc\p18f47j13.asm
              ECCP1ASbits   0x000fbe       data     extern E:\3.46\pic18-lt\cxx-framework\src\traditional\proc\p18f47j13.asm
                  ECCP1AS   0x000fbe       data     extern E:\3.46\pic18-lt\cxx-framework\src\traditional\proc\p18f47j13.asm
             PSTR1CONbits   0x000fbf       data     extern E:\3.46\pic18-lt\cxx-framework\src\traditional\proc\p18f47j13.asm
                 PSTR1CON   0x000fbf       data     extern E:\3.46\pic18-lt\cxx-framework\src\traditional\proc\p18f47j13.asm
               WDTCONbits   0x000fc0       data     extern E:\3.46\pic18-lt\cxx-framework\src\traditional\proc\p18f47j13.asm
                   WDTCON   0x000fc0       data     extern E:\3.46\pic18-lt\cxx-framework\src\traditional\proc\p18f47j13.asm
               ADCON1bits   0x000fc1       data     extern E:\3.46\pic18-lt\cxx-framework\src\traditional\proc\p18f47j13.asm
                   ADCON1   0x000fc1       data     extern E:\3.46\pic18-lt\cxx-framework\src\traditional\proc\p18f47j13.asm
                   ADCON0   0x000fc2       data     extern E:\3.46\pic18-lt\cxx-framework\src\traditional\proc\p18f47j13.asm
               ADCON0bits   0x000fc2       data     extern E:\3.46\pic18-lt\cxx-framework\src\traditional\proc\p18f47j13.asm
                    ADRES   0x000fc3       data     extern E:\3.46\pic18-lt\cxx-framework\src\traditional\proc\p18f47j13.asm
                   ADRESL   0x000fc3       data     extern E:\3.46\pic18-lt\cxx-framework\src\traditional\proc\p18f47j13.asm
                   ADRESH   0x000fc4       data     extern E:\3.46\pic18-lt\cxx-framework\src\traditional\proc\p18f47j13.asm
                 SSP1CON2   0x000fc5       data     extern E:\3.46\pic18-lt\cxx-framework\src\traditional\proc\p18f47j13.asm
             SSP1CON2bits   0x000fc5       data     extern E:\3.46\pic18-lt\cxx-framework\src\traditional\proc\p18f47j13.asm
              SSPCON2bits   0x000fc5       data     extern E:\3.46\pic18-lt\cxx-framework\src\traditional\proc\p18f47j13.asm
                  SSPCON2   0x000fc5       data     extern E:\3.46\pic18-lt\cxx-framework\src\traditional\proc\p18f47j13.asm
                 SSP1CON1   0x000fc6       data     extern E:\3.46\pic18-lt\cxx-framework\src\traditional\proc\p18f47j13.asm
             SSP1CON1bits   0x000fc6       data     extern E:\3.46\pic18-lt\cxx-framework\src\traditional\proc\p18f47j13.asm
              SSPCON1bits   0x000fc6       data     extern E:\3.46\pic18-lt\cxx-framework\src\traditional\proc\p18f47j13.asm
                  SSPCON1   0x000fc6       data     extern E:\3.46\pic18-lt\cxx-framework\src\traditional\proc\p18f47j13.asm
              SSPSTATbits   0x000fc7       data     extern E:\3.46\pic18-lt\cxx-framework\src\traditional\proc\p18f47j13.asm
                  SSPSTAT   0x000fc7       data     extern E:\3.46\pic18-lt\cxx-framework\src\traditional\proc\p18f47j13.asm
             SSP1STATbits   0x000fc7       data     extern E:\3.46\pic18-lt\cxx-framework\src\traditional\proc\p18f47j13.asm
                 SSP1STAT   0x000fc7       data     extern E:\3.46\pic18-lt\cxx-framework\src\traditional\proc\p18f47j13.asm
                   SSPADD   0x000fc8       data     extern E:\3.46\pic18-lt\cxx-framework\src\traditional\proc\p18f47j13.asm
              SSP1MSKbits   0x000fc8       data     extern E:\3.46\pic18-lt\cxx-framework\src\traditional\proc\p18f47j13.asm
                  SSP1MSK   0x000fc8       data     extern E:\3.46\pic18-lt\cxx-framework\src\traditional\proc\p18f47j13.asm
                  SSP1ADD   0x000fc8       data     extern E:\3.46\pic18-lt\cxx-framework\src\traditional\proc\p18f47j13.asm
                   SSPBUF   0x000fc9       data     extern E:\3.46\pic18-lt\cxx-framework\src\traditional\proc\p18f47j13.asm
                  SSP1BUF   0x000fc9       data     extern E:\3.46\pic18-lt\cxx-framework\src\traditional\proc\p18f47j13.asm
                T2CONbits   0x000fca       data     extern E:\3.46\pic18-lt\cxx-framework\src\traditional\proc\p18f47j13.asm
                    T2CON   0x000fca       data     extern E:\3.46\pic18-lt\cxx-framework\src\traditional\proc\p18f47j13.asm
                      PR2   0x000fcb       data     extern E:\3.46\pic18-lt\cxx-framework\src\traditional\proc\p18f47j13.asm
                     TMR2   0x000fcc       data     extern E:\3.46\pic18-lt\cxx-framework\src\traditional\proc\p18f47j13.asm
                    T1CON   0x000fcd       data     extern E:\3.46\pic18-lt\cxx-framework\src\traditional\proc\p18f47j13.asm
                T1CONbits   0x000fcd       data     extern E:\3.46\pic18-lt\cxx-framework\src\traditional\proc\p18f47j13.asm
                    TMR1L   0x000fce       data     extern E:\3.46\pic18-lt\cxx-framework\src\traditional\proc\p18f47j13.asm
                    TMR1H   0x000fcf       data     extern E:\3.46\pic18-lt\cxx-framework\src\traditional\proc\p18f47j13.asm
                     RCON   0x000fd0       data     extern E:\3.46\pic18-lt\cxx-framework\src\traditional\proc\p18f47j13.asm
                 RCONbits   0x000fd0       data     extern E:\3.46\pic18-lt\cxx-framework\src\traditional\proc\p18f47j13.asm
                   CM2CON   0x000fd1       data     extern E:\3.46\pic18-lt\cxx-framework\src\traditional\proc\p18f47j13.asm
               CM2CONbits   0x000fd1       data     extern E:\3.46\pic18-lt\cxx-framework\src\traditional\proc\p18f47j13.asm
                  CM2CON1   0x000fd1       data     extern E:\3.46\pic18-lt\cxx-framework\src\traditional\proc\p18f47j13.asm
              CM2CON1bits   0x000fd1       data     extern E:\3.46\pic18-lt\cxx-framework\src\traditional\proc\p18f47j13.asm
               CM1CONbits   0x000fd2       data     extern E:\3.46\pic18-lt\cxx-framework\src\traditional\proc\p18f47j13.asm
              CM1CON1bits   0x000fd2       data     extern E:\3.46\pic18-lt\cxx-framework\src\traditional\proc\p18f47j13.asm
                  CM1CON1   0x000fd2       data     extern E:\3.46\pic18-lt\cxx-framework\src\traditional\proc\p18f47j13.asm
                   CM1CON   0x000fd2       data     extern E:\3.46\pic18-lt\cxx-framework\src\traditional\proc\p18f47j13.asm
                   OSCCON   0x000fd3       data     extern E:\3.46\pic18-lt\cxx-framework\src\traditional\proc\p18f47j13.asm
               OSCCONbits   0x000fd3       data     extern E:\3.46\pic18-lt\cxx-framework\src\traditional\proc\p18f47j13.asm
                T0CONbits   0x000fd5       data     extern E:\3.46\pic18-lt\cxx-framework\src\traditional\proc\p18f47j13.asm
                    T0CON   0x000fd5       data     extern E:\3.46\pic18-lt\cxx-framework\src\traditional\proc\p18f47j13.asm
                    TMR0L   0x000fd6       data     extern E:\3.46\pic18-lt\cxx-framework\src\traditional\proc\p18f47j13.asm
                    TMR0H   0x000fd7       data     extern E:\3.46\pic18-lt\cxx-framework\src\traditional\proc\p18f47j13.asm
               STATUSbits   0x000fd8       data     extern E:\3.46\pic18-lt\cxx-framework\src\traditional\proc\p18f47j13.asm
                   STATUS   0x000fd8       data     extern E:\3.46\pic18-lt\cxx-framework\src\traditional\proc\p18f47j13.asm
                     FSR2   0x000fd9       data     extern E:\3.46\pic18-lt\cxx-framework\src\traditional\proc\p18f47j13.asm
                    FSR2L   0x000fd9       data     extern E:\3.46\pic18-lt\cxx-framework\src\traditional\proc\p18f47j13.asm
                    FSR2H   0x000fda       data     extern E:\3.46\pic18-lt\cxx-framework\src\traditional\proc\p18f47j13.asm
                   PLUSW2   0x000fdb       data     extern E:\3.46\pic18-lt\cxx-framework\src\traditional\proc\p18f47j13.asm
                  PREINC2   0x000fdc       data     extern E:\3.46\pic18-lt\cxx-framework\src\traditional\proc\p18f47j13.asm
                 POSTDEC2   0x000fdd       data     extern E:\3.46\pic18-lt\cxx-framework\src\traditional\proc\p18f47j13.asm
                 POSTINC2   0x000fde       data     extern E:\3.46\pic18-lt\cxx-framework\src\traditional\proc\p18f47j13.asm
                    INDF2   0x000fdf       data     extern E:\3.46\pic18-lt\cxx-framework\src\traditional\proc\p18f47j13.asm
                      BSR   0x000fe0       data     extern E:\3.46\pic18-lt\cxx-framework\src\traditional\proc\p18f47j13.asm
                    FSR1L   0x000fe1       data     extern E:\3.46\pic18-lt\cxx-framework\src\traditional\proc\p18f47j13.asm
                     FSR1   0x000fe1       data     extern E:\3.46\pic18-lt\cxx-framework\src\traditional\proc\p18f47j13.asm
                    FSR1H   0x000fe2       data     extern E:\3.46\pic18-lt\cxx-framework\src\traditional\proc\p18f47j13.asm
                   PLUSW1   0x000fe3       data     extern E:\3.46\pic18-lt\cxx-framework\src\traditional\proc\p18f47j13.asm
                  PREINC1   0x000fe4       data     extern E:\3.46\pic18-lt\cxx-framework\src\traditional\proc\p18f47j13.asm
                 POSTDEC1   0x000fe5       data     extern E:\3.46\pic18-lt\cxx-framework\src\traditional\proc\p18f47j13.asm
                 POSTINC1   0x000fe6       data     extern E:\3.46\pic18-lt\cxx-framework\src\traditional\proc\p18f47j13.asm
                    INDF1   0x000fe7       data     extern E:\3.46\pic18-lt\cxx-framework\src\traditional\proc\p18f47j13.asm
                     WREG   0x000fe8       data     extern E:\3.46\pic18-lt\cxx-framework\src\traditional\proc\p18f47j13.asm
                     FSR0   0x000fe9       data     extern E:\3.46\pic18-lt\cxx-framework\src\traditional\proc\p18f47j13.asm
                    FSR0L   0x000fe9       data     extern E:\3.46\pic18-lt\cxx-framework\src\traditional\proc\p18f47j13.asm
                    FSR0H   0x000fea       data     extern E:\3.46\pic18-lt\cxx-framework\src\traditional\proc\p18f47j13.asm
                   PLUSW0   0x000feb       data     extern E:\3.46\pic18-lt\cxx-framework\src\traditional\proc\p18f47j13.asm
                  PREINC0   0x000fec       data     extern E:\3.46\pic18-lt\cxx-framework\src\traditional\proc\p18f47j13.asm
                 POSTDEC0   0x000fed       data     extern E:\3.46\pic18-lt\cxx-framework\src\traditional\proc\p18f47j13.asm
                 POSTINC0   0x000fee       data     extern E:\3.46\pic18-lt\cxx-framework\src\traditional\proc\p18f47j13.asm
                    INDF0   0x000fef       data     extern E:\3.46\pic18-lt\cxx-framework\src\traditional\proc\p18f47j13.asm
                  INTCON3   0x000ff0       data     extern E:\3.46\pic18-lt\cxx-framework\src\traditional\proc\p18f47j13.asm
              INTCON3bits   0x000ff0       data     extern E:\3.46\pic18-lt\cxx-framework\src\traditional\proc\p18f47j13.asm
                  INTCON2   0x000ff1       data     extern E:\3.46\pic18-lt\cxx-framework\src\traditional\proc\p18f47j13.asm
              INTCON2bits   0x000ff1       data     extern E:\3.46\pic18-lt\cxx-framework\src\traditional\proc\p18f47j13.asm
                   INTCON   0x000ff2       data     extern E:\3.46\pic18-lt\cxx-framework\src\traditional\proc\p18f47j13.asm
               INTCONbits   0x000ff2       data     extern E:\3.46\pic18-lt\cxx-framework\src\traditional\proc\p18f47j13.asm
                     PROD   0x000ff3       data     extern E:\3.46\pic18-lt\cxx-framework\src\traditional\proc\p18f47j13.asm
                    PRODL   0x000ff3       data     extern E:\3.46\pic18-lt\cxx-framework\src\traditional\proc\p18f47j13.asm
                    PRODH   0x000ff4       data     extern E:\3.46\pic18-lt\cxx-framework\src\traditional\proc\p18f47j13.asm
                   TABLAT   0x000ff5       data     extern E:\3.46\pic18-lt\cxx-framework\src\traditional\proc\p18f47j13.asm
                  TBLPTRL   0x000ff6       data     extern E:\3.46\pic18-lt\cxx-framework\src\traditional\proc\p18f47j13.asm
                   TBLPTR   0x000ff6       data     extern E:\3.46\pic18-lt\cxx-framework\src\traditional\proc\p18f47j13.asm
                  TBLPTRH   0x000ff7       data     extern E:\3.46\pic18-lt\cxx-framework\src\traditional\proc\p18f47j13.asm
                  TBLPTRU   0x000ff8       data     extern E:\3.46\pic18-lt\cxx-framework\src\traditional\proc\p18f47j13.asm
                       PC   0x000ff9       data     extern E:\3.46\pic18-lt\cxx-framework\src\traditional\proc\p18f47j13.asm
                      PCL   0x000ff9       data     extern E:\3.46\pic18-lt\cxx-framework\src\traditional\proc\p18f47j13.asm
                   PCLATH   0x000ffa       data     extern E:\3.46\pic18-lt\cxx-framework\src\traditional\proc\p18f47j13.asm
                   PCLATU   0x000ffb       data     extern E:\3.46\pic18-lt\cxx-framework\src\traditional\proc\p18f47j13.asm
               STKPTRbits   0x000ffc       data     extern E:\3.46\pic18-lt\cxx-framework\src\traditional\proc\p18f47j13.asm
                   STKPTR   0x000ffc       data     extern E:\3.46\pic18-lt\cxx-framework\src\traditional\proc\p18f47j13.asm
                      TOS   0x000ffd       data     extern E:\3.46\pic18-lt\cxx-framework\src\traditional\proc\p18f47j13.asm
                     TOSL   0x000ffd       data     extern E:\3.46\pic18-lt\cxx-framework\src\traditional\proc\p18f47j13.asm
                     TOSH   0x000ffe       data     extern E:\3.46\pic18-lt\cxx-framework\src\traditional\proc\p18f47j13.asm
                     TOSU   0x000fff       data     extern E:\3.46\pic18-lt\cxx-framework\src\traditional\proc\p18f47j13.asm


