MPLINK 5.00, LINKER
Linker Map File - Created Wed Mar 16 11:12:17 2016

                                 Section Info
                  Section       Type    Address   Location Size(Bytes)
                ---------  ---------  ---------  ---------  ---------
               _entry_scn       code   0x000000    program   0x000006
       .code__user_putc.o       code   0x000006    program   0x000002
               highVector       code   0x000008    program   0x000006
           .romdata_spi.o    romdata   0x00000e    program   0x000008
           .code___init.o       code   0x000016    program   0x000002
               lowhVector       code   0x000018    program   0x000006
                   .cinit    romdata   0x00001e    program   0x000062
          .code_MiWiPRO.o       code   0x000080    program   0x007390
          .code_MRF89XA.o       code   0x007410    program   0x00111a
         .code_vfprintf.o       code   0x00852a    program   0x000c22
       .code_eeprom25xx.o       code   0x00914c    program   0x000952
    .code_RepeaterBoard.o       code   0x009a9e    program   0x0007e6
             .stringtable    romdata   0x00a284    program   0x000612
           .code_st7032.o       code   0x00a896    program   0x00059c
       .code_DemoOutput.o       code   0x00ae32    program   0x000340
            .code_gpios.o       code   0x00b172    program   0x0002c2
      .code_LCDBlocking.o       code   0x00b434    program   0x000242
  .code_HardwareProfile.o       code   0x00b676    program   0x000234
           .code_delays.o       code   0x00b8aa    program   0x000224
        .code_TimeDelay.o       code   0x00bace    program   0x000224
              .code_NVM.o       code   0x00bcf2    program   0x0001a6
          .code_Console.o       code   0x00be98    program   0x000188
              .code_spi.o       code   0x00c020    program   0x00017a
       .code_MAC_EEProm.o       code   0x00c19a    program   0x000112
           .code_system.o       code   0x00c2ac    program   0x0000fc
    .romdata_DemoOutput.o    romdata   0x00c3a8    program   0x0000c0
       .code_SymbolTime.o       code   0x00c468    program   0x0000c0
          .code_sprintf.o       code   0x00c528    program   0x0000ac
               _cinit_scn       code   0x00c5d4    program   0x00009e
                   STRING       code   0x00c672    program   0x00009a
         .code_swgtsi2c.o       code   0x00c70c    program   0x00008c
             .code_putc.o       code   0x00c798    program   0x000084
       .romdata_MRF89XA.o    romdata   0x00c81c    program   0x000080
         .code_swptci2c.o       code   0x00c89c    program   0x00007c
           .code_u2open.o       code   0x00c918    program   0x000078
           .code_u1open.o       code   0x00c990    program   0x000072
          .code_fxm3232.o       code   0x00ca02    program   0x000070
             .code_MSPI.o       code   0x00ca72    program   0x000066
         .code_swgtci2c.o       code   0x00cad8    program   0x00005c
                     PROG       code   0x00cb34    program   0x00005a
           .code_t1open.o       code   0x00cb8e    program   0x000054
         .code_swptsi2c.o       code   0x00cbe2    program   0x00004e
         .code_fxd3232u.o       code   0x00cc30    program   0x000048
       .romdata_MiWiPRO.o    romdata   0x00cc78    program   0x00003c
          .code_t1write.o       code   0x00ccb4    program   0x000038
         .code_swrsti2c.o       code   0x00ccec    program   0x00002c
         .code_fxd1616u.o       code   0x00cd18    program   0x00002c
         .code_swstpi2c.o       code   0x00cd44    program   0x000026
         .code_swacki2c.o       code   0x00cd6a    program   0x000026
                    CTYPE       code   0x00cd90    program   0x000024
           .code_u2baud.o       code   0x00cdb4    program   0x000022
           .code_u1baud.o       code   0x00cdd6    program   0x000022
                    .code       code   0x00cdf8    program   0x000020
             _startup_scn       code   0x00ce18    program   0x00001c
                    STDIO       code   0x00ce34    program   0x00001c
         .code_fxd0808u.o       code   0x00ce50    program   0x00001c
              D10TCYXCODE       code   0x00ce6c    program   0x000016
      .romdata_vfprintf.o    romdata   0x00ce82    program   0x000011
       .romdata_Console.o    romdata   0x00ce93    program   0x000010
    .idata_SymbolTime.o_i    romdata   0x00cea3    program   0x000000
       .idata_sprintf.o_i    romdata   0x00cea3    program   0x000000
        .romdata_u1baud.o    romdata   0x00cea3    program   0x000000
    .romdata_SymbolTime.o    romdata   0x00cea3    program   0x000000
          .romdata_putc.o    romdata   0x00cea3    program   0x000000
 .romdata_RepeaterBoard.o    romdata   0x00cea3    program   0x000000
      .romdata_security.o    romdata   0x00cea3    program   0x000000
        .romdata_u2baud.o    romdata   0x00cea3    program   0x000000
       .romdata_sprintf.o    romdata   0x00cea3    program   0x000000
      .idata_security.o_i    romdata   0x00cea3    program   0x000000
           .romdata_crc.o    romdata   0x00cea3    program   0x000000
           .idata_crc.o_i    romdata   0x00cea3    program   0x000000
        .idata_u2baud.o_i    romdata   0x00cea3    program   0x000000
          .idata_putc.o_i    romdata   0x00cea3    program   0x000000
    .romdata__user_putc.o    romdata   0x00cea3    program   0x000000
        .romdata_t1open.o    romdata   0x00cea3    program   0x000000
        .idata_t1open.o_i    romdata   0x00cea3    program   0x000000
       .idata_t1write.o_i    romdata   0x00cea3    program   0x000000
    .idata__user_putc.o_i    romdata   0x00cea3    program   0x000000
      .romdata_fxd3232u.o    romdata   0x00cea3    program   0x000000
        .romdata_u2open.o    romdata   0x00cea3    program   0x000000
        .idata_u2open.o_i    romdata   0x00cea3    program   0x000000
       .romdata_t1write.o    romdata   0x00cea3    program   0x000000
        .romdata_u1open.o    romdata   0x00cea3    program   0x000000
      .idata_fxd3232u.o_i    romdata   0x00cea3    program   0x000000
        .idata_u1open.o_i    romdata   0x00cea3    program   0x000000
        .idata___init.o_i    romdata   0x00cea3    program   0x000000
       .romdata_fxm3232.o    romdata   0x00cea3    program   0x000000
       .idata_fxm3232.o_i    romdata   0x00cea3    program   0x000000
        .romdata___init.o    romdata   0x00cea3    program   0x000000
      .romdata_fxd1616u.o    romdata   0x00cea3    program   0x000000
      .idata_fxd1616u.o_i    romdata   0x00cea3    program   0x000000
      .romdata_fxd0808u.o    romdata   0x00cea3    program   0x000000
        .idata_u1baud.o_i    romdata   0x00cea3    program   0x000000
      .idata_fxd0808u.o_i    romdata   0x00cea3    program   0x000000
      .idata_vfprintf.o_i    romdata   0x00cea3    program   0x000000
      .idata_swgtci2c.o_i    romdata   0x00cea3    program   0x000000
      .romdata_swckti2c.o    romdata   0x00cea3    program   0x000000
      .idata_swckti2c.o_i    romdata   0x00cea3    program   0x000000
      .romdata_swacki2c.o    romdata   0x00cea3    program   0x000000
      .idata_swacki2c.o_i    romdata   0x00cea3    program   0x000000
           .romdata_P2P.o    romdata   0x00cea3    program   0x000000
           .idata_P2P.o_i    romdata   0x00cea3    program   0x000000
          .romdata_MiWi.o    romdata   0x00cea3    program   0x000000
          .idata_MiWi.o_i    romdata   0x00cea3    program   0x000000
    .romdata_eeprom25xx.o    romdata   0x00cea3    program   0x000000
        .romdata_st7032.o    romdata   0x00cea3    program   0x000000
     .romdata_TimeDelay.o    romdata   0x00cea3    program   0x000000
     .idata_TimeDelay.o_i    romdata   0x00cea3    program   0x000000
   .romdata_LCDBlocking.o    romdata   0x00cea3    program   0x000000
   .idata_LCDBlocking.o_i    romdata   0x00cea3    program   0x000000
        .romdata_system.o    romdata   0x00cea3    program   0x000000
         .romdata_gpios.o    romdata   0x00cea3    program   0x000000
        .romdata_delays.o    romdata   0x00cea3    program   0x000000
        .idata_delays.o_i    romdata   0x00cea3    program   0x000000
    .romdata_MAC_EEProm.o    romdata   0x00cea3    program   0x000000
    .idata_MAC_EEProm.o_i    romdata   0x00cea3    program   0x000000
.romdata_HardwareProfile.o    romdata   0x00cea3    program   0x000000
.idata_HardwareProfile.o_i    romdata   0x00cea3    program   0x000000
    .idata_DemoOutput.o_i    romdata   0x00cea3    program   0x000000
         .romdata_c018i.o    romdata   0x00cea3    program   0x000000
         .idata_c018i.o_i    romdata   0x00cea3    program   0x000000
           .romdata_NVM.o    romdata   0x00cea3    program   0x000000
           .idata_NVM.o_i    romdata   0x00cea3    program   0x000000
          .romdata_MSPI.o    romdata   0x00cea3    program   0x000000
          .idata_MSPI.o_i    romdata   0x00cea3    program   0x000000
        .romdata_EEPROM.o    romdata   0x00cea3    program   0x000000
        .idata_EEPROM.o_i    romdata   0x00cea3    program   0x000000
       .idata_Console.o_i    romdata   0x00cea3    program   0x000000
      .romdata_swstri2c.o    romdata   0x00cea3    program   0x000000
      .idata_swstri2c.o_i    romdata   0x00cea3    program   0x000000
      .romdata_swstpi2c.o    romdata   0x00cea3    program   0x000000
      .idata_swstpi2c.o_i    romdata   0x00cea3    program   0x000000
      .romdata_swrsti2c.o    romdata   0x00cea3    program   0x000000
      .romdata_swgtci2c.o    romdata   0x00cea3    program   0x000000
      .idata_swgtsi2c.o_i    romdata   0x00cea3    program   0x000000
      .romdata_swgtsi2c.o    romdata   0x00cea3    program   0x000000
      .idata_swptci2c.o_i    romdata   0x00cea3    program   0x000000
      .romdata_swptci2c.o    romdata   0x00cea3    program   0x000000
      .idata_swptsi2c.o_i    romdata   0x00cea3    program   0x000000
      .romdata_swptsi2c.o    romdata   0x00cea3    program   0x000000
      .idata_swrsti2c.o_i    romdata   0x00cea3    program   0x000000
              .code_crc.o       code   0x00cea4    program   0x000000
         .code_security.o       code   0x00cea4    program   0x000000
         .code_swstri2c.o       code   0x00cea4    program   0x000010
              .code_P2P.o       code   0x00cea4    program   0x000000
           .code_EEPROM.o       code   0x00cea4    program   0x000000
            .code_c018i.o       code   0x00cea4    program   0x000000
             .code_MiWi.o       code   0x00cea4    program   0x000000
         .code_swckti2c.o       code   0x00ceb4    program   0x000010
        .idata_system.o_i    romdata   0x00cec4    program   0x000050
        .idata_st7032.o_i    romdata   0x00cf14    program   0x000020
           .idata_spi.o_i    romdata   0x00cf34    program   0x000012
         .idata_gpios.o_i    romdata   0x00cf46    program   0x00001e
    .idata_eeprom25xx.o_i    romdata   0x00cf64    program   0x00000c
 .idata_RepeaterBoard.o_i    romdata   0x00cf70    program   0x000016
       .idata_MiWiPRO.o_i    romdata   0x00cf86    program   0x000009
       .idata_MRF89XA.o_i    romdata   0x00cf8f    program   0x000002
.config_1fff8_HardwareProfile.o    romdata   0x01fff8    program   0x000001
.config_1fff9_HardwareProfile.o    romdata   0x01fff9    program   0x000001
.config_1fffa_HardwareProfile.o    romdata   0x01fffa    program   0x000001
.config_1fffb_HardwareProfile.o    romdata   0x01fffb    program   0x000001
.config_1fffc_HardwareProfile.o    romdata   0x01fffc    program   0x000001
.config_1fffd_HardwareProfile.o    romdata   0x01fffd    program   0x000001
.config_1fffe_HardwareProfile.o    romdata   0x01fffe    program   0x000001
.config_1ffff_HardwareProfile.o    romdata   0x01ffff    program   0x000001
                MATH_DATA      udata   0x000000       data   0x000014
                 .tmpdata      udata   0x000014       data   0x00000c
              HighISR_tmp      udata   0x000020       data   0x000004
       __CONNECTION_TABLE      udata   0x000060       data   0x0000a0
         .udata_MiWiPRO.o      udata   0x000100       data   0x0000dc
     .udata_LCDBlocking.o      udata   0x0001dc       data   0x000021
      .udata_eeprom25xx.o      udata   0x0001fd       data   0x000001
        .udata_swstri2c.o      udata   0x0001fe       data   0x000000
         .idata_fxm3232.o      idata   0x0001fe       data   0x000000
         .udata_fxm3232.o      udata   0x0001fe       data   0x000000
        .idata_fxd1616u.o      idata   0x0001fe       data   0x000000
        .idata_swstri2c.o      idata   0x0001fe       data   0x000000
        .udata_fxd1616u.o      udata   0x0001fe       data   0x000000
        .idata_fxd0808u.o      idata   0x0001fe       data   0x000000
        .udata_fxd0808u.o      udata   0x0001fe       data   0x000000
        .idata_security.o      idata   0x0001fe       data   0x000000
        .udata_security.o      udata   0x0001fe       data   0x000000
             .idata_crc.o      idata   0x0001fe       data   0x000000
             .udata_crc.o      udata   0x0001fe       data   0x000000
         .udata_Console.o      udata   0x0001fe       data   0x000000
      .idata_SymbolTime.o      idata   0x0001fe       data   0x000000
             .idata_NVM.o      idata   0x0001fe       data   0x000000
            .idata_MSPI.o      idata   0x0001fe       data   0x000000
            .udata_MSPI.o      udata   0x0001fe       data   0x000000
          .idata_EEPROM.o      idata   0x0001fe       data   0x000000
          .udata_EEPROM.o      udata   0x0001fe       data   0x000000
         .idata_Console.o      idata   0x0001fe       data   0x000000
      .idata__user_putc.o      idata   0x0001fe       data   0x000000
      .udata__user_putc.o      udata   0x0001fe       data   0x000000
            .idata_putc.o      idata   0x0001fe       data   0x000000
            .udata_putc.o      udata   0x0001fe       data   0x000000
        .idata_fxd3232u.o      idata   0x0001fe       data   0x000000
        .udata_fxd3232u.o      udata   0x0001fe       data   0x000000
        .idata_vfprintf.o      idata   0x0001fe       data   0x000000
        .udata_vfprintf.o      udata   0x0001fe       data   0x000000
         .idata_sprintf.o      idata   0x0001fe       data   0x000000
         .udata_sprintf.o      udata   0x0001fe       data   0x000000
          .idata_u2baud.o      idata   0x0001fe       data   0x000000
          .udata_u2baud.o      udata   0x0001fe       data   0x000000
          .idata_u1baud.o      idata   0x0001fe       data   0x000000
          .udata_u1baud.o      udata   0x0001fe       data   0x000000
          .idata___init.o      idata   0x0001fe       data   0x000000
          .udata___init.o      udata   0x0001fe       data   0x000000
         .idata_t1write.o      idata   0x0001fe       data   0x000000
         .udata_t1write.o      udata   0x0001fe       data   0x000000
          .idata_t1open.o      idata   0x0001fe       data   0x000000
          .udata_t1open.o      udata   0x0001fe       data   0x000000
          .idata_u2open.o      idata   0x0001fe       data   0x000000
          .udata_u2open.o      udata   0x0001fe       data   0x000000
          .idata_u1open.o      idata   0x0001fe       data   0x000000
          .udata_u1open.o      udata   0x0001fe       data   0x000000
           .idata_c018i.o      idata   0x0001fe       data   0x000000
      .udata_DemoOutput.o      udata   0x0001fe       data   0x000000
      .idata_DemoOutput.o      idata   0x0001fe       data   0x000000
 .idata_HardwareProfile.o      idata   0x0001fe       data   0x000000
      .udata_MAC_EEProm.o      udata   0x0001fe       data   0x000000
      .idata_MAC_EEProm.o      idata   0x0001fe       data   0x000000
          .udata_delays.o      udata   0x0001fe       data   0x000000
          .idata_delays.o      idata   0x0001fe       data   0x000000
           .udata_gpios.o      udata   0x0001fe       data   0x000000
        .udata_swacki2c.o      udata   0x0001fe       data   0x000000
             .idata_P2P.o      idata   0x0001fe       data   0x000000
             .udata_P2P.o      udata   0x0001fe       data   0x000000
             .udata_spi.o      udata   0x0001fe       data   0x000000
            .idata_MiWi.o      idata   0x0001fe       data   0x000000
            .udata_MiWi.o      udata   0x0001fe       data   0x000000
          .udata_st7032.o      udata   0x0001fe       data   0x000000
       .idata_TimeDelay.o      idata   0x0001fe       data   0x000000
       .udata_TimeDelay.o      udata   0x0001fe       data   0x000000
     .idata_LCDBlocking.o      idata   0x0001fe       data   0x000000
          .udata_system.o      udata   0x0001fe       data   0x000000
        .idata_swstpi2c.o      idata   0x0001fe       data   0x000000
        .udata_swstpi2c.o      udata   0x0001fe       data   0x000000
        .idata_swrsti2c.o      idata   0x0001fe       data   0x000000
        .udata_swrsti2c.o      udata   0x0001fe       data   0x000000
        .idata_swptsi2c.o      idata   0x0001fe       data   0x000000
        .udata_swptsi2c.o      udata   0x0001fe       data   0x000000
        .idata_swptci2c.o      idata   0x0001fe       data   0x000000
        .udata_swptci2c.o      udata   0x0001fe       data   0x000000
        .idata_swgtsi2c.o      idata   0x0001fe       data   0x000000
        .udata_swgtsi2c.o      udata   0x0001fe       data   0x000000
        .idata_swacki2c.o      idata   0x0001fe       data   0x000000
        .idata_swgtci2c.o      idata   0x0001fe       data   0x000000
        .idata_swckti2c.o      idata   0x0001fe       data   0x000000
        .udata_swckti2c.o      udata   0x0001fe       data   0x000000
   .udata_RepeaterBoard.o      udata   0x000200       data   0x0000d5
               TRX_BUFFER      udata   0x0002d5       data   0x00002b
             MAC_RX_BUFFE      udata   0x000300       data   0x000072
          .idata_system.o      idata   0x000372       data   0x000050
            MAC_TX_BUFFER      udata   0x0003c2       data   0x000037
 .udata_HardwareProfile.o      udata   0x0003f9       data   0x000005
        .udata_swgtci2c.o      udata   0x0003fe       data   0x000002
         .udata_MRF89XA.o      udata   0x000400       data   0x000027
          .idata_st7032.o      idata   0x000427       data   0x000020
           .idata_gpios.o      idata   0x000447       data   0x00001e
   .idata_RepeaterBoard.o      idata   0x000465       data   0x000016
             .idata_spi.o      idata   0x00047b       data   0x000012
      .idata_eeprom25xx.o      idata   0x00048d       data   0x00000c
           .udata_c018i.o      udata   0x000499       data   0x00000a
         .idata_MiWiPRO.o      idata   0x0004a3       data   0x000009
      .udata_SymbolTime.o      udata   0x0004ac       data   0x000004
                   .stack      udata   0x000d00       data   0x000100
       RANDOM_SEND_BUFFER      udata   0x000e00       data   0x000096
             .udata_NVM.o      udata   0x000e96       data   0x000018
         .idata_MRF89XA.o      idata   0x000eae       data   0x000002
              SFR_BANKED0      udata   0x000eb8       data   0x000005
              SFR_BANKED1      udata   0x000ebf       data   0x00001a
              SFR_BANKED2      udata   0x000ee1       data   0x000004
              SFR_BANKED3      udata   0x000ee6       data   0x000005
              SFR_BANKED4      udata   0x000ef2       data   0x000003
              SFR_BANKED5      udata   0x000ef7       data   0x000002
              SFR_BANKED6      udata   0x000efc       data   0x000004
              SFR_BANKED7      udata   0x000f00       data   0x000026
              SFR_BANKED8      udata   0x000f3a       data   0x000009
              SFR_BANKED9      udata   0x000f44       data   0x00001c
            SFR_UNBANKED0      udata   0x000f66       data   0x00009a



                              Program Memory Usage 
                               Start         End      
                           ---------   ---------      
                            0x000000    0x00cea2      
                            0x00cea4    0x00cf90      
                            0x01fff8    0x01ffff      
            53144 out of 131074 program addresses used, program memory utilization is 40%



                              Symbols - Sorted by Name
                     Name    Address   Location    Storage File                     
                ---------  ---------  ---------  --------- ---------                
    AddNodeToNetworkTable   0x004cda    program     extern C:\microchip_solutions_v2013-06-15\Microchip\WirelessProtocols\MiWiPRO\MiWiPRO.c
                BoardInit   0x00b676    program     extern C:\Users\INADEM\MPLABXProjects\MiWi_Rich_Features_Node1.X\HardwareProfile.c
          BroadcastJitter   0x000084    program     extern C:\microchip_solutions_v2013-06-15\Microchip\WirelessProtocols\MiWiPRO\MiWiPRO.c
            ButtonPressed   0x00b7b4    program     extern C:\Users\INADEM\MPLABXProjects\MiWi_Rich_Features_Node1.X\HardwareProfile.c
           CharacterArray   0x00ce93    program     extern C:\microchip_solutions_v2013-06-15\Microchip\WirelessProtocols\Console.c
               Clock_test   0x00ceb4    program     extern C:\Users\INADEM\MPLABXProjects\MiWi_Rich_Features_Node1.X\SW_I2C\swckti2c.c
               ConsoleGet   0x00befe    program     extern C:\microchip_solutions_v2013-06-15\Microchip\WirelessProtocols\Console.c
              ConsoleInit   0x00be98    program     extern C:\microchip_solutions_v2013-06-15\Microchip\WirelessProtocols\Console.c
               ConsolePut   0x00bee4    program     extern C:\microchip_solutions_v2013-06-15\Microchip\WirelessProtocols\Console.c
      ConsolePutROMString   0x00beaa    program     extern C:\microchip_solutions_v2013-06-15\Microchip\WirelessProtocols\Console.c
                    D10_1   0x00ce7c    program     static E:\3.46\pic18-lt\cxx-framework\src\traditional\delays\d10tcyx.asm
                     D10x   0x00ce74    program     static E:\3.46\pic18-lt\cxx-framework\src\traditional\delays\d10tcyx.asm
                       DE   0x00c426    program     extern C:\Users\INADEM\MPLABXProjects\MiWi_Rich_Features_Node1.X\DemoOutput.c
              Delay10TCYx   0x00ce6c    program     extern E:\3.46\pic18-lt\cxx-framework\src\traditional\delays\d10tcyx.asm
                Delay10us   0x00bace    program     extern C:\microchip_solutions_v2013-06-15\Microchip\Common\TimeDelay.c
                  DelayMs   0x00bbe4    program     extern C:\microchip_solutions_v2013-06-15\Microchip\Common\TimeDelay.c
              Delays_10us   0x00b8aa    program     extern C:\CodeBank8\bsp\Microchip\delays\delays.c
                Delays_ms   0x00b9c0    program     extern C:\CodeBank8\bsp\Microchip\delays\delays.c
       DemoOutput_Channel   0x00af4e    program     extern C:\Users\INADEM\MPLABXProjects\MiWi_Rich_Features_Node1.X\DemoOutput.c
  DemoOutput_ChannelError   0x00b10a    program     extern C:\Users\INADEM\MPLABXProjects\MiWi_Rich_Features_Node1.X\DemoOutput.c
      DemoOutput_Greeting   0x00ae32    program     extern C:\Users\INADEM\MPLABXProjects\MiWi_Rich_Features_Node1.X\DemoOutput.c
 DemoOutput_HandleMessage   0x00afee    program     extern C:\Users\INADEM\MPLABXProjects\MiWi_Rich_Features_Node1.X\DemoOutput.c
   DemoOutput_Instruction   0x00afd4    program     extern C:\Users\INADEM\MPLABXProjects\MiWi_Rich_Features_Node1.X\DemoOutput.c
   DemoOutput_UnicastFail   0x00b146    program     extern C:\Users\INADEM\MPLABXProjects\MiWi_Rich_Features_Node1.X\DemoOutput.c
    DemoOutput_UpdateTxRx   0x00b0e6    program     extern C:\Users\INADEM\MPLABXProjects\MiWi_Rich_Features_Node1.X\DemoOutput.c
           DumpConnection   0x003f72    program     extern C:\microchip_solutions_v2013-06-15\Microchip\WirelessProtocols\MiWiPRO\MiWiPRO.c
               EEPROMRead   0x00c19a    program     extern C:\Users\INADEM\MPLABXProjects\MiWi_Rich_Features_Node1.X\MAC_EEProm.c
          Eeprom25xx_Init   0x00914c    program     extern C:\CodeBank8\modules\eeprom25xx\eeprom25xx.c
          Eeprom25xx_Read   0x009290    program     extern C:\CodeBank8\modules\eeprom25xx\eeprom25xx.c
   Eeprom25xx_SectorErase   0x00986e    program     extern C:\CodeBank8\modules\eeprom25xx\eeprom25xx.c
         Eeprom25xx_Write   0x0094d2    program     extern C:\CodeBank8\modules\eeprom25xx\eeprom25xx.c
  Eeprom25xx_u8ReadStatus   0x0091aa    program     extern C:\CodeBank8\modules\eeprom25xx\eeprom25xx.c
                 FXD0808U   0x00ce50    program     extern E:\3.46\pic18-lt\cxx-framework\src\traditional\math\fxd0808u.c
                 FXD1616U   0x00cd18    program     extern E:\3.46\pic18-lt\cxx-framework\src\traditional\math\fxd1616u.c
                 FXD3232U   0x00cc30    program     extern E:\3.46\pic18-lt\cxx-framework\src\traditional\math\fxd3232u.c
                 FXM1616S   0x00cb34    program     extern E:\3.46\pic18-lt\cxx-framework\src\traditional\math\fxm1616s.asm
                  FXM3232   0x00ca02    program     extern E:\3.46\pic18-lt\cxx-framework\src\traditional\math\fxm3232.c
                FindDepth   0x003490    program     extern C:\microchip_solutions_v2013-06-15\Microchip\WirelessProtocols\MiWiPRO\MiWiPRO.c
          FindRoutingPath   0x003522    program     extern C:\microchip_solutions_v2013-06-15\Microchip\WirelessProtocols\MiWiPRO\MiWiPRO.c
       Gpios_PinDirection   0x00b172    program     extern C:\CodeBank8\bsp\Microchip\gpios\gpios.c
          Gpios_PullupPin   0x00b2ae    program     extern C:\CodeBank8\bsp\Microchip\gpios\gpios.c
         Gpios_SetPullups   0x00b41a    program     extern C:\CodeBank8\bsp\Microchip\gpios\gpios.c
          Gpios_TogglePin   0x00b2ba    program     extern C:\CodeBank8\bsp\Microchip\gpios\gpios.c
           Gpios_WritePin   0x00b210    program     extern C:\CodeBank8\bsp\Microchip\gpios\gpios.c
          Gpios_WritePort   0x00b35a    program     extern C:\CodeBank8\bsp\Microchip\gpios\gpios.c
          Gpios_WriteTris   0x00b3ba    program     extern C:\CodeBank8\bsp\Microchip\gpios\gpios.c
           Gpios_bReadPin   0x00b30a    program     extern C:\CodeBank8\bsp\Microchip\gpios\gpios.c
         Gpios_u8ReadPort   0x00b38c    program     extern C:\CodeBank8\bsp\Microchip\gpios\gpios.c
      Gpios_u8ReadPullups   0x00b426    program     extern C:\CodeBank8\bsp\Microchip\gpios\gpios.c
         Gpios_u8ReadTris   0x00b3ec    program     extern C:\CodeBank8\bsp\Microchip\gpios\gpios.c
                  HighISR   0x007e8a    program     extern C:\microchip_solutions_v2013-06-15\Microchip\Transceivers\MRF89XA\MRF89XA.c
               HighVector   0x000008    program     extern C:\microchip_solutions_v2013-06-15\Microchip\Transceivers\MRF89XA\MRF89XA.c
              IGNORE_HERE   0x007fa6    program     static                          
           InitConfigRegs   0x00c85c    program     extern C:\microchip_solutions_v2013-06-15\Microchip\Transceivers\MRF89XA\MRF89XA.c
          InitSymbolTimer   0x00c468    program     extern C:\microchip_solutions_v2013-06-15\Microchip\WirelessProtocols\SymbolTime.c
               LCDDisplay   0x00b746    program     extern C:\Users\INADEM\MPLABXProjects\MiWi_Rich_Features_Node1.X\HardwareProfile.c
                 LCDErase   0x00b59c    program     extern C:\microchip_solutions_v2013-06-15\Microchip\Common\LCDBlocking.c
                  LCDInit   0x00b454    program     extern C:\microchip_solutions_v2013-06-15\Microchip\Common\LCDBlocking.c
              LCDTRXCount   0x00b6ce    program     extern C:\Users\INADEM\MPLABXProjects\MiWi_Rich_Features_Node1.X\HardwareProfile.c
                LCDUpdate   0x00b490    program     extern C:\microchip_solutions_v2013-06-15\Microchip\Common\LCDBlocking.c
                 LCDWrite   0x00b434    program     static C:\microchip_solutions_v2013-06-15\Microchip\Common\LCDBlocking.c
             LCDWriteLine   0x00b5b6    program     extern C:\microchip_solutions_v2013-06-15\Microchip\Common\LCDBlocking.c
                LowVector   0x000018    program     extern C:\microchip_solutions_v2013-06-15\Microchip\Transceivers\MRF89XA\MRF89XA.c
                 MacroNop   0x000080    program     extern C:\microchip_solutions_v2013-06-15\Microchip\WirelessProtocols\MiWiPRO\MiWiPRO.c
    MiApp_BroadcastPacket   0x005b38    program     extern C:\microchip_solutions_v2013-06-15\Microchip\WirelessProtocols\MiWiPRO\MiWiPRO.c
     MiApp_ConnectionMode   0x00540a    program     extern C:\microchip_solutions_v2013-06-15\Microchip\WirelessProtocols\MiWiPRO\MiWiPRO.c
     MiApp_DiscardMessage   0x005b30    program     extern C:\microchip_solutions_v2013-06-15\Microchip\WirelessProtocols\MiWiPRO\MiWiPRO.c
MiApp_EstablishConnection   0x005642    program     extern C:\microchip_solutions_v2013-06-15\Microchip\WirelessProtocols\MiWiPRO\MiWiPRO.c
 MiApp_InitChannelHopping   0x006b66    program     extern C:\microchip_solutions_v2013-06-15\Microchip\WirelessProtocols\MiWiPRO\MiWiPRO.c
   MiApp_MessageAvailable   0x005b20    program     extern C:\microchip_solutions_v2013-06-15\Microchip\WirelessProtocols\MiWiPRO\MiWiPRO.c
     MiApp_NoiseDetection   0x00657a    program     extern C:\microchip_solutions_v2013-06-15\Microchip\WirelessProtocols\MiWiPRO\MiWiPRO.c
       MiApp_ProtocolInit   0x004e50    program     extern C:\microchip_solutions_v2013-06-15\Microchip\WirelessProtocols\MiWiPRO\MiWiPRO.c
   MiApp_RemoveConnection   0x006f9e    program     extern C:\microchip_solutions_v2013-06-15\Microchip\WirelessProtocols\MiWiPRO\MiWiPRO.c
   MiApp_ResyncConnection   0x006802    program     extern C:\microchip_solutions_v2013-06-15\Microchip\WirelessProtocols\MiWiPRO\MiWiPRO.c
   MiApp_SearchConnection   0x005464    program     extern C:\microchip_solutions_v2013-06-15\Microchip\WirelessProtocols\MiWiPRO\MiWiPRO.c
         MiApp_SetChannel   0x0053b8    program     extern C:\microchip_solutions_v2013-06-15\Microchip\WirelessProtocols\MiWiPRO\MiWiPRO.c
    MiApp_StartConnection   0x00637e    program     extern C:\microchip_solutions_v2013-06-15\Microchip\WirelessProtocols\MiWiPRO\MiWiPRO.c
     MiApp_UnicastAddress   0x005e5e    program     extern C:\microchip_solutions_v2013-06-15\Microchip\WirelessProtocols\MiWiPRO\MiWiPRO.c
  MiApp_UnicastConnection   0x005bf4    program     extern C:\microchip_solutions_v2013-06-15\Microchip\WirelessProtocols\MiWiPRO\MiWiPRO.c
  MiMAC_ChannelAssessment   0x007d68    program     extern C:\microchip_solutions_v2013-06-15\Microchip\Transceivers\MRF89XA\MRF89XA.c
      MiMAC_DiscardPacket   0x007d46    program     extern C:\microchip_solutions_v2013-06-15\Microchip\Transceivers\MRF89XA\MRF89XA.c
               MiMAC_Init   0x0077f6    program     extern C:\microchip_solutions_v2013-06-15\Microchip\Transceivers\MRF89XA\MRF89XA.c
     MiMAC_ReceivedPacket   0x007afa    program     extern C:\microchip_solutions_v2013-06-15\Microchip\Transceivers\MRF89XA\MRF89XA.c
         MiMAC_SendPacket   0x007940    program     extern C:\microchip_solutions_v2013-06-15\Microchip\Transceivers\MRF89XA\MRF89XA.c
      MiMAC_SetAltAddress   0x0076e8    program     extern C:\microchip_solutions_v2013-06-15\Microchip\Transceivers\MRF89XA\MRF89XA.c
         MiMAC_SetChannel   0x0076f6    program     extern C:\microchip_solutions_v2013-06-15\Microchip\Transceivers\MRF89XA\MRF89XA.c
           MiMAC_SetPower   0x0077b8    program     extern C:\microchip_solutions_v2013-06-15\Microchip\Transceivers\MRF89XA\MRF89XA.c
                     MiWi   0x00c3a8    program     extern C:\Users\INADEM\MPLABXProjects\MiWi_Rich_Features_Node1.X\DemoOutput.c
             MiWiPROTasks   0x000146    program     extern C:\microchip_solutions_v2013-06-15\Microchip\WirelessProtocols\MiWiPRO\MiWiPRO.c
             MiWi_TickGet   0x00c47c    program     extern C:\microchip_solutions_v2013-06-15\Microchip\WirelessProtocols\SymbolTime.c
                MultiCast   0x005b58    program     extern C:\microchip_solutions_v2013-06-15\Microchip\WirelessProtocols\MiWiPRO\MiWiPRO.c
                  NVMInit   0x00bd74    program     extern C:\microchip_solutions_v2013-06-15\Microchip\WirelessProtocols\NVM.c
                  NVMRead   0x00bcf2    program     extern C:\microchip_solutions_v2013-06-15\Microchip\WirelessProtocols\NVM.c
                 NVMWrite   0x00bcfe    program     extern C:\microchip_solutions_v2013-06-15\Microchip\WirelessProtocols\NVM.c
                 NVMalloc   0x00bd0a    program     extern C:\microchip_solutions_v2013-06-15\Microchip\WirelessProtocols\NVM.c
               Open1USART   0x00c990    program     extern E:\3.46\pic18-lt\cxx-framework\src\pmc_common\USART\u1open.c
               Open2USART   0x00c918    program     extern E:\3.46\pic18-lt\cxx-framework\src\pmc_common\USART\u2open.c
               OpenSocket   0x0046fa    program     extern C:\microchip_solutions_v2013-06-15\Microchip\WirelessProtocols\MiWiPRO\MiWiPRO.c
               OpenTimer1   0x00cb8e    program     extern E:\3.46\pic18-lt\cxx-framework\src\pmc_common\Timers\t1open.c
                   PVALUE   0x00c81c    program     extern C:\microchip_solutions_v2013-06-15\Microchip\Transceivers\MRF89XA\MRF89XA.c
                PrintChar   0x00bf0a    program     extern C:\microchip_solutions_v2013-06-15\Microchip\WirelessProtocols\Console.c
                 PrintDec   0x00bf6c    program     extern C:\microchip_solutions_v2013-06-15\Microchip\WirelessProtocols\Console.c
              RETURN_HERE   0x0084a6    program     static                          
                RadioTask   0x009d26    program     extern C:\Users\INADEM\MPLABXProjects\MiWi_Rich_Features_Node1.X\RepeaterBoard.c
         Read_MAC_Address   0x00c1ee    program     extern C:\Users\INADEM\MPLABXProjects\MiWi_Rich_Features_Node1.X\MAC_EEProm.c
             RegisterRead   0x007490    program     extern C:\microchip_solutions_v2013-06-15\Microchip\Transceivers\MRF89XA\MRF89XA.c
              RegisterSet   0x007440    program     extern C:\microchip_solutions_v2013-06-15\Microchip\Transceivers\MRF89XA\MRF89XA.c
                 Repeater   0x009fa0    program     extern C:\Users\INADEM\MPLABXProjects\MiWi_Rich_Features_Node1.X\RepeaterBoard.c
             RouteMessage   0x003ae0    program     extern C:\microchip_solutions_v2013-06-15\Microchip\WirelessProtocols\MiWiPRO\MiWiPRO.c
                 Rs485Get   0x009c5c    program     extern C:\Users\INADEM\MPLABXProjects\MiWi_Rich_Features_Node1.X\RepeaterBoard.c
           Rs485GetString   0x009cbc    program     extern C:\Users\INADEM\MPLABXProjects\MiWi_Rich_Features_Node1.X\RepeaterBoard.c
                 Rs485Put   0x009c42    program     extern C:\Users\INADEM\MPLABXProjects\MiWi_Rich_Features_Node1.X\RepeaterBoard.c
                   SPIGet   0x00ca9c    program     extern C:\microchip_solutions_v2013-06-15\Microchip\WirelessProtocols\MSPI.c
                  SPIGet2   0x00cace    program     extern C:\microchip_solutions_v2013-06-15\Microchip\WirelessProtocols\MSPI.c
                   SPIPut   0x00ca72    program     extern C:\microchip_solutions_v2013-06-15\Microchip\WirelessProtocols\MSPI.c
                  SPIPut2   0x00caa6    program     extern C:\microchip_solutions_v2013-06-15\Microchip\WirelessProtocols\MSPI.c
              ST7032_Init   0x00a896    program     extern C:\CodeBank8\modules\st7032\st7032.c
         ST7032_SetCursor   0x00ab62    program     extern C:\CodeBank8\modules\st7032\st7032.c
      ST7032_WriteCommand   0x00acd6    program     extern C:\CodeBank8\modules\st7032\st7032.c
         ST7032_WriteData   0x00abc4    program     extern C:\CodeBank8\modules\st7032\st7032.c
       ST7032_WriteString   0x00ade6    program     extern C:\CodeBank8\modules\st7032\st7032.c
                   SVALUE   0x00c83c    program     extern C:\microchip_solutions_v2013-06-15\Microchip\Transceivers\MRF89XA\MRF89XA.c
                 SWAckI2C   0x00cd6a    program     extern C:\Users\INADEM\MPLABXProjects\MiWi_Rich_Features_Node1.X\SW_I2C\swacki2c.c
                SWGetsI2C   0x00c70c    program     extern C:\Users\INADEM\MPLABXProjects\MiWi_Rich_Features_Node1.X\SW_I2C\swgtsi2c.c
                SWPutsI2C   0x00cbe2    program     extern C:\Users\INADEM\MPLABXProjects\MiWi_Rich_Features_Node1.X\SW_I2C\swptsi2c.c
                SWReadI2C   0x00cad8    program     extern C:\Users\INADEM\MPLABXProjects\MiWi_Rich_Features_Node1.X\SW_I2C\swgtci2c.c
             SWRestartI2C   0x00ccec    program     extern C:\Users\INADEM\MPLABXProjects\MiWi_Rich_Features_Node1.X\SW_I2C\swrsti2c.c
               SWStartI2C   0x00cea4    program     extern C:\Users\INADEM\MPLABXProjects\MiWi_Rich_Features_Node1.X\SW_I2C\swstri2c.c
                SWStopI2C   0x00cd44    program     extern C:\Users\INADEM\MPLABXProjects\MiWi_Rich_Features_Node1.X\SW_I2C\swstpi2c.c
               SWWriteI2C   0x00c89c    program     extern C:\Users\INADEM\MPLABXProjects\MiWi_Rich_Features_Node1.X\SW_I2C\swptci2c.c
                 ScanTime   0x00cc78    program     extern C:\microchip_solutions_v2013-06-15\Microchip\WirelessProtocols\MiWiPRO\MiWiPRO.c
     SearchForLongAddress   0x004c04    program     extern C:\microchip_solutions_v2013-06-15\Microchip\WirelessProtocols\MiWiPRO\MiWiPRO.c
    SearchForShortAddress   0x004a5e    program     extern C:\microchip_solutions_v2013-06-15\Microchip\WirelessProtocols\MiWiPRO\MiWiPRO.c
               SendBeacon   0x004afa    program     extern C:\microchip_solutions_v2013-06-15\Microchip\WirelessProtocols\MiWiPRO\MiWiPRO.c
            SendMACPacket   0x003eae    program     extern C:\microchip_solutions_v2013-06-15\Microchip\WirelessProtocols\MiWiPRO\MiWiPRO.c
                SetRFMode   0x0078c0    program     extern C:\microchip_solutions_v2013-06-15\Microchip\Transceivers\MRF89XA\MRF89XA.c
                 Spi_Init   0x00c020    program     extern C:\CodeBank8\bsp\Microchip\spi\spi.c
              Spi_SetMode   0x00c092    program     extern C:\CodeBank8\bsp\Microchip\spi\spi.c
           Spi_u8Transfer   0x00c116    program     extern C:\CodeBank8\bsp\Microchip\spi\spi.c
      StartChannelHopping   0x006a40    program     extern C:\microchip_solutions_v2013-06-15\Microchip\WirelessProtocols\MiWiPRO\MiWiPRO.c
  StartWirelessConnection   0x009a9e    program     extern C:\Users\INADEM\MPLABXProjects\MiWi_Rich_Features_Node1.X\RepeaterBoard.c
 System_DisableInterrupts   0x00c2f4    program     extern C:\CodeBank8\bsp\Microchip\system\system.c
  System_EnableInterrupts   0x00c2ec    program     extern C:\CodeBank8\bsp\Microchip\system\system.c
         System_EnablePLL   0x00c2ac    program     extern C:\CodeBank8\bsp\Microchip\system\system.c
System_PeripheralPinSelect   0x00c2fc    program     extern C:\CodeBank8\bsp\Microchip\system\system.c
               TSIGN1616A   0x00cb80    program     static E:\3.46\pic18-lt\cxx-framework\src\traditional\math\fxm1616s.asm
               Timer1Tick   0x009b32    program     extern C:\Users\INADEM\MPLABXProjects\MiWi_Rich_Features_Node1.X\RepeaterBoard.c
                 TxPacket   0x007532    program     extern C:\microchip_solutions_v2013-06-15\Microchip\Transceivers\MRF89XA\MRF89XA.c
     UserInterruptHandler   0x00b89a    program     extern C:\Users\INADEM\MPLABXProjects\MiWi_Rich_Features_Node1.X\HardwareProfile.c
                WriteFIFO   0x0074f8    program     extern C:\microchip_solutions_v2013-06-15\Microchip\Transceivers\MRF89XA\MRF89XA.c
              WriteTimer1   0x00ccb4    program     extern E:\3.46\pic18-lt\cxx-framework\src\pmc_common\Timers\t1write.c
              _2jContinue   0x00c692    program     static E:\3.46\pic18-lt\cxx-framework\src\traditional\stdclib\memset.asm
                   _2jEnd   0x00c6f6    program     static E:\3.46\pic18-lt\cxx-framework\src\traditional\stdclib\slenpgm.asm
                   _3jEnd   0x00c69c    program     static E:\3.46\pic18-lt\cxx-framework\src\traditional\stdclib\memset.asm
        _D10TCYXCODE_000A   0x00ce76    program     static E:\3.46\pic18-lt\cxx-framework\src\traditional\delays\d10tcyx.asm
        _D10TCYXCODE_000C   0x00ce78    program     static E:\3.46\pic18-lt\cxx-framework\src\traditional\delays\d10tcyx.asm
        _D10TCYXCODE_000E   0x00ce7a    program     static E:\3.46\pic18-lt\cxx-framework\src\traditional\delays\d10tcyx.asm
       ___case_1_lbl00059   0x009e36    program     static                          
       ___case_2_lbl00063   0x009ef8    program     static                          
      ___default_lbl00064   0x009f94    program     static                          
           ___do_lbl00001   0x00c906    program     static                          
           ___do_lbl00001   0x00cb1a    program     static                          
           ___do_lbl00002   0x00cb20    program     static                          
           ___do_lbl00002   0x00c90c    program     static                          
           ___do_lbl00006   0x00cae0    program     static                          
           ___do_lbl00008   0x00c8b2    program     static                          
         ___else_lbl00002   0x00cd8a    program     static                          
         ___else_lbl00004   0x00bb84    program     static                          
         ___else_lbl00004   0x00b960    program     static                          
         ___else_lbl00005   0x00c8e6    program     static                          
         ___else_lbl00006   0x00bade    program     static                          
         ___else_lbl00006   0x00b8ba    program     static                          
         ___else_lbl00007   0x00c8c4    program     static                          
         ___else_lbl00011   0x00ba6e    program     static                          
         ___else_lbl00011   0x00bc92    program     static                          
         ___else_lbl00051   0x009dce    program     static                          
         ___else_lbl00069   0x009fec    program     static                          
         ___else_lbl00074   0x00a04e    program     static                          
         ___else_lbl00095   0x007f76    program     static                          
         ___else_lbl00105   0x00804a    program     static                          
         ___else_lbl00109   0x0080ba    program     static                          
         ___else_lbl00134   0x0084a0    program     static                          
          ___for_lbl00056   0x009ee6    program     static                          
          ___for_lbl00057   0x009eec    program     static                          
          ___for_lbl00058   0x009eb6    program     static                          
          ___for_lbl00060   0x009f82    program     static                          
          ___for_lbl00061   0x009f88    program     static                          
          ___for_lbl00062   0x009f52    program     static                          
          ___for_lbl00070   0x00a078    program     static                          
          ___for_lbl00071   0x00a07e    program     static                          
          ___for_lbl00072   0x00a052    program     static                          
          ___for_lbl00076   0x00a0b6    program     static                          
          ___for_lbl00077   0x00a0bc    program     static                          
          ___for_lbl00078   0x00a092    program     static                          
          ___for_lbl00090   0x007f5c    program     static                          
          ___for_lbl00091   0x007f62    program     static                          
          ___for_lbl00093   0x007f2e    program     static                          
          ___for_lbl00111   0x0081e6    program     static                          
          ___for_lbl00112   0x0081ec    program     static                          
          ___for_lbl00114   0x00815c    program     static                          
          ___for_lbl00116   0x008250    program     static                          
          ___for_lbl00117   0x008256    program     static                          
          ___for_lbl00118   0x00820e    program     static                          
          ___for_lbl00119   0x0082d6    program     static                          
          ___for_lbl00120   0x0082dc    program     static                          
          ___for_lbl00121   0x008294    program     static                          
          ___for_lbl00123   0x0083be    program     static                          
          ___for_lbl00124   0x0083c4    program     static                          
          ___for_lbl00129   0x0082e0    program     static                          
           ___if_lbl00001   0x00cd8e    program     static                          
           ___if_lbl00003   0x00b9ac    program     static                          
           ___if_lbl00003   0x00c8c2    program     static                          
           ___if_lbl00003   0x00bbd0    program     static                          
           ___if_lbl00003   0x00cb08    program     static                          
           ___if_lbl00004   0x00cb08    program     static                          
           ___if_lbl00004   0x00c902    program     static                          
           ___if_lbl00005   0x00b9ac    program     static                          
           ___if_lbl00005   0x00bbd0    program     static                          
           ___if_lbl00005   0x00cb1a    program     static                          
           ___if_lbl00006   0x00c906    program     static                          
           ___if_lbl00010   0x00baba    program     static                          
           ___if_lbl00010   0x00bcde    program     static                          
           ___if_lbl00050   0x009dd2    program     static                          
           ___if_lbl00052   0x009e16    program     static                          
           ___if_lbl00053   0x009e1a    program     static                          
           ___if_lbl00055   0x009e46    program     static                          
           ___if_lbl00065   0x009f96    program     static                          
           ___if_lbl00067   0x009fd0    program     static                          
           ___if_lbl00068   0x009ffc    program     static                          
           ___if_lbl00073   0x00a07e    program     static                          
           ___if_lbl00075   0x00a07e    program     static                          
           ___if_lbl00079   0x00a0c8    program     static                          
           ___if_lbl00080   0x00a0d2    program     static                          
           ___if_lbl00092   0x007f5c    program     static                          
           ___if_lbl00094   0x007f7a    program     static                          
           ___if_lbl00101   0x007fdc    program     static                          
           ___if_lbl00104   0x00808a    program     static                          
           ___if_lbl00106   0x0080b4    program     static                          
           ___if_lbl00107   0x0080ce    program     static                          
           ___if_lbl00108   0x0080ce    program     static                          
           ___if_lbl00110   0x008112    program     static                          
           ___if_lbl00113   0x0081e6    program     static                          
           ___if_lbl00115   0x0081ec    program     static                          
           ___if_lbl00122   0x0082dc    program     static                          
           ___if_lbl00126   0x008390    program     static                          
           ___if_lbl00128   0x0083be    program     static                          
           ___if_lbl00130   0x008482    program     static                          
           ___if_lbl00131   0x00849a    program     static                          
           ___if_lbl00132   0x00849c    program     static                          
           ___if_lbl00133   0x0084a6    program     static                          
           ___if_lbl00135   0x0084aa    program     static                          
           ___if_lbl00136   0x0084c2    program     static                          
           ___if_lbl00137   0x0084c2    program     static                          
           ___if_lbl00138   0x0084c2    program     static                          
       ___return_lbl00000   0x00ca70    program     static                          
       ___return_lbl00000   0x00cd42    program     static                          
       ___return_lbl00000   0x00ce6a    program     static                          
       ___return_lbl00000   0x00cd8e    program     static                          
       ___return_lbl00000   0x00cb32    program     static                          
       ___return_lbl00000   0x00b9ac    program     static                          
       ___return_lbl00000   0x00bbd0    program     static                          
       ___return_lbl00000   0x00c910    program     static                          
       ___return_lbl00000   0x00cd68    program     static                          
       ___return_lbl00000   0x00cc76    program     static                          
       ___return_lbl00000   0x000004    program     static                          
       ___return_lbl00000   0x000082    program     static                          
       ___return_lbl00001   0x00ce32    program     static                          
       ___return_lbl00002   0x00c670    program     static                          
       ___return_lbl00007   0x00bcde    program     static                          
       ___return_lbl00007   0x00baba    program     static                          
       ___return_lbl00010   0x00c396    program     static                          
       ___return_lbl00011   0x00c3a6    program     static                          
       ___return_lbl00046   0x009f96    program     static                          
       ___return_lbl00066   0x00a0d2    program     static                          
       ___return_lbl00088   0x0084c6    program     static                          
       ___return_lbl00139   0x00000c    program     static                          
       ___return_lbl00140   0x00001c    program     static                          
   ___switchexit_lbl00054   0x009f96    program     static                          
        ___while_lbl00001   0x00bb84    program     static                          
        ___while_lbl00001   0x00b960    program     static                          
        ___while_lbl00002   0x00b9ac    program     static                          
        ___while_lbl00002   0x00bbd0    program     static                          
        ___while_lbl00008   0x00bc92    program     static                          
        ___while_lbl00008   0x00ba6e    program     static                          
        ___while_lbl00009   0x00baba    program     static                          
        ___while_lbl00009   0x00bcde    program     static                          
        ___while_lbl00099   0x007fb8    program     static                          
        ___while_lbl00100   0x007fda    program     static                          
        ___while_lbl00102   0x007ff6    program     static                          
        ___while_lbl00103   0x00849e    program     static                          
               __config_0   0x01fff8    program     static C:\Users\INADEM\MPLABXProjects\MiWi_Rich_Features_Node1.X\HardwareProfile.c
               __config_1   0x01fff9    program     static C:\Users\INADEM\MPLABXProjects\MiWi_Rich_Features_Node1.X\HardwareProfile.c
               __config_2   0x01fffa    program     static C:\Users\INADEM\MPLABXProjects\MiWi_Rich_Features_Node1.X\HardwareProfile.c
               __config_3   0x01fffb    program     static C:\Users\INADEM\MPLABXProjects\MiWi_Rich_Features_Node1.X\HardwareProfile.c
               __config_4   0x01fffc    program     static C:\Users\INADEM\MPLABXProjects\MiWi_Rich_Features_Node1.X\HardwareProfile.c
               __config_5   0x01fffd    program     static C:\Users\INADEM\MPLABXProjects\MiWi_Rich_Features_Node1.X\HardwareProfile.c
               __config_6   0x01fffe    program     static C:\Users\INADEM\MPLABXProjects\MiWi_Rich_Features_Node1.X\HardwareProfile.c
               __config_7   0x01ffff    program     static C:\Users\INADEM\MPLABXProjects\MiWi_Rich_Features_Node1.X\HardwareProfile.c
                   __init   0x000016    program     extern E:\3.46\pic18-lt\cxx-framework\src\traditional\stdclib\__init.c
                   __pa_0   0x008e6a    program     static E:\3.46\pic18-lt\cxx-framework\src\traditional\stdclib\vfprintf.c
                   __pa_1   0x008e72    program     static E:\3.46\pic18-lt\cxx-framework\src\traditional\stdclib\vfprintf.c
                  __pa_10   0x008f26    program     static E:\3.46\pic18-lt\cxx-framework\src\traditional\stdclib\vfprintf.c
                  __pa_11   0x008f34    program     static E:\3.46\pic18-lt\cxx-framework\src\traditional\stdclib\vfprintf.c
                  __pa_12   0x008f4a    program     static E:\3.46\pic18-lt\cxx-framework\src\traditional\stdclib\vfprintf.c
                  __pa_13   0x008f64    program     static E:\3.46\pic18-lt\cxx-framework\src\traditional\stdclib\vfprintf.c
                  __pa_14   0x008f7c    program     static E:\3.46\pic18-lt\cxx-framework\src\traditional\stdclib\vfprintf.c
                  __pa_15   0x008f8c    program     static E:\3.46\pic18-lt\cxx-framework\src\traditional\stdclib\vfprintf.c
                  __pa_16   0x008fa2    program     static E:\3.46\pic18-lt\cxx-framework\src\traditional\stdclib\vfprintf.c
                  __pa_17   0x008fb4    program     static E:\3.46\pic18-lt\cxx-framework\src\traditional\stdclib\vfprintf.c
                  __pa_18   0x008fc6    program     static E:\3.46\pic18-lt\cxx-framework\src\traditional\stdclib\vfprintf.c
                  __pa_19   0x008fd0    program     static E:\3.46\pic18-lt\cxx-framework\src\traditional\stdclib\vfprintf.c
                   __pa_2   0x008e7c    program     static E:\3.46\pic18-lt\cxx-framework\src\traditional\stdclib\vfprintf.c
                  __pa_20   0x008fe0    program     static E:\3.46\pic18-lt\cxx-framework\src\traditional\stdclib\vfprintf.c
                  __pa_21   0x008ff0    program     static E:\3.46\pic18-lt\cxx-framework\src\traditional\stdclib\vfprintf.c
                  __pa_22   0x009000    program     static E:\3.46\pic18-lt\cxx-framework\src\traditional\stdclib\vfprintf.c
                  __pa_23   0x00900c    program     static E:\3.46\pic18-lt\cxx-framework\src\traditional\stdclib\vfprintf.c
                  __pa_24   0x00901a    program     static E:\3.46\pic18-lt\cxx-framework\src\traditional\stdclib\vfprintf.c
                  __pa_25   0x009022    program     static E:\3.46\pic18-lt\cxx-framework\src\traditional\stdclib\vfprintf.c
                  __pa_26   0x00902c    program     static E:\3.46\pic18-lt\cxx-framework\src\traditional\stdclib\vfprintf.c
                  __pa_27   0x009036    program     static E:\3.46\pic18-lt\cxx-framework\src\traditional\stdclib\vfprintf.c
                  __pa_28   0x00903e    program     static E:\3.46\pic18-lt\cxx-framework\src\traditional\stdclib\vfprintf.c
                  __pa_29   0x00904c    program     static E:\3.46\pic18-lt\cxx-framework\src\traditional\stdclib\vfprintf.c
                   __pa_3   0x008e86    program     static E:\3.46\pic18-lt\cxx-framework\src\traditional\stdclib\vfprintf.c
                  __pa_30   0x009068    program     static E:\3.46\pic18-lt\cxx-framework\src\traditional\stdclib\vfprintf.c
                  __pa_31   0x009082    program     static E:\3.46\pic18-lt\cxx-framework\src\traditional\stdclib\vfprintf.c
                  __pa_32   0x00909c    program     static E:\3.46\pic18-lt\cxx-framework\src\traditional\stdclib\vfprintf.c
                  __pa_33   0x0090b4    program     static E:\3.46\pic18-lt\cxx-framework\src\traditional\stdclib\vfprintf.c
                  __pa_34   0x0090be    program     static E:\3.46\pic18-lt\cxx-framework\src\traditional\stdclib\vfprintf.c
                  __pa_35   0x0090cc    program     static E:\3.46\pic18-lt\cxx-framework\src\traditional\stdclib\vfprintf.c
                  __pa_36   0x0090d4    program     static E:\3.46\pic18-lt\cxx-framework\src\traditional\stdclib\vfprintf.c
                  __pa_37   0x0090de    program     static E:\3.46\pic18-lt\cxx-framework\src\traditional\stdclib\vfprintf.c
                  __pa_38   0x0090ee    program     static E:\3.46\pic18-lt\cxx-framework\src\traditional\stdclib\vfprintf.c
                  __pa_39   0x0090fc    program     static E:\3.46\pic18-lt\cxx-framework\src\traditional\stdclib\vfprintf.c
                   __pa_4   0x008e9e    program     static E:\3.46\pic18-lt\cxx-framework\src\traditional\stdclib\vfprintf.c
                  __pa_40   0x009108    program     static E:\3.46\pic18-lt\cxx-framework\src\traditional\stdclib\vfprintf.c
                  __pa_41   0x009114    program     static E:\3.46\pic18-lt\cxx-framework\src\traditional\stdclib\vfprintf.c
                  __pa_42   0x00911c    program     static E:\3.46\pic18-lt\cxx-framework\src\traditional\stdclib\vfprintf.c
                  __pa_43   0x009126    program     static E:\3.46\pic18-lt\cxx-framework\src\traditional\stdclib\vfprintf.c
                  __pa_44   0x00912c    program     static E:\3.46\pic18-lt\cxx-framework\src\traditional\stdclib\vfprintf.c
                  __pa_45   0x009136    program     static E:\3.46\pic18-lt\cxx-framework\src\traditional\stdclib\vfprintf.c
                  __pa_46   0x009142    program     static E:\3.46\pic18-lt\cxx-framework\src\traditional\stdclib\vfprintf.c
                   __pa_5   0x008eb2    program     static E:\3.46\pic18-lt\cxx-framework\src\traditional\stdclib\vfprintf.c
                   __pa_6   0x008ece    program     static E:\3.46\pic18-lt\cxx-framework\src\traditional\stdclib\vfprintf.c
                   __pa_7   0x008ed8    program     static E:\3.46\pic18-lt\cxx-framework\src\traditional\stdclib\vfprintf.c
                   __pa_8   0x008ee4    program     static E:\3.46\pic18-lt\cxx-framework\src\traditional\stdclib\vfprintf.c
                   __pa_9   0x008f06    program     static E:\3.46\pic18-lt\cxx-framework\src\traditional\stdclib\vfprintf.c
               __string_0   0x00a891    program     static C:\Users\INADEM\MPLABXProjects\MiWi_Rich_Features_Node1.X\RepeaterBoard.c
               __string_0   0x00a640    program     static C:\Users\INADEM\MPLABXProjects\MiWi_Rich_Features_Node1.X\DemoOutput.c
               __string_0   0x00a831    program     static C:\microchip_solutions_v2013-06-15\Microchip\WirelessProtocols\MiWiPRO\MiWiPRO.c
               __string_0   0x00a671    program     static C:\Users\INADEM\MPLABXProjects\MiWi_Rich_Features_Node1.X\HardwareProfile.c
               __string_1   0x00a604    program     static C:\Users\INADEM\MPLABXProjects\MiWi_Rich_Features_Node1.X\DemoOutput.c
               __string_1   0x00a660    program     static C:\Users\INADEM\MPLABXProjects\MiWi_Rich_Features_Node1.X\HardwareProfile.c
               __string_1   0x00a888    program     static C:\Users\INADEM\MPLABXProjects\MiWi_Rich_Features_Node1.X\RepeaterBoard.c
               __string_1   0x00a81c    program     static C:\microchip_solutions_v2013-06-15\Microchip\WirelessProtocols\MiWiPRO\MiWiPRO.c
              __string_10   0x00a747    program     static C:\microchip_solutions_v2013-06-15\Microchip\WirelessProtocols\MiWiPRO\MiWiPRO.c
              __string_10   0x00a513    program     static C:\Users\INADEM\MPLABXProjects\MiWi_Rich_Features_Node1.X\DemoOutput.c
              __string_11   0x00a4d3    program     static C:\Users\INADEM\MPLABXProjects\MiWi_Rich_Features_Node1.X\DemoOutput.c
              __string_11   0x00a73e    program     static C:\microchip_solutions_v2013-06-15\Microchip\WirelessProtocols\MiWiPRO\MiWiPRO.c
              __string_12   0x00a736    program     static C:\microchip_solutions_v2013-06-15\Microchip\WirelessProtocols\MiWiPRO\MiWiPRO.c
              __string_12   0x00a495    program     static C:\Users\INADEM\MPLABXProjects\MiWi_Rich_Features_Node1.X\DemoOutput.c
              __string_13   0x00a453    program     static C:\Users\INADEM\MPLABXProjects\MiWi_Rich_Features_Node1.X\DemoOutput.c
              __string_13   0x00a72b    program     static C:\microchip_solutions_v2013-06-15\Microchip\WirelessProtocols\MiWiPRO\MiWiPRO.c
              __string_14   0x00a726    program     static C:\microchip_solutions_v2013-06-15\Microchip\WirelessProtocols\MiWiPRO\MiWiPRO.c
              __string_14   0x00a411    program     static C:\Users\INADEM\MPLABXProjects\MiWi_Rich_Features_Node1.X\DemoOutput.c
              __string_15   0x00a3d5    program     static C:\Users\INADEM\MPLABXProjects\MiWi_Rich_Features_Node1.X\DemoOutput.c
              __string_15   0x00a723    program     static C:\microchip_solutions_v2013-06-15\Microchip\WirelessProtocols\MiWiPRO\MiWiPRO.c
              __string_16   0x00a3d0    program     static C:\Users\INADEM\MPLABXProjects\MiWi_Rich_Features_Node1.X\DemoOutput.c
              __string_16   0x00a713    program     static C:\microchip_solutions_v2013-06-15\Microchip\WirelessProtocols\MiWiPRO\MiWiPRO.c
              __string_17   0x00a3b0    program     static C:\Users\INADEM\MPLABXProjects\MiWi_Rich_Features_Node1.X\DemoOutput.c
              __string_17   0x00a6e8    program     static C:\microchip_solutions_v2013-06-15\Microchip\WirelessProtocols\MiWiPRO\MiWiPRO.c
              __string_18   0x00a6e5    program     static C:\microchip_solutions_v2013-06-15\Microchip\WirelessProtocols\MiWiPRO\MiWiPRO.c
              __string_18   0x00a392    program     static C:\Users\INADEM\MPLABXProjects\MiWi_Rich_Features_Node1.X\DemoOutput.c
              __string_19   0x00a38f    program     static C:\Users\INADEM\MPLABXProjects\MiWi_Rich_Features_Node1.X\DemoOutput.c
              __string_19   0x00a6ce    program     static C:\microchip_solutions_v2013-06-15\Microchip\WirelessProtocols\MiWiPRO\MiWiPRO.c
               __string_2   0x00a807    program     static C:\microchip_solutions_v2013-06-15\Microchip\WirelessProtocols\MiWiPRO\MiWiPRO.c
               __string_2   0x00a86c    program     static C:\Users\INADEM\MPLABXProjects\MiWi_Rich_Features_Node1.X\RepeaterBoard.c
               __string_2   0x00a5ed    program     static C:\Users\INADEM\MPLABXProjects\MiWi_Rich_Features_Node1.X\DemoOutput.c
              __string_20   0x00a6c3    program     static C:\microchip_solutions_v2013-06-15\Microchip\WirelessProtocols\MiWiPRO\MiWiPRO.c
              __string_20   0x00a370    program     static C:\Users\INADEM\MPLABXProjects\MiWi_Rich_Features_Node1.X\DemoOutput.c
              __string_21   0x00a6c0    program     static C:\microchip_solutions_v2013-06-15\Microchip\WirelessProtocols\MiWiPRO\MiWiPRO.c
              __string_21   0x00a353    program     static C:\Users\INADEM\MPLABXProjects\MiWi_Rich_Features_Node1.X\DemoOutput.c
              __string_22   0x00a6be    program     static C:\microchip_solutions_v2013-06-15\Microchip\WirelessProtocols\MiWiPRO\MiWiPRO.c
              __string_22   0x00a336    program     static C:\Users\INADEM\MPLABXProjects\MiWi_Rich_Features_Node1.X\DemoOutput.c
              __string_23   0x00a6aa    program     static C:\microchip_solutions_v2013-06-15\Microchip\WirelessProtocols\MiWiPRO\MiWiPRO.c
              __string_23   0x00a32d    program     static C:\Users\INADEM\MPLABXProjects\MiWi_Rich_Features_Node1.X\DemoOutput.c
              __string_24   0x00a311    program     static C:\Users\INADEM\MPLABXProjects\MiWi_Rich_Features_Node1.X\DemoOutput.c
              __string_24   0x00a682    program     static C:\microchip_solutions_v2013-06-15\Microchip\WirelessProtocols\MiWiPRO\MiWiPRO.c
              __string_25   0x00a2f7    program     static C:\Users\INADEM\MPLABXProjects\MiWi_Rich_Features_Node1.X\DemoOutput.c
              __string_26   0x00a2f0    program     static C:\Users\INADEM\MPLABXProjects\MiWi_Rich_Features_Node1.X\DemoOutput.c
              __string_27   0x00a2ed    program     static C:\Users\INADEM\MPLABXProjects\MiWi_Rich_Features_Node1.X\DemoOutput.c
              __string_28   0x00a2d5    program     static C:\Users\INADEM\MPLABXProjects\MiWi_Rich_Features_Node1.X\DemoOutput.c
              __string_29   0x00a2a7    program     static C:\Users\INADEM\MPLABXProjects\MiWi_Rich_Features_Node1.X\DemoOutput.c
               __string_3   0x00a852    program     static C:\Users\INADEM\MPLABXProjects\MiWi_Rich_Features_Node1.X\RepeaterBoard.c
               __string_3   0x00a7e5    program     static C:\microchip_solutions_v2013-06-15\Microchip\WirelessProtocols\MiWiPRO\MiWiPRO.c
               __string_3   0x00a5d2    program     static C:\Users\INADEM\MPLABXProjects\MiWi_Rich_Features_Node1.X\DemoOutput.c
              __string_30   0x00a294    program     static C:\Users\INADEM\MPLABXProjects\MiWi_Rich_Features_Node1.X\DemoOutput.c
              __string_31   0x00a284    program     static C:\Users\INADEM\MPLABXProjects\MiWi_Rich_Features_Node1.X\DemoOutput.c
               __string_4   0x00a84b    program     static C:\Users\INADEM\MPLABXProjects\MiWi_Rich_Features_Node1.X\RepeaterBoard.c
               __string_4   0x00a7c7    program     static C:\microchip_solutions_v2013-06-15\Microchip\WirelessProtocols\MiWiPRO\MiWiPRO.c
               __string_4   0x00a5b7    program     static C:\Users\INADEM\MPLABXProjects\MiWi_Rich_Features_Node1.X\DemoOutput.c
               __string_5   0x00a59f    program     static C:\Users\INADEM\MPLABXProjects\MiWi_Rich_Features_Node1.X\DemoOutput.c
               __string_5   0x00a7b7    program     static C:\microchip_solutions_v2013-06-15\Microchip\WirelessProtocols\MiWiPRO\MiWiPRO.c
               __string_5   0x00a848    program     static C:\Users\INADEM\MPLABXProjects\MiWi_Rich_Features_Node1.X\RepeaterBoard.c
               __string_6   0x00a57d    program     static C:\Users\INADEM\MPLABXProjects\MiWi_Rich_Features_Node1.X\DemoOutput.c
               __string_6   0x00a7a8    program     static C:\microchip_solutions_v2013-06-15\Microchip\WirelessProtocols\MiWiPRO\MiWiPRO.c
               __string_7   0x00a79e    program     static C:\microchip_solutions_v2013-06-15\Microchip\WirelessProtocols\MiWiPRO\MiWiPRO.c
               __string_7   0x00a563    program     static C:\Users\INADEM\MPLABXProjects\MiWi_Rich_Features_Node1.X\DemoOutput.c
               __string_8   0x00a792    program     static C:\microchip_solutions_v2013-06-15\Microchip\WirelessProtocols\MiWiPRO\MiWiPRO.c
               __string_8   0x00a549    program     static C:\Users\INADEM\MPLABXProjects\MiWi_Rich_Features_Node1.X\DemoOutput.c
               __string_9   0x00a74a    program     static C:\microchip_solutions_v2013-06-15\Microchip\WirelessProtocols\MiWiPRO\MiWiPRO.c
               __string_9   0x00a52a    program     static C:\Users\INADEM\MPLABXProjects\MiWi_Rich_Features_Node1.X\DemoOutput.c
               __tmplbl_0   0x00bb80    program     static                          
               __tmplbl_0   0x00b95c    program     static                          
               __tmplbl_1   0x00b98e    program     static                          
               __tmplbl_1   0x00bbb2    program     static                          
              __tmplbl_10   0x007fa6    program     static                          
             __tmplbl_100   0x002d0a    program     static                          
             __tmplbl_102   0x002d0a    program     static                          
             __tmplbl_103   0x002d0a    program     static                          
             __tmplbl_106   0x001a76    program     static                          
             __tmplbl_107   0x001a76    program     static                          
             __tmplbl_108   0x001a76    program     static                          
             __tmplbl_109   0x001a76    program     static                          
              __tmplbl_11   0x007f90    program     static                          
             __tmplbl_111   0x001a06    program     static                          
             __tmplbl_112   0x0019cc    program     static                          
             __tmplbl_113   0x0019c6    program     static                          
             __tmplbl_114   0x001972    program     static                          
             __tmplbl_115   0x0018a4    program     static                          
             __tmplbl_116   0x00187c    program     static                          
             __tmplbl_117   0x001808    program     static                          
             __tmplbl_118   0x0017ac    program     static                          
             __tmplbl_119   0x001742    program     static                          
              __tmplbl_12   0x007f8a    program     static                          
             __tmplbl_120   0x0015b2    program     static                          
             __tmplbl_121   0x0012ce    program     static                          
             __tmplbl_122   0x001282    program     static                          
             __tmplbl_123   0x00121a    program     static                          
             __tmplbl_124   0x001056    program     static                          
             __tmplbl_126   0x002d0a    program     static                          
             __tmplbl_128   0x002d0a    program     static                          
             __tmplbl_129   0x002d0a    program     static                          
              __tmplbl_13   0x007fa0    program     static                          
             __tmplbl_133   0x002d0a    program     static                          
             __tmplbl_134   0x002d0a    program     static                          
             __tmplbl_139   0x002d0a    program     static                          
              __tmplbl_14   0x00834c    program     static                          
             __tmplbl_140   0x002d0a    program     static                          
             __tmplbl_141   0x002d0a    program     static                          
             __tmplbl_142   0x002d0a    program     static                          
             __tmplbl_143   0x002982    program     static                          
             __tmplbl_144   0x0020da    program     static                          
             __tmplbl_145   0x002d0a    program     static                          
             __tmplbl_146   0x002d0a    program     static                          
             __tmplbl_149   0x002d0a    program     static                          
              __tmplbl_15   0x00830a    program     static                          
             __tmplbl_150   0x002d0a    program     static                          
             __tmplbl_151   0x0020e0    program     static                          
             __tmplbl_152   0x002d0a    program     static                          
             __tmplbl_153   0x002d0a    program     static                          
             __tmplbl_154   0x0020cc    program     static                          
             __tmplbl_155   0x002d0a    program     static                          
             __tmplbl_156   0x002d0a    program     static                          
             __tmplbl_157   0x002d0a    program     static                          
             __tmplbl_158   0x002d0a    program     static                          
             __tmplbl_159   0x002d0a    program     static                          
              __tmplbl_16   0x0083b2    program     static                          
             __tmplbl_160   0x002d0a    program     static                          
             __tmplbl_161   0x002d0a    program     static                          
             __tmplbl_162   0x002d0a    program     static                          
             __tmplbl_164   0x002d0a    program     static                          
             __tmplbl_165   0x002d0a    program     static                          
             __tmplbl_166   0x002d0a    program     static                          
             __tmplbl_167   0x002d0a    program     static                          
             __tmplbl_168   0x002cca    program     static                          
             __tmplbl_169   0x002cce    program     static                          
              __tmplbl_17   0x008398    program     static                          
             __tmplbl_170   0x002d0a    program     static                          
             __tmplbl_171   0x002d0a    program     static                          
             __tmplbl_172   0x002d0a    program     static                          
             __tmplbl_173   0x002d0a    program     static                          
             __tmplbl_174   0x002d0a    program     static                          
             __tmplbl_175   0x002d0a    program     static                          
             __tmplbl_176   0x002cd4    program     static                          
             __tmplbl_177   0x002644    program     static                          
             __tmplbl_179   0x002d0a    program     static                          
             __tmplbl_180   0x002d0a    program     static                          
             __tmplbl_181   0x002d0a    program     static                          
             __tmplbl_182   0x002d0a    program     static                          
             __tmplbl_184   0x002d0a    program     static                          
               __tmplbl_2   0x009da6    program     static                          
               __tmplbl_2   0x00ba68    program     static                          
               __tmplbl_2   0x00bc8c    program     static                          
               __tmplbl_3   0x009d84    program     static                          
               __tmplbl_3   0x00ba9c    program     static                          
               __tmplbl_3   0x00bcc0    program     static                          
               __tmplbl_4   0x009d70    program     static                          
              __tmplbl_42   0x009000    program     static                          
              __tmplbl_43   0x008e48    program     static                          
              __tmplbl_44   0x008e2e    program     static                          
               __tmplbl_5   0x009d5a    program     static                          
               __tmplbl_8   0x007efa    program     static                          
              __tmplbl_85   0x008580    program     static                          
               __tmplbl_9   0x007ef2    program     static                          
              __tmplbl_94   0x002d14    program     static                          
              __tmplbl_95   0x00347c    program     static                          
              __tmplbl_97   0x001e32    program     static                          
              __tmplbl_98   0x001b6c    program     static                          
              __tmplbl_99   0x002d0a    program     static                          
            __zero_memory   0x00cdf8    program     extern E:\3.46\pic18-lt\cxx-framework\src\traditional\proc\p18f47j13.asm
                _do_cinit   0x00c5d4    program     extern E:\3.46\pic18-lt\cxx-framework\src\traditional\startup\c018i.c
                   _entry   0x000000    program     extern E:\3.46\pic18-lt\cxx-framework\src\traditional\startup\c018i.c
                   _false   0x00cc72    program     static                          
                 _startup   0x00ce18    program     extern E:\3.46\pic18-lt\cxx-framework\src\traditional\startup\c018i.c
              _usart_putc   0x00ce34    program     extern E:\3.46\pic18-lt\cxx-framework\src\pmc_common\USART\_usartpc.asm
               _user_putc   0x000006    program     extern E:\3.46\pic18-lt\cxx-framework\src\traditional\stdclib\_user_putc.c
               baud1USART   0x00cdd6    program     extern E:\3.46\pic18-lt\cxx-framework\src\pmc_common\USART\u1baud.c
               baud2USART   0x00cdb4    program     extern E:\3.46\pic18-lt\cxx-framework\src\pmc_common\USART\u2baud.c
                compare_l   0x00ce0e    program     static E:\3.46\pic18-lt\cxx-framework\src\traditional\proc\p18f47j13.asm
                copy_loop   0x00c646    program     static                          
            copy_one_byte   0x00c64c    program     static                          
                     done   0x00c670    program     static                          
             done_copying   0x00c65a    program     static                          
                  endloop   0x00cd3e    program     static                          
                  endloop   0x00ce66    program     static                          
     findNextNetworkEntry   0x003f2a    program     extern C:\microchip_solutions_v2013-06-15\Microchip\WirelessProtocols\MiWiPRO\MiWiPRO.c
              gau8ModeCKE   0x000012    program     static C:\CodeBank8\bsp\Microchip\spi\spi.c
              gau8ModeCKP   0x00000e    program     static C:\CodeBank8\bsp\Microchip\spi\spi.c
            getReceiverBW   0x007410    program     extern C:\microchip_solutions_v2013-06-15\Microchip\Transceivers\MRF89XA\MRF89XA.c
            isSameAddress   0x004df0    program     extern C:\microchip_solutions_v2013-06-15\Microchip\WirelessProtocols\MiWiPRO\MiWiPRO.c
                  isdigit   0x00cd90    program     extern E:\3.46\pic18-lt\cxx-framework\src\traditional\stdclib\isdigit.asm
                     jEnd   0x00c6c0    program     static E:\3.46\pic18-lt\cxx-framework\src\traditional\stdclib\strlen.asm
                     jEnd   0x00c6f8    program     static E:\3.46\pic18-lt\cxx-framework\src\traditional\stdclib\slenpgm.asm
                     jEnd   0x00c6a4    program     static E:\3.46\pic18-lt\cxx-framework\src\traditional\stdclib\memset.asm
                    jLoop   0x00c6e0    program     static E:\3.46\pic18-lt\cxx-framework\src\traditional\stdclib\slenpgm.asm
                    jLoop   0x00c686    program     static E:\3.46\pic18-lt\cxx-framework\src\traditional\stdclib\memset.asm
                    jLoop   0x00c6b6    program     static E:\3.46\pic18-lt\cxx-framework\src\traditional\stdclib\strlen.asm
                   jMatch   0x00cdb0    program     static E:\3.46\pic18-lt\cxx-framework\src\traditional\stdclib\isdigit.asm
[...]
                   TXSTA2   0x000fa8       data     extern E:\3.46\pic18-lt\cxx-framework\src\traditional\proc\p18f47j13.asm
               TXSTA2bits   0x000fa8       data     extern E:\3.46\pic18-lt\cxx-framework\src\traditional\proc\p18f47j13.asm
                   TXREG2   0x000fa9       data     extern E:\3.46\pic18-lt\cxx-framework\src\traditional\proc\p18f47j13.asm
                   RCREG2   0x000faa       data     extern E:\3.46\pic18-lt\cxx-framework\src\traditional\proc\p18f47j13.asm
                   SPBRG2   0x000fab       data     extern E:\3.46\pic18-lt\cxx-framework\src\traditional\proc\p18f47j13.asm
                RCSTAbits   0x000fac       data     extern E:\3.46\pic18-lt\cxx-framework\src\traditional\proc\p18f47j13.asm
               RCSTA1bits   0x000fac       data     extern E:\3.46\pic18-lt\cxx-framework\src\traditional\proc\p18f47j13.asm
                   RCSTA1   0x000fac       data     extern E:\3.46\pic18-lt\cxx-framework\src\traditional\proc\p18f47j13.asm
                    RCSTA   0x000fac       data     extern E:\3.46\pic18-lt\cxx-framework\src\traditional\proc\p18f47j13.asm
                TXSTAbits   0x000fad       data     extern E:\3.46\pic18-lt\cxx-framework\src\traditional\proc\p18f47j13.asm
                    TXSTA   0x000fad       data     extern E:\3.46\pic18-lt\cxx-framework\src\traditional\proc\p18f47j13.asm
                   TXSTA1   0x000fad       data     extern E:\3.46\pic18-lt\cxx-framework\src\traditional\proc\p18f47j13.asm
               TXSTA1bits   0x000fad       data     extern E:\3.46\pic18-lt\cxx-framework\src\traditional\proc\p18f47j13.asm
                    TXREG   0x000fae       data     extern E:\3.46\pic18-lt\cxx-framework\src\traditional\proc\p18f47j13.asm
                   TXREG1   0x000fae       data     extern E:\3.46\pic18-lt\cxx-framework\src\traditional\proc\p18f47j13.asm
                    RCREG   0x000faf       data     extern E:\3.46\pic18-lt\cxx-framework\src\traditional\proc\p18f47j13.asm
                   RCREG1   0x000faf       data     extern E:\3.46\pic18-lt\cxx-framework\src\traditional\proc\p18f47j13.asm
                    SPBRG   0x000fb0       data     extern E:\3.46\pic18-lt\cxx-framework\src\traditional\proc\p18f47j13.asm
                   SPBRG1   0x000fb0       data     extern E:\3.46\pic18-lt\cxx-framework\src\traditional\proc\p18f47j13.asm
                 CTMUICON   0x000fb1       data     extern E:\3.46\pic18-lt\cxx-framework\src\traditional\proc\p18f47j13.asm
             CTMUICONbits   0x000fb1       data     extern E:\3.46\pic18-lt\cxx-framework\src\traditional\proc\p18f47j13.asm
                 CTMUCONL   0x000fb2       data     extern E:\3.46\pic18-lt\cxx-framework\src\traditional\proc\p18f47j13.asm
             CTMUCONLbits   0x000fb2       data     extern E:\3.46\pic18-lt\cxx-framework\src\traditional\proc\p18f47j13.asm
                 CTMUCONH   0x000fb3       data     extern E:\3.46\pic18-lt\cxx-framework\src\traditional\proc\p18f47j13.asm
             CTMUCONHbits   0x000fb3       data     extern E:\3.46\pic18-lt\cxx-framework\src\traditional\proc\p18f47j13.asm
              CCP2CONbits   0x000fb4       data     extern E:\3.46\pic18-lt\cxx-framework\src\traditional\proc\p18f47j13.asm
                  CCP2CON   0x000fb4       data     extern E:\3.46\pic18-lt\cxx-framework\src\traditional\proc\p18f47j13.asm
             ECCP2CONbits   0x000fb4       data     extern E:\3.46\pic18-lt\cxx-framework\src\traditional\proc\p18f47j13.asm
                 ECCP2CON   0x000fb4       data     extern E:\3.46\pic18-lt\cxx-framework\src\traditional\proc\p18f47j13.asm
                   CCPR2L   0x000fb5       data     extern E:\3.46\pic18-lt\cxx-framework\src\traditional\proc\p18f47j13.asm
                    CCPR2   0x000fb5       data     extern E:\3.46\pic18-lt\cxx-framework\src\traditional\proc\p18f47j13.asm
                   CCPR2H   0x000fb6       data     extern E:\3.46\pic18-lt\cxx-framework\src\traditional\proc\p18f47j13.asm
                 ECCP2DEL   0x000fb7       data     extern E:\3.46\pic18-lt\cxx-framework\src\traditional\proc\p18f47j13.asm
                  PWM2CON   0x000fb7       data     extern E:\3.46\pic18-lt\cxx-framework\src\traditional\proc\p18f47j13.asm
              PWM2CONbits   0x000fb7       data     extern E:\3.46\pic18-lt\cxx-framework\src\traditional\proc\p18f47j13.asm
             ECCP2DELbits   0x000fb7       data     extern E:\3.46\pic18-lt\cxx-framework\src\traditional\proc\p18f47j13.asm
              ECCP2ASbits   0x000fb8       data     extern E:\3.46\pic18-lt\cxx-framework\src\traditional\proc\p18f47j13.asm
                  ECCP2AS   0x000fb8       data     extern E:\3.46\pic18-lt\cxx-framework\src\traditional\proc\p18f47j13.asm
                 PSTR2CON   0x000fb9       data     extern E:\3.46\pic18-lt\cxx-framework\src\traditional\proc\p18f47j13.asm
             PSTR2CONbits   0x000fb9       data     extern E:\3.46\pic18-lt\cxx-framework\src\traditional\proc\p18f47j13.asm
                 ECCP1CON   0x000fba       data     extern E:\3.46\pic18-lt\cxx-framework\src\traditional\proc\p18f47j13.asm
              CCP1CONbits   0x000fba       data     extern E:\3.46\pic18-lt\cxx-framework\src\traditional\proc\p18f47j13.asm
             ECCP1CONbits   0x000fba       data     extern E:\3.46\pic18-lt\cxx-framework\src\traditional\proc\p18f47j13.asm
                  CCP1CON   0x000fba       data     extern E:\3.46\pic18-lt\cxx-framework\src\traditional\proc\p18f47j13.asm
                    CCPR1   0x000fbb       data     extern E:\3.46\pic18-lt\cxx-framework\src\traditional\proc\p18f47j13.asm
                   CCPR1L   0x000fbb       data     extern E:\3.46\pic18-lt\cxx-framework\src\traditional\proc\p18f47j13.asm
                   CCPR1H   0x000fbc       data     extern E:\3.46\pic18-lt\cxx-framework\src\traditional\proc\p18f47j13.asm
                  PWM1CON   0x000fbd       data     extern E:\3.46\pic18-lt\cxx-framework\src\traditional\proc\p18f47j13.asm
              PWM1CONbits   0x000fbd       data     extern E:\3.46\pic18-lt\cxx-framework\src\traditional\proc\p18f47j13.asm
             ECCP1DELbits   0x000fbd       data     extern E:\3.46\pic18-lt\cxx-framework\src\traditional\proc\p18f47j13.asm
                 ECCP1DEL   0x000fbd       data     extern E:\3.46\pic18-lt\cxx-framework\src\traditional\proc\p18f47j13.asm
                  ECCP1AS   0x000fbe       data     extern E:\3.46\pic18-lt\cxx-framework\src\traditional\proc\p18f47j13.asm
              ECCP1ASbits   0x000fbe       data     extern E:\3.46\pic18-lt\cxx-framework\src\traditional\proc\p18f47j13.asm
             PSTR1CONbits   0x000fbf       data     extern E:\3.46\pic18-lt\cxx-framework\src\traditional\proc\p18f47j13.asm
                 PSTR1CON   0x000fbf       data     extern E:\3.46\pic18-lt\cxx-framework\src\traditional\proc\p18f47j13.asm
               WDTCONbits   0x000fc0       data     extern E:\3.46\pic18-lt\cxx-framework\src\traditional\proc\p18f47j13.asm
                   WDTCON   0x000fc0       data     extern E:\3.46\pic18-lt\cxx-framework\src\traditional\proc\p18f47j13.asm
               ADCON1bits   0x000fc1       data     extern E:\3.46\pic18-lt\cxx-framework\src\traditional\proc\p18f47j13.asm
                   ADCON1   0x000fc1       data     extern E:\3.46\pic18-lt\cxx-framework\src\traditional\proc\p18f47j13.asm
                   ADCON0   0x000fc2       data     extern E:\3.46\pic18-lt\cxx-framework\src\traditional\proc\p18f47j13.asm
               ADCON0bits   0x000fc2       data     extern E:\3.46\pic18-lt\cxx-framework\src\traditional\proc\p18f47j13.asm
                    ADRES   0x000fc3       data     extern E:\3.46\pic18-lt\cxx-framework\src\traditional\proc\p18f47j13.asm
                   ADRESL   0x000fc3       data     extern E:\3.46\pic18-lt\cxx-framework\src\traditional\proc\p18f47j13.asm
                   ADRESH   0x000fc4       data     extern E:\3.46\pic18-lt\cxx-framework\src\traditional\proc\p18f47j13.asm
                 SSP1CON2   0x000fc5       data     extern E:\3.46\pic18-lt\cxx-framework\src\traditional\proc\p18f47j13.asm
             SSP1CON2bits   0x000fc5       data     extern E:\3.46\pic18-lt\cxx-framework\src\traditional\proc\p18f47j13.asm
              SSPCON2bits   0x000fc5       data     extern E:\3.46\pic18-lt\cxx-framework\src\traditional\proc\p18f47j13.asm
                  SSPCON2   0x000fc5       data     extern E:\3.46\pic18-lt\cxx-framework\src\traditional\proc\p18f47j13.asm
                 SSP1CON1   0x000fc6       data     extern E:\3.46\pic18-lt\cxx-framework\src\traditional\proc\p18f47j13.asm
             SSP1CON1bits   0x000fc6       data     extern E:\3.46\pic18-lt\cxx-framework\src\traditional\proc\p18f47j13.asm
              SSPCON1bits   0x000fc6       data     extern E:\3.46\pic18-lt\cxx-framework\src\traditional\proc\p18f47j13.asm
                  SSPCON1   0x000fc6       data     extern E:\3.46\pic18-lt\cxx-framework\src\traditional\proc\p18f47j13.asm
              SSPSTATbits   0x000fc7       data     extern E:\3.46\pic18-lt\cxx-framework\src\traditional\proc\p18f47j13.asm
                  SSPSTAT   0x000fc7       data     extern E:\3.46\pic18-lt\cxx-framework\src\traditional\proc\p18f47j13.asm
             SSP1STATbits   0x000fc7       data     extern E:\3.46\pic18-lt\cxx-framework\src\traditional\proc\p18f47j13.asm
                 SSP1STAT   0x000fc7       data     extern E:\3.46\pic18-lt\cxx-framework\src\traditional\proc\p18f47j13.asm
                   SSPADD   0x000fc8       data     extern E:\3.46\pic18-lt\cxx-framework\src\traditional\proc\p18f47j13.asm
              SSP1MSKbits   0x000fc8       data     extern E:\3.46\pic18-lt\cxx-framework\src\traditional\proc\p18f47j13.asm
                  SSP1MSK   0x000fc8       data     extern E:\3.46\pic18-lt\cxx-framework\src\traditional\proc\p18f47j13.asm
                  SSP1ADD   0x000fc8       data     extern E:\3.46\pic18-lt\cxx-framework\src\traditional\proc\p18f47j13.asm
                   SSPBUF   0x000fc9       data     extern E:\3.46\pic18-lt\cxx-framework\src\traditional\proc\p18f47j13.asm
                  SSP1BUF   0x000fc9       data     extern E:\3.46\pic18-lt\cxx-framework\src\traditional\proc\p18f47j13.asm
                    T2CON   0x000fca       data     extern E:\3.46\pic18-lt\cxx-framework\src\traditional\proc\p18f47j13.asm
                T2CONbits   0x000fca       data     extern E:\3.46\pic18-lt\cxx-framework\src\traditional\proc\p18f47j13.asm
                      PR2   0x000fcb       data     extern E:\3.46\pic18-lt\cxx-framework\src\traditional\proc\p18f47j13.asm
                     TMR2   0x000fcc       data     extern E:\3.46\pic18-lt\cxx-framework\src\traditional\proc\p18f47j13.asm
                    T1CON   0x000fcd       data     extern E:\3.46\pic18-lt\cxx-framework\src\traditional\proc\p18f47j13.asm
                T1CONbits   0x000fcd       data     extern E:\3.46\pic18-lt\cxx-framework\src\traditional\proc\p18f47j13.asm
                    TMR1L   0x000fce       data     extern E:\3.46\pic18-lt\cxx-framework\src\traditional\proc\p18f47j13.asm
                    TMR1H   0x000fcf       data     extern E:\3.46\pic18-lt\cxx-framework\src\traditional\proc\p18f47j13.asm
                 RCONbits   0x000fd0       data     extern E:\3.46\pic18-lt\cxx-framework\src\traditional\proc\p18f47j13.asm
                     RCON   0x000fd0       data     extern E:\3.46\pic18-lt\cxx-framework\src\traditional\proc\p18f47j13.asm
                  CM2CON1   0x000fd1       data     extern E:\3.46\pic18-lt\cxx-framework\src\traditional\proc\p18f47j13.asm
                   CM2CON   0x000fd1       data     extern E:\3.46\pic18-lt\cxx-framework\src\traditional\proc\p18f47j13.asm
               CM2CONbits   0x000fd1       data     extern E:\3.46\pic18-lt\cxx-framework\src\traditional\proc\p18f47j13.asm
              CM2CON1bits   0x000fd1       data     extern E:\3.46\pic18-lt\cxx-framework\src\traditional\proc\p18f47j13.asm
                   CM1CON   0x000fd2       data     extern E:\3.46\pic18-lt\cxx-framework\src\traditional\proc\p18f47j13.asm
                  CM1CON1   0x000fd2       data     extern E:\3.46\pic18-lt\cxx-framework\src\traditional\proc\p18f47j13.asm
              CM1CON1bits   0x000fd2       data     extern E:\3.46\pic18-lt\cxx-framework\src\traditional\proc\p18f47j13.asm
               CM1CONbits   0x000fd2       data     extern E:\3.46\pic18-lt\cxx-framework\src\traditional\proc\p18f47j13.asm
                   OSCCON   0x000fd3       data     extern E:\3.46\pic18-lt\cxx-framework\src\traditional\proc\p18f47j13.asm
               OSCCONbits   0x000fd3       data     extern E:\3.46\pic18-lt\cxx-framework\src\traditional\proc\p18f47j13.asm
                T0CONbits   0x000fd5       data     extern E:\3.46\pic18-lt\cxx-framework\src\traditional\proc\p18f47j13.asm
                    T0CON   0x000fd5       data     extern E:\3.46\pic18-lt\cxx-framework\src\traditional\proc\p18f47j13.asm
                    TMR0L   0x000fd6       data     extern E:\3.46\pic18-lt\cxx-framework\src\traditional\proc\p18f47j13.asm
                    TMR0H   0x000fd7       data     extern E:\3.46\pic18-lt\cxx-framework\src\traditional\proc\p18f47j13.asm
               STATUSbits   0x000fd8       data     extern E:\3.46\pic18-lt\cxx-framework\src\traditional\proc\p18f47j13.asm
                   STATUS   0x000fd8       data     extern E:\3.46\pic18-lt\cxx-framework\src\traditional\proc\p18f47j13.asm
                     FSR2   0x000fd9       data     extern E:\3.46\pic18-lt\cxx-framework\src\traditional\proc\p18f47j13.asm
                    FSR2L   0x000fd9       data     extern E:\3.46\pic18-lt\cxx-framework\src\traditional\proc\p18f47j13.asm
                    FSR2H   0x000fda       data     extern E:\3.46\pic18-lt\cxx-framework\src\traditional\proc\p18f47j13.asm
                   PLUSW2   0x000fdb       data     extern E:\3.46\pic18-lt\cxx-framework\src\traditional\proc\p18f47j13.asm
                  PREINC2   0x000fdc       data     extern E:\3.46\pic18-lt\cxx-framework\src\traditional\proc\p18f47j13.asm
                 POSTDEC2   0x000fdd       data     extern E:\3.46\pic18-lt\cxx-framework\src\traditional\proc\p18f47j13.asm
                 POSTINC2   0x000fde       data     extern E:\3.46\pic18-lt\cxx-framework\src\traditional\proc\p18f47j13.asm
                    INDF2   0x000fdf       data     extern E:\3.46\pic18-lt\cxx-framework\src\traditional\proc\p18f47j13.asm
                      BSR   0x000fe0       data     extern E:\3.46\pic18-lt\cxx-framework\src\traditional\proc\p18f47j13.asm
                    FSR1L   0x000fe1       data     extern E:\3.46\pic18-lt\cxx-framework\src\traditional\proc\p18f47j13.asm
                     FSR1   0x000fe1       data     extern E:\3.46\pic18-lt\cxx-framework\src\traditional\proc\p18f47j13.asm
                    FSR1H   0x000fe2       data     extern E:\3.46\pic18-lt\cxx-framework\src\traditional\proc\p18f47j13.asm
                   PLUSW1   0x000fe3       data     extern E:\3.46\pic18-lt\cxx-framework\src\traditional\proc\p18f47j13.asm
                  PREINC1   0x000fe4       data     extern E:\3.46\pic18-lt\cxx-framework\src\traditional\proc\p18f47j13.asm
                 POSTDEC1   0x000fe5       data     extern E:\3.46\pic18-lt\cxx-framework\src\traditional\proc\p18f47j13.asm
                 POSTINC1   0x000fe6       data     extern E:\3.46\pic18-lt\cxx-framework\src\traditional\proc\p18f47j13.asm
                    INDF1   0x000fe7       data     extern E:\3.46\pic18-lt\cxx-framework\src\traditional\proc\p18f47j13.asm
                     WREG   0x000fe8       data     extern E:\3.46\pic18-lt\cxx-framework\src\traditional\proc\p18f47j13.asm
                     FSR0   0x000fe9       data     extern E:\3.46\pic18-lt\cxx-framework\src\traditional\proc\p18f47j13.asm
                    FSR0L   0x000fe9       data     extern E:\3.46\pic18-lt\cxx-framework\src\traditional\proc\p18f47j13.asm
                    FSR0H   0x000fea       data     extern E:\3.46\pic18-lt\cxx-framework\src\traditional\proc\p18f47j13.asm
                   PLUSW0   0x000feb       data     extern E:\3.46\pic18-lt\cxx-framework\src\traditional\proc\p18f47j13.asm
                  PREINC0   0x000fec       data     extern E:\3.46\pic18-lt\cxx-framework\src\traditional\proc\p18f47j13.asm
                 POSTDEC0   0x000fed       data     extern E:\3.46\pic18-lt\cxx-framework\src\traditional\proc\p18f47j13.asm
                 POSTINC0   0x000fee       data     extern E:\3.46\pic18-lt\cxx-framework\src\traditional\proc\p18f47j13.asm
                    INDF0   0x000fef       data     extern E:\3.46\pic18-lt\cxx-framework\src\traditional\proc\p18f47j13.asm
              INTCON3bits   0x000ff0       data     extern E:\3.46\pic18-lt\cxx-framework\src\traditional\proc\p18f47j13.asm
                  INTCON3   0x000ff0       data     extern E:\3.46\pic18-lt\cxx-framework\src\traditional\proc\p18f47j13.asm
              INTCON2bits   0x000ff1       data     extern E:\3.46\pic18-lt\cxx-framework\src\traditional\proc\p18f47j13.asm
                  INTCON2   0x000ff1       data     extern E:\3.46\pic18-lt\cxx-framework\src\traditional\proc\p18f47j13.asm
                   INTCON   0x000ff2       data     extern E:\3.46\pic18-lt\cxx-framework\src\traditional\proc\p18f47j13.asm
               INTCONbits   0x000ff2       data     extern E:\3.46\pic18-lt\cxx-framework\src\traditional\proc\p18f47j13.asm
                     PROD   0x000ff3       data     extern E:\3.46\pic18-lt\cxx-framework\src\traditional\proc\p18f47j13.asm
                    PRODL   0x000ff3       data     extern E:\3.46\pic18-lt\cxx-framework\src\traditional\proc\p18f47j13.asm
                    PRODH   0x000ff4       data     extern E:\3.46\pic18-lt\cxx-framework\src\traditional\proc\p18f47j13.asm
                   TABLAT   0x000ff5       data     extern E:\3.46\pic18-lt\cxx-framework\src\traditional\proc\p18f47j13.asm
                  TBLPTRL   0x000ff6       data     extern E:\3.46\pic18-lt\cxx-framework\src\traditional\proc\p18f47j13.asm
                   TBLPTR   0x000ff6       data     extern E:\3.46\pic18-lt\cxx-framework\src\traditional\proc\p18f47j13.asm
                  TBLPTRH   0x000ff7       data     extern E:\3.46\pic18-lt\cxx-framework\src\traditional\proc\p18f47j13.asm
                  TBLPTRU   0x000ff8       data     extern E:\3.46\pic18-lt\cxx-framework\src\traditional\proc\p18f47j13.asm
                      PCL   0x000ff9       data     extern E:\3.46\pic18-lt\cxx-framework\src\traditional\proc\p18f47j13.asm
                       PC   0x000ff9       data     extern E:\3.46\pic18-lt\cxx-framework\src\traditional\proc\p18f47j13.asm
                   PCLATH   0x000ffa       data     extern E:\3.46\pic18-lt\cxx-framework\src\traditional\proc\p18f47j13.asm
                   PCLATU   0x000ffb       data     extern E:\3.46\pic18-lt\cxx-framework\src\traditional\proc\p18f47j13.asm
               STKPTRbits   0x000ffc       data     extern E:\3.46\pic18-lt\cxx-framework\src\traditional\proc\p18f47j13.asm
                   STKPTR   0x000ffc       data     extern E:\3.46\pic18-lt\cxx-framework\src\traditional\proc\p18f47j13.asm
                      TOS   0x000ffd       data     extern E:\3.46\pic18-lt\cxx-framework\src\traditional\proc\p18f47j13.asm
                     TOSL   0x000ffd       data     extern E:\3.46\pic18-lt\cxx-framework\src\traditional\proc\p18f47j13.asm
                     TOSH   0x000ffe       data     extern E:\3.46\pic18-lt\cxx-framework\src\traditional\proc\p18f47j13.asm
                     TOSU   0x000fff       data     extern E:\3.46\pic18-lt\cxx-framework\src\traditional\proc\p18f47j13.asm


